This is pdfTeX, Version 3.141592653-2.6-1.40.26 (TeX Live 2024) (preloaded format=pdflatex 2024.6.7)  6 APR 2025 21:00
entering extended mode
 restricted \write18 enabled.
 %&-line parsing enabled.
**main.tex
(./main.tex
LaTeX2e <2023-11-01> patch level 1
L3 programming layer <2024-02-20>
(/usr/local/texlive/2024/texmf-dist/tex/latex/base/article.cls
Document Class: article 2023/05/17 v1.4n Standard LaTeX document class
(/usr/local/texlive/2024/texmf-dist/tex/latex/base/size10.clo
File: size10.clo 2023/05/17 v1.4n Standard LaTeX file (size option)
)
\c@part=\count188
\c@section=\count189
\c@subsection=\count190
\c@subsubsection=\count191
\c@paragraph=\count192
\c@subparagraph=\count193
\c@figure=\count194
\c@table=\count195
\abovecaptionskip=\skip48
\belowcaptionskip=\skip49
\bibindent=\dimen140
)
(/usr/local/texlive/2024/texmf-dist/tex/latex/graphics/graphicx.sty
Package: graphicx 2021/09/16 v1.2d Enhanced LaTeX Graphics (DPC,SPQR)

(/usr/local/texlive/2024/texmf-dist/tex/latex/graphics/keyval.sty
Package: keyval 2022/05/29 v1.15 key=value parser (DPC)
\KV@toks@=\toks17
)
(/usr/local/texlive/2024/texmf-dist/tex/latex/graphics/graphics.sty
Package: graphics 2022/03/10 v1.4e Standard LaTeX Graphics (DPC,SPQR)

(/usr/local/texlive/2024/texmf-dist/tex/latex/graphics/trig.sty
Package: trig 2021/08/11 v1.11 sin cos tan (DPC)
)
(/usr/local/texlive/2024/texmf-dist/tex/latex/graphics-cfg/graphics.cfg
File: graphics.cfg 2016/06/04 v1.11 sample graphics configuration
)
Package graphics Info: Driver file: pdftex.def on input line 107.

(/usr/local/texlive/2024/texmf-dist/tex/latex/graphics-def/pdftex.def
File: pdftex.def 2022/09/22 v1.2b Graphics/color driver for pdftex
))
\Gin@req@height=\dimen141
\Gin@req@width=\dimen142
)
(/usr/local/texlive/2024/texmf-dist/tex/latex/blindtext/blindtext.sty
Package: blindtext 2012/01/06 V2.0 blindtext-Package

(/usr/local/texlive/2024/texmf-dist/tex/latex/tools/xspace.sty
Package: xspace 2014/10/28 v1.13 Space after command names (DPC,MH)
)
\c@blindtext=\count196
\c@Blindtext=\count197
\c@blind@countparstart=\count198
\blind@countxx=\count199
\blindtext@numBlindtext=\count266
\blind@countyy=\count267
\c@blindlist=\count268
\c@blindlistlevel=\count269
\c@blindlist@level=\count270
\blind@listitem=\count271
\c@blind@listcount=\count272
\c@blind@levelcount=\count273
\blind@mathformula=\count274
\blind@Mathformula=\count275
\c@blind@randomcount=\count276
\c@blind@randommax=\count277
\c@blind@pangramcount=\count278
\c@blind@pangrammax=\count279
)
(/usr/local/texlive/2024/texmf-dist/tex/latex/titlesec/titlesec.sty
Package: titlesec 2023/10/27 v2.16 Sectioning titles
\ttl@box=\box51
\beforetitleunit=\skip50
\aftertitleunit=\skip51
\ttl@plus=\dimen143
\ttl@minus=\dimen144
\ttl@toksa=\toks18
\titlewidth=\dimen145
\titlewidthlast=\dimen146
\titlewidthfirst=\dimen147
)
(/usr/local/texlive/2024/texmf-dist/tex/latex/xcolor/xcolor.sty
Package: xcolor 2023/11/15 v3.01 LaTeX color extensions (UK)

(/usr/local/texlive/2024/texmf-dist/tex/latex/graphics-cfg/color.cfg
File: color.cfg 2016/01/02 v1.6 sample color configuration
)
Package xcolor Info: Driver file: pdftex.def on input line 274.

(/usr/local/texlive/2024/texmf-dist/tex/latex/graphics/mathcolor.ltx)
Package xcolor Info: Model `cmy' substituted by `cmy0' on input line 1350.
Package xcolor Info: Model `hsb' substituted by `rgb' on input line 1354.
Package xcolor Info: Model `RGB' extended on input line 1366.
Package xcolor Info: Model `HTML' substituted by `rgb' on input line 1368.
Package xcolor Info: Model `Hsb' substituted by `hsb' on input line 1369.
Package xcolor Info: Model `tHsb' substituted by `hsb' on input line 1370.
Package xcolor Info: Model `HSB' substituted by `hsb' on input line 1371.
Package xcolor Info: Model `Gray' substituted by `gray' on input line 1372.
Package xcolor Info: Model `wave' substituted by `hsb' on input line 1373.
)
(/usr/local/texlive/2024/texmf-dist/tex/latex/graphics/dvipsnam.def
File: dvipsnam.def 2016/06/17 v3.0m Driver-dependent file (DPC,SPQR)
)
(/usr/local/texlive/2024/texmf-dist/tex/latex/geometry/geometry.sty
Package: geometry 2020/01/02 v5.9 Page Geometry

(/usr/local/texlive/2024/texmf-dist/tex/generic/iftex/ifvtex.sty
Package: ifvtex 2019/10/25 v1.7 ifvtex legacy package. Use iftex instead.

(/usr/local/texlive/2024/texmf-dist/tex/generic/iftex/iftex.sty
Package: iftex 2022/02/03 v1.0f TeX engine tests
))
\Gm@cnth=\count280
\Gm@cntv=\count281
\c@Gm@tempcnt=\count282
\Gm@bindingoffset=\dimen148
\Gm@wd@mp=\dimen149
\Gm@odd@mp=\dimen150
\Gm@even@mp=\dimen151
\Gm@layoutwidth=\dimen152
\Gm@layoutheight=\dimen153
\Gm@layouthoffset=\dimen154
\Gm@layoutvoffset=\dimen155
\Gm@dimlist=\toks19
)
(/usr/local/texlive/2024/texmf-dist/tex/latex/pgf/frontendlayer/tikz.sty
(/usr/local/texlive/2024/texmf-dist/tex/latex/pgf/basiclayer/pgf.sty
(/usr/local/texlive/2024/texmf-dist/tex/latex/pgf/utilities/pgfrcs.sty
(/usr/local/texlive/2024/texmf-dist/tex/generic/pgf/utilities/pgfutil-common.te
x
\pgfutil@everybye=\toks20
\pgfutil@tempdima=\dimen156
\pgfutil@tempdimb=\dimen157
)
(/usr/local/texlive/2024/texmf-dist/tex/generic/pgf/utilities/pgfutil-latex.def
\pgfutil@abb=\box52
) (/usr/local/texlive/2024/texmf-dist/tex/generic/pgf/utilities/pgfrcs.code.tex
(/usr/local/texlive/2024/texmf-dist/tex/generic/pgf/pgf.revision.tex)
Package: pgfrcs 2023-01-15 v3.1.10 (3.1.10)
))
Package: pgf 2023-01-15 v3.1.10 (3.1.10)

(/usr/local/texlive/2024/texmf-dist/tex/latex/pgf/basiclayer/pgfcore.sty
(/usr/local/texlive/2024/texmf-dist/tex/latex/pgf/systemlayer/pgfsys.sty
(/usr/local/texlive/2024/texmf-dist/tex/generic/pgf/systemlayer/pgfsys.code.tex
Package: pgfsys 2023-01-15 v3.1.10 (3.1.10)
(/usr/local/texlive/2024/texmf-dist/tex/generic/pgf/utilities/pgfkeys.code.tex
\pgfkeys@pathtoks=\toks21
\pgfkeys@temptoks=\toks22

(/usr/local/texlive/2024/texmf-dist/tex/generic/pgf/utilities/pgfkeyslibraryfil
tered.code.tex
\pgfkeys@tmptoks=\toks23
))
\pgf@x=\dimen158
\pgf@y=\dimen159
\pgf@xa=\dimen160
\pgf@ya=\dimen161
\pgf@xb=\dimen162
\pgf@yb=\dimen163
\pgf@xc=\dimen164
\pgf@yc=\dimen165
\pgf@xd=\dimen166
\pgf@yd=\dimen167
\w@pgf@writea=\write3
\r@pgf@reada=\read2
\c@pgf@counta=\count283
\c@pgf@countb=\count284
\c@pgf@countc=\count285
\c@pgf@countd=\count286
\t@pgf@toka=\toks24
\t@pgf@tokb=\toks25
\t@pgf@tokc=\toks26
\pgf@sys@id@count=\count287

(/usr/local/texlive/2024/texmf-dist/tex/generic/pgf/systemlayer/pgf.cfg
File: pgf.cfg 2023-01-15 v3.1.10 (3.1.10)
)
Driver file for pgf: pgfsys-pdftex.def

(/usr/local/texlive/2024/texmf-dist/tex/generic/pgf/systemlayer/pgfsys-pdftex.d
ef
File: pgfsys-pdftex.def 2023-01-15 v3.1.10 (3.1.10)

(/usr/local/texlive/2024/texmf-dist/tex/generic/pgf/systemlayer/pgfsys-common-p
df.def
File: pgfsys-common-pdf.def 2023-01-15 v3.1.10 (3.1.10)
)))
(/usr/local/texlive/2024/texmf-dist/tex/generic/pgf/systemlayer/pgfsyssoftpath.
code.tex
File: pgfsyssoftpath.code.tex 2023-01-15 v3.1.10 (3.1.10)
\pgfsyssoftpath@smallbuffer@items=\count288
\pgfsyssoftpath@bigbuffer@items=\count289
)
(/usr/local/texlive/2024/texmf-dist/tex/generic/pgf/systemlayer/pgfsysprotocol.
code.tex
File: pgfsysprotocol.code.tex 2023-01-15 v3.1.10 (3.1.10)
))
(/usr/local/texlive/2024/texmf-dist/tex/generic/pgf/basiclayer/pgfcore.code.tex
Package: pgfcore 2023-01-15 v3.1.10 (3.1.10)
(/usr/local/texlive/2024/texmf-dist/tex/generic/pgf/math/pgfmath.code.tex
(/usr/local/texlive/2024/texmf-dist/tex/generic/pgf/math/pgfmathutil.code.tex)
(/usr/local/texlive/2024/texmf-dist/tex/generic/pgf/math/pgfmathparser.code.tex
\pgfmath@dimen=\dimen168
\pgfmath@count=\count290
\pgfmath@box=\box53
\pgfmath@toks=\toks27
\pgfmath@stack@operand=\toks28
\pgfmath@stack@operation=\toks29
)
(/usr/local/texlive/2024/texmf-dist/tex/generic/pgf/math/pgfmathfunctions.code.
tex)
(/usr/local/texlive/2024/texmf-dist/tex/generic/pgf/math/pgfmathfunctions.basic
.code.tex)
(/usr/local/texlive/2024/texmf-dist/tex/generic/pgf/math/pgfmathfunctions.trigo
nometric.code.tex)
(/usr/local/texlive/2024/texmf-dist/tex/generic/pgf/math/pgfmathfunctions.rando
m.code.tex)
(/usr/local/texlive/2024/texmf-dist/tex/generic/pgf/math/pgfmathfunctions.compa
rison.code.tex)
(/usr/local/texlive/2024/texmf-dist/tex/generic/pgf/math/pgfmathfunctions.base.
code.tex)
(/usr/local/texlive/2024/texmf-dist/tex/generic/pgf/math/pgfmathfunctions.round
.code.tex)
(/usr/local/texlive/2024/texmf-dist/tex/generic/pgf/math/pgfmathfunctions.misc.
code.tex)
(/usr/local/texlive/2024/texmf-dist/tex/generic/pgf/math/pgfmathfunctions.integ
erarithmetics.code.tex)
(/usr/local/texlive/2024/texmf-dist/tex/generic/pgf/math/pgfmathcalc.code.tex)
(/usr/local/texlive/2024/texmf-dist/tex/generic/pgf/math/pgfmathfloat.code.tex
\c@pgfmathroundto@lastzeros=\count291
)) (/usr/local/texlive/2024/texmf-dist/tex/generic/pgf/math/pgfint.code.tex)
(/usr/local/texlive/2024/texmf-dist/tex/generic/pgf/basiclayer/pgfcorepoints.co
de.tex
File: pgfcorepoints.code.tex 2023-01-15 v3.1.10 (3.1.10)
\pgf@picminx=\dimen169
\pgf@picmaxx=\dimen170
\pgf@picminy=\dimen171
\pgf@picmaxy=\dimen172
\pgf@pathminx=\dimen173
\pgf@pathmaxx=\dimen174
\pgf@pathminy=\dimen175
\pgf@pathmaxy=\dimen176
\pgf@xx=\dimen177
\pgf@xy=\dimen178
\pgf@yx=\dimen179
\pgf@yy=\dimen180
\pgf@zx=\dimen181
\pgf@zy=\dimen182
)
(/usr/local/texlive/2024/texmf-dist/tex/generic/pgf/basiclayer/pgfcorepathconst
ruct.code.tex
File: pgfcorepathconstruct.code.tex 2023-01-15 v3.1.10 (3.1.10)
\pgf@path@lastx=\dimen183
\pgf@path@lasty=\dimen184
)
(/usr/local/texlive/2024/texmf-dist/tex/generic/pgf/basiclayer/pgfcorepathusage
.code.tex
File: pgfcorepathusage.code.tex 2023-01-15 v3.1.10 (3.1.10)
\pgf@shorten@end@additional=\dimen185
\pgf@shorten@start@additional=\dimen186
)
(/usr/local/texlive/2024/texmf-dist/tex/generic/pgf/basiclayer/pgfcorescopes.co
de.tex
File: pgfcorescopes.code.tex 2023-01-15 v3.1.10 (3.1.10)
\pgfpic=\box54
\pgf@hbox=\box55
\pgf@layerbox@main=\box56
\pgf@picture@serial@count=\count292
)
(/usr/local/texlive/2024/texmf-dist/tex/generic/pgf/basiclayer/pgfcoregraphicst
ate.code.tex
File: pgfcoregraphicstate.code.tex 2023-01-15 v3.1.10 (3.1.10)
\pgflinewidth=\dimen187
)
(/usr/local/texlive/2024/texmf-dist/tex/generic/pgf/basiclayer/pgfcoretransform
ations.code.tex
File: pgfcoretransformations.code.tex 2023-01-15 v3.1.10 (3.1.10)
\pgf@pt@x=\dimen188
\pgf@pt@y=\dimen189
\pgf@pt@temp=\dimen190
)
(/usr/local/texlive/2024/texmf-dist/tex/generic/pgf/basiclayer/pgfcorequick.cod
e.tex
File: pgfcorequick.code.tex 2023-01-15 v3.1.10 (3.1.10)
)
(/usr/local/texlive/2024/texmf-dist/tex/generic/pgf/basiclayer/pgfcoreobjects.c
ode.tex
File: pgfcoreobjects.code.tex 2023-01-15 v3.1.10 (3.1.10)
)
(/usr/local/texlive/2024/texmf-dist/tex/generic/pgf/basiclayer/pgfcorepathproce
ssing.code.tex
File: pgfcorepathprocessing.code.tex 2023-01-15 v3.1.10 (3.1.10)
)
(/usr/local/texlive/2024/texmf-dist/tex/generic/pgf/basiclayer/pgfcorearrows.co
de.tex
File: pgfcorearrows.code.tex 2023-01-15 v3.1.10 (3.1.10)
\pgfarrowsep=\dimen191
)
(/usr/local/texlive/2024/texmf-dist/tex/generic/pgf/basiclayer/pgfcoreshade.cod
e.tex
File: pgfcoreshade.code.tex 2023-01-15 v3.1.10 (3.1.10)
\pgf@max=\dimen192
\pgf@sys@shading@range@num=\count293
\pgf@shadingcount=\count294
)
(/usr/local/texlive/2024/texmf-dist/tex/generic/pgf/basiclayer/pgfcoreimage.cod
e.tex
File: pgfcoreimage.code.tex 2023-01-15 v3.1.10 (3.1.10)
)
(/usr/local/texlive/2024/texmf-dist/tex/generic/pgf/basiclayer/pgfcoreexternal.
code.tex
File: pgfcoreexternal.code.tex 2023-01-15 v3.1.10 (3.1.10)
\pgfexternal@startupbox=\box57
)
(/usr/local/texlive/2024/texmf-dist/tex/generic/pgf/basiclayer/pgfcorelayers.co
de.tex
File: pgfcorelayers.code.tex 2023-01-15 v3.1.10 (3.1.10)
)
(/usr/local/texlive/2024/texmf-dist/tex/generic/pgf/basiclayer/pgfcoretranspare
ncy.code.tex
File: pgfcoretransparency.code.tex 2023-01-15 v3.1.10 (3.1.10)
)
(/usr/local/texlive/2024/texmf-dist/tex/generic/pgf/basiclayer/pgfcorepatterns.
code.tex
File: pgfcorepatterns.code.tex 2023-01-15 v3.1.10 (3.1.10)
)
(/usr/local/texlive/2024/texmf-dist/tex/generic/pgf/basiclayer/pgfcorerdf.code.
tex
File: pgfcorerdf.code.tex 2023-01-15 v3.1.10 (3.1.10)
)))
(/usr/local/texlive/2024/texmf-dist/tex/generic/pgf/modules/pgfmoduleshapes.cod
e.tex
File: pgfmoduleshapes.code.tex 2023-01-15 v3.1.10 (3.1.10)
\pgfnodeparttextbox=\box58
)
(/usr/local/texlive/2024/texmf-dist/tex/generic/pgf/modules/pgfmoduleplot.code.
tex
File: pgfmoduleplot.code.tex 2023-01-15 v3.1.10 (3.1.10)
)
(/usr/local/texlive/2024/texmf-dist/tex/latex/pgf/compatibility/pgfcomp-version
-0-65.sty
Package: pgfcomp-version-0-65 2023-01-15 v3.1.10 (3.1.10)
\pgf@nodesepstart=\dimen193
\pgf@nodesepend=\dimen194
)
(/usr/local/texlive/2024/texmf-dist/tex/latex/pgf/compatibility/pgfcomp-version
-1-18.sty
Package: pgfcomp-version-1-18 2023-01-15 v3.1.10 (3.1.10)
))
(/usr/local/texlive/2024/texmf-dist/tex/latex/pgf/utilities/pgffor.sty
(/usr/local/texlive/2024/texmf-dist/tex/latex/pgf/utilities/pgfkeys.sty
(/usr/local/texlive/2024/texmf-dist/tex/generic/pgf/utilities/pgfkeys.code.tex)
) (/usr/local/texlive/2024/texmf-dist/tex/latex/pgf/math/pgfmath.sty
(/usr/local/texlive/2024/texmf-dist/tex/generic/pgf/math/pgfmath.code.tex))
(/usr/local/texlive/2024/texmf-dist/tex/generic/pgf/utilities/pgffor.code.tex
Package: pgffor 2023-01-15 v3.1.10 (3.1.10)
\pgffor@iter=\dimen195
\pgffor@skip=\dimen196
\pgffor@stack=\toks30
\pgffor@toks=\toks31
))
(/usr/local/texlive/2024/texmf-dist/tex/generic/pgf/frontendlayer/tikz/tikz.cod
e.tex
Package: tikz 2023-01-15 v3.1.10 (3.1.10)

(/usr/local/texlive/2024/texmf-dist/tex/generic/pgf/libraries/pgflibraryplothan
dlers.code.tex
File: pgflibraryplothandlers.code.tex 2023-01-15 v3.1.10 (3.1.10)
\pgf@plot@mark@count=\count295
\pgfplotmarksize=\dimen197
)
\tikz@lastx=\dimen198
\tikz@lasty=\dimen199
\tikz@lastxsaved=\dimen256
\tikz@lastysaved=\dimen257
\tikz@lastmovetox=\dimen258
\tikz@lastmovetoy=\dimen259
\tikzleveldistance=\dimen260
\tikzsiblingdistance=\dimen261
\tikz@figbox=\box59
\tikz@figbox@bg=\box60
\tikz@tempbox=\box61
\tikz@tempbox@bg=\box62
\tikztreelevel=\count296
\tikznumberofchildren=\count297
\tikznumberofcurrentchild=\count298
\tikz@fig@count=\count299

(/usr/local/texlive/2024/texmf-dist/tex/generic/pgf/modules/pgfmodulematrix.cod
e.tex
File: pgfmodulematrix.code.tex 2023-01-15 v3.1.10 (3.1.10)
\pgfmatrixcurrentrow=\count300
\pgfmatrixcurrentcolumn=\count301
\pgf@matrix@numberofcolumns=\count302
)
\tikz@expandcount=\count303

(/usr/local/texlive/2024/texmf-dist/tex/generic/pgf/frontendlayer/tikz/librarie
s/tikzlibrarytopaths.code.tex
File: tikzlibrarytopaths.code.tex 2023-01-15 v3.1.10 (3.1.10)
)))
(/usr/local/texlive/2024/texmf-dist/tex/generic/pgf/frontendlayer/tikz/librarie
s/tikzlibraryshapes.geometric.code.tex
File: tikzlibraryshapes.geometric.code.tex 2023-01-15 v3.1.10 (3.1.10)

(/usr/local/texlive/2024/texmf-dist/tex/generic/pgf/libraries/shapes/pgflibrary
shapes.geometric.code.tex
File: pgflibraryshapes.geometric.code.tex 2023-01-15 v3.1.10 (3.1.10)
))
(/usr/local/texlive/2024/texmf-dist/tex/generic/pgf/libraries/pgflibraryarrows.
meta.code.tex
File: pgflibraryarrows.meta.code.tex 2023-01-15 v3.1.10 (3.1.10)
\pgfarrowinset=\dimen262
\pgfarrowlength=\dimen263
\pgfarrowwidth=\dimen264
\pgfarrowlinewidth=\dimen265
)
(/usr/local/texlive/2024/texmf-dist/tex/generic/pgf/frontendlayer/tikz/librarie
s/tikzlibrarypositioning.code.tex
File: tikzlibrarypositioning.code.tex 2023-01-15 v3.1.10 (3.1.10)
)
(/usr/local/texlive/2024/texmf-dist/tex/latex/adjustbox/adjustbox.sty
Package: adjustbox 2022/10/17 v1.3a Adjusting TeX boxes (trim, clip, ...)

(/usr/local/texlive/2024/texmf-dist/tex/latex/xkeyval/xkeyval.sty
Package: xkeyval 2022/06/16 v2.9 package option processing (HA)

(/usr/local/texlive/2024/texmf-dist/tex/generic/xkeyval/xkeyval.tex
(/usr/local/texlive/2024/texmf-dist/tex/generic/xkeyval/xkvutils.tex
\XKV@toks=\toks32
\XKV@tempa@toks=\toks33
)
\XKV@depth=\count304
File: xkeyval.tex 2014/12/03 v2.7a key=value parser (HA)
))
(/usr/local/texlive/2024/texmf-dist/tex/latex/adjustbox/adjcalc.sty
Package: adjcalc 2012/05/16 v1.1 Provides advanced setlength with multiple back
-ends (calc, etex, pgfmath)
)
(/usr/local/texlive/2024/texmf-dist/tex/latex/adjustbox/trimclip.sty
Package: trimclip 2020/08/19 v1.2 Trim and clip general TeX material

(/usr/local/texlive/2024/texmf-dist/tex/latex/collectbox/collectbox.sty
Package: collectbox 2022/10/17 v0.4c Collect macro arguments as boxes
\collectedbox=\box63
)
\tc@llx=\dimen266
\tc@lly=\dimen267
\tc@urx=\dimen268
\tc@ury=\dimen269
Package trimclip Info: Using driver 'tc-pdftex.def'.

(/usr/local/texlive/2024/texmf-dist/tex/latex/adjustbox/tc-pdftex.def
File: tc-pdftex.def 2019/01/04 v2.2 Clipping driver for pdftex
))
\adjbox@Width=\dimen270
\adjbox@Height=\dimen271
\adjbox@Depth=\dimen272
\adjbox@Totalheight=\dimen273
\adjbox@pwidth=\dimen274
\adjbox@pheight=\dimen275
\adjbox@pdepth=\dimen276
\adjbox@ptotalheight=\dimen277

(/usr/local/texlive/2024/texmf-dist/tex/latex/ifoddpage/ifoddpage.sty
Package: ifoddpage 2022/10/18 v1.2 Conditionals for odd/even page detection
\c@checkoddpage=\count305
)
(/usr/local/texlive/2024/texmf-dist/tex/latex/varwidth/varwidth.sty
Package: varwidth 2009/03/30 ver 0.92;  Variable-width minipages
\@vwid@box=\box64
\sift@deathcycles=\count306
\@vwid@loff=\dimen278
\@vwid@roff=\dimen279
))
(/usr/local/texlive/2024/texmf-dist/tex/latex/amsmath/amsmath.sty
Package: amsmath 2023/05/13 v2.17o AMS math features
\@mathmargin=\skip52

For additional information on amsmath, use the `?' option.
(/usr/local/texlive/2024/texmf-dist/tex/latex/amsmath/amstext.sty
Package: amstext 2021/08/26 v2.01 AMS text

(/usr/local/texlive/2024/texmf-dist/tex/latex/amsmath/amsgen.sty
File: amsgen.sty 1999/11/30 v2.0 generic functions
\@emptytoks=\toks34
\ex@=\dimen280
))
(/usr/local/texlive/2024/texmf-dist/tex/latex/amsmath/amsbsy.sty
Package: amsbsy 1999/11/29 v1.2d Bold Symbols
\pmbraise@=\dimen281
)
(/usr/local/texlive/2024/texmf-dist/tex/latex/amsmath/amsopn.sty
Package: amsopn 2022/04/08 v2.04 operator names
)
\inf@bad=\count307
LaTeX Info: Redefining \frac on input line 234.
\uproot@=\count308
\leftroot@=\count309
LaTeX Info: Redefining \overline on input line 399.
LaTeX Info: Redefining \colon on input line 410.
\classnum@=\count310
\DOTSCASE@=\count311
LaTeX Info: Redefining \ldots on input line 496.
LaTeX Info: Redefining \dots on input line 499.
LaTeX Info: Redefining \cdots on input line 620.
\Mathstrutbox@=\box65
\strutbox@=\box66
LaTeX Info: Redefining \big on input line 722.
LaTeX Info: Redefining \Big on input line 723.
LaTeX Info: Redefining \bigg on input line 724.
LaTeX Info: Redefining \Bigg on input line 725.
\big@size=\dimen282
LaTeX Font Info:    Redeclaring font encoding OML on input line 743.
LaTeX Font Info:    Redeclaring font encoding OMS on input line 744.
\macc@depth=\count312
LaTeX Info: Redefining \bmod on input line 905.
LaTeX Info: Redefining \pmod on input line 910.
LaTeX Info: Redefining \smash on input line 940.
LaTeX Info: Redefining \relbar on input line 970.
LaTeX Info: Redefining \Relbar on input line 971.
\c@MaxMatrixCols=\count313
\dotsspace@=\muskip16
\c@parentequation=\count314
\dspbrk@lvl=\count315
\tag@help=\toks35
\row@=\count316
\column@=\count317
\maxfields@=\count318
\andhelp@=\toks36
\eqnshift@=\dimen283
\alignsep@=\dimen284
\tagshift@=\dimen285
\tagwidth@=\dimen286
\totwidth@=\dimen287
\lineht@=\dimen288
\@envbody=\toks37
\multlinegap=\skip53
\multlinetaggap=\skip54
\mathdisplay@stack=\toks38
LaTeX Info: Redefining \[ on input line 2953.
LaTeX Info: Redefining \] on input line 2954.
)
(/usr/local/texlive/2024/texmf-dist/tex/latex/amsfonts/amssymb.sty
Package: amssymb 2013/01/14 v3.01 AMS font symbols

(/usr/local/texlive/2024/texmf-dist/tex/latex/amsfonts/amsfonts.sty
Package: amsfonts 2013/01/14 v3.01 Basic AMSFonts support
\symAMSa=\mathgroup4
\symAMSb=\mathgroup5
LaTeX Font Info:    Redeclaring math symbol \hbar on input line 98.
LaTeX Font Info:    Overwriting math alphabet `\mathfrak' in version `bold'
(Font)                  U/euf/m/n --> U/euf/b/n on input line 106.
))
(/usr/local/texlive/2024/texmf-dist/tex/latex/cancel/cancel.sty
Package: cancel 2013/04/12 v2.2 Cancel math terms
)
(/usr/local/texlive/2024/texmf-dist/tex/latex/caption/caption.sty
Package: caption 2023/08/05 v3.6o Customizing captions (AR)

(/usr/local/texlive/2024/texmf-dist/tex/latex/caption/caption3.sty
Package: caption3 2023/07/31 v2.4d caption3 kernel (AR)
\caption@tempdima=\dimen289
\captionmargin=\dimen290
\caption@leftmargin=\dimen291
\caption@rightmargin=\dimen292
\caption@width=\dimen293
\caption@indent=\dimen294
\caption@parindent=\dimen295
\caption@hangindent=\dimen296
Package caption Info: Standard document class detected.
)
\c@caption@flags=\count319
\c@continuedfloat=\count320
)
(/usr/local/texlive/2024/texmf-dist/tex/latex/caption/subcaption.sty
Package: subcaption 2023/07/28 v1.6b Sub-captions (AR)
Package caption Info: New subtype `subfigure' on input line 238.
\c@subfigure=\count321
Package caption Info: New subtype `subtable' on input line 238.
\c@subtable=\count322
)
(/usr/local/texlive/2024/texmf-dist/tex/latex/float/float.sty
Package: float 2001/11/08 v1.3d Float enhancements (AL)
\c@float@type=\count323
\float@exts=\toks39
\float@box=\box67
\@float@everytoks=\toks40
\@floatcapt=\box68
)
(/usr/local/texlive/2024/texmf-dist/tex/latex/enumitem/enumitem.sty
Package: enumitem 2019/06/20 v3.9 Customized lists
\labelindent=\skip55
\enit@outerparindent=\dimen297
\enit@toks=\toks41
\enit@inbox=\box69
\enit@count@id=\count324
\enitdp@description=\count325
)
(/usr/local/texlive/2024/texmf-dist/tex/latex/hyperref/hyperref.sty
Package: hyperref 2024-01-20 v7.01h Hypertext links for LaTeX

(/usr/local/texlive/2024/texmf-dist/tex/latex/kvsetkeys/kvsetkeys.sty
Package: kvsetkeys 2022-10-05 v1.19 Key value parser (HO)
)
(/usr/local/texlive/2024/texmf-dist/tex/generic/kvdefinekeys/kvdefinekeys.sty
Package: kvdefinekeys 2019-12-19 v1.6 Define keys (HO)
)
(/usr/local/texlive/2024/texmf-dist/tex/generic/pdfescape/pdfescape.sty
Package: pdfescape 2019/12/09 v1.15 Implements pdfTeX's escape features (HO)

(/usr/local/texlive/2024/texmf-dist/tex/generic/ltxcmds/ltxcmds.sty
Package: ltxcmds 2023-12-04 v1.26 LaTeX kernel commands for general use (HO)
)
(/usr/local/texlive/2024/texmf-dist/tex/generic/pdftexcmds/pdftexcmds.sty
Package: pdftexcmds 2020-06-27 v0.33 Utility functions of pdfTeX for LuaTeX (HO
)

(/usr/local/texlive/2024/texmf-dist/tex/generic/infwarerr/infwarerr.sty
Package: infwarerr 2019/12/03 v1.5 Providing info/warning/error messages (HO)
)
Package pdftexcmds Info: \pdf@primitive is available.
Package pdftexcmds Info: \pdf@ifprimitive is available.
Package pdftexcmds Info: \pdfdraftmode found.
))
(/usr/local/texlive/2024/texmf-dist/tex/latex/hycolor/hycolor.sty
Package: hycolor 2020-01-27 v1.10 Color options for hyperref/bookmark (HO)
)
(/usr/local/texlive/2024/texmf-dist/tex/latex/auxhook/auxhook.sty
Package: auxhook 2019-12-17 v1.6 Hooks for auxiliary files (HO)
)
(/usr/local/texlive/2024/texmf-dist/tex/latex/hyperref/nameref.sty
Package: nameref 2023-11-26 v2.56 Cross-referencing by name of section

(/usr/local/texlive/2024/texmf-dist/tex/latex/refcount/refcount.sty
Package: refcount 2019/12/15 v3.6 Data extraction from label references (HO)
)
(/usr/local/texlive/2024/texmf-dist/tex/generic/gettitlestring/gettitlestring.s
ty
Package: gettitlestring 2019/12/15 v1.6 Cleanup title references (HO)
 (/usr/local/texlive/2024/texmf-dist/tex/latex/kvoptions/kvoptions.sty
Package: kvoptions 2022-06-15 v3.15 Key value format for package options (HO)
))
\c@section@level=\count326
)
(/usr/local/texlive/2024/texmf-dist/tex/latex/etoolbox/etoolbox.sty
Package: etoolbox 2020/10/05 v2.5k e-TeX tools for LaTeX (JAW)
\etb@tempcnta=\count327
)
\@linkdim=\dimen298
\Hy@linkcounter=\count328
\Hy@pagecounter=\count329

(/usr/local/texlive/2024/texmf-dist/tex/latex/hyperref/pd1enc.def
File: pd1enc.def 2024-01-20 v7.01h Hyperref: PDFDocEncoding definition (HO)
Now handling font encoding PD1 ...
... no UTF-8 mapping file for font encoding PD1
)
(/usr/local/texlive/2024/texmf-dist/tex/generic/intcalc/intcalc.sty
Package: intcalc 2019/12/15 v1.3 Expandable calculations with integers (HO)
)
\Hy@SavedSpaceFactor=\count330

(/usr/local/texlive/2024/texmf-dist/tex/latex/hyperref/puenc.def
File: puenc.def 2024-01-20 v7.01h Hyperref: PDF Unicode definition (HO)
Now handling font encoding PU ...
... no UTF-8 mapping file for font encoding PU
)
Package hyperref Info: Hyper figures OFF on input line 4179.
Package hyperref Info: Link nesting OFF on input line 4184.
Package hyperref Info: Hyper index ON on input line 4187.
Package hyperref Info: Plain pages OFF on input line 4194.
Package hyperref Info: Backreferencing OFF on input line 4199.
Package hyperref Info: Implicit mode ON; LaTeX internals redefined.
Package hyperref Info: Bookmarks ON on input line 4446.
\c@Hy@tempcnt=\count331

(/usr/local/texlive/2024/texmf-dist/tex/latex/url/url.sty
\Urlmuskip=\muskip17
Package: url 2013/09/16  ver 3.4  Verb mode for urls, etc.
)
LaTeX Info: Redefining \url on input line 4784.
\XeTeXLinkMargin=\dimen299

(/usr/local/texlive/2024/texmf-dist/tex/generic/bitset/bitset.sty
Package: bitset 2019/12/09 v1.3 Handle bit-vector datatype (HO)

(/usr/local/texlive/2024/texmf-dist/tex/generic/bigintcalc/bigintcalc.sty
Package: bigintcalc 2019/12/15 v1.5 Expandable calculations on big integers (HO
)
))
\Fld@menulength=\count332
\Field@Width=\dimen300
\Fld@charsize=\dimen301
Package hyperref Info: Hyper figures OFF on input line 6063.
Package hyperref Info: Link nesting OFF on input line 6068.
Package hyperref Info: Hyper index ON on input line 6071.
Package hyperref Info: backreferencing OFF on input line 6078.
Package hyperref Info: Link coloring OFF on input line 6083.
Package hyperref Info: Link coloring with OCG OFF on input line 6088.
Package hyperref Info: PDF/A mode OFF on input line 6093.

(/usr/local/texlive/2024/texmf-dist/tex/latex/base/atbegshi-ltx.sty
Package: atbegshi-ltx 2021/01/10 v1.0c Emulation of the original atbegshi
package with kernel methods
)
\Hy@abspage=\count333
\c@Item=\count334
\c@Hfootnote=\count335
)
Package hyperref Info: Driver (autodetected): hpdftex.

(/usr/local/texlive/2024/texmf-dist/tex/latex/hyperref/hpdftex.def
File: hpdftex.def 2024-01-20 v7.01h Hyperref driver for pdfTeX

(/usr/local/texlive/2024/texmf-dist/tex/latex/base/atveryend-ltx.sty
Package: atveryend-ltx 2020/08/19 v1.0a Emulation of the original atveryend pac
kage
with kernel methods
)
\Fld@listcount=\count336
\c@bookmark@seq@number=\count337

(/usr/local/texlive/2024/texmf-dist/tex/latex/rerunfilecheck/rerunfilecheck.sty
Package: rerunfilecheck 2022-07-10 v1.10 Rerun checks for auxiliary files (HO)

(/usr/local/texlive/2024/texmf-dist/tex/generic/uniquecounter/uniquecounter.sty
Package: uniquecounter 2019/12/15 v1.4 Provide unlimited unique counter (HO)
)
Package uniquecounter Info: New unique counter `rerunfilecheck' on input line 2
85.
)
\Hy@SectionHShift=\skip56
) (/usr/local/texlive/2024/texmf-dist/tex/latex/makecell/makecell.sty
Package: makecell 2009/08/03 V0.1e Managing of Tab Column Heads and Cells

(/usr/local/texlive/2024/texmf-dist/tex/latex/tools/array.sty
Package: array 2023/10/16 v2.5g Tabular extension package (FMi)
\col@sep=\dimen302
\ar@mcellbox=\box70
\extrarowheight=\dimen303
\NC@list=\toks42
\extratabsurround=\skip57
\backup@length=\skip58
\ar@cellbox=\box71
)
\rotheadsize=\dimen304
\c@nlinenum=\count338
\TeXr@lab=\toks43
)
(/usr/local/texlive/2024/texmf-dist/tex/latex/chronology/chronology.sty
Package: chronology 2023/08/20 v2.0 - Horizontal Timeline

(/usr/local/texlive/2024/texmf-dist/tex/latex/tools/calc.sty
Package: calc 2023/07/08 v4.3 Infix arithmetic (KKT,FJ)
\calc@Acount=\count339
\calc@Bcount=\count340
\calc@Adimen=\dimen305
\calc@Bdimen=\dimen306
\calc@Askip=\skip59
\calc@Bskip=\skip60
LaTeX Info: Redefining \setlength on input line 80.
LaTeX Info: Redefining \addtolength on input line 81.
\calc@Ccount=\count341
\calc@Cskip=\skip61
)
(/usr/local/texlive/2024/texmf-dist/tex/latex/l3packages/xparse/xparse.sty
(/usr/local/texlive/2024/texmf-dist/tex/latex/l3kernel/expl3.sty
Package: expl3 2024-02-20 L3 programming layer (loader) 

(/usr/local/texlive/2024/texmf-dist/tex/latex/l3backend/l3backend-pdftex.def
File: l3backend-pdftex.def 2024-02-20 L3 backend support: PDF output (pdfTeX)
\l__color_backend_stack_int=\count342
\l__pdf_internal_box=\box72
))
Package: xparse 2024-02-18 L3 Experimental document command parser
)
\c@step=\count343
\c@stepstart=\count344
\c@stepstop=\count345
\c@yearstart=\count346
\c@yearstop=\count347
\c@deltayears=\count348
\xstart=\skip62
\xstop=\skip63
\unit=\skip64
\timelinewidth=\skip65
\timelinebox=\box73
) (/usr/local/texlive/2024/texmf-dist/tex/latex/cleveref/cleveref.sty
Package: cleveref 2018/03/27 v0.21.4 Intelligent cross-referencing
Package cleveref Info: `hyperref' support loaded on input line 2370.
LaTeX Info: Redefining \cref on input line 2370.
LaTeX Info: Redefining \Cref on input line 2370.
LaTeX Info: Redefining \crefrange on input line 2370.
LaTeX Info: Redefining \Crefrange on input line 2370.
LaTeX Info: Redefining \cpageref on input line 2370.
LaTeX Info: Redefining \Cpageref on input line 2370.
LaTeX Info: Redefining \cpagerefrange on input line 2370.
LaTeX Info: Redefining \Cpagerefrange on input line 2370.
LaTeX Info: Redefining \labelcref on input line 2370.
LaTeX Info: Redefining \labelcpageref on input line 2370.
)
(/usr/local/texlive/2024/texmf-dist/tex/latex/listings/listings.sty
\lst@mode=\count349
\lst@gtempboxa=\box74
\lst@token=\toks44
\lst@length=\count350
\lst@currlwidth=\dimen307
\lst@column=\count351
\lst@pos=\count352
\lst@lostspace=\dimen308
\lst@width=\dimen309
\lst@newlines=\count353
\lst@lineno=\count354
\lst@maxwidth=\dimen310

(/usr/local/texlive/2024/texmf-dist/tex/latex/listings/lstpatch.sty
File: lstpatch.sty 2024/02/21 1.10 (Carsten Heinz)
)
(/usr/local/texlive/2024/texmf-dist/tex/latex/listings/lstmisc.sty
File: lstmisc.sty 2024/02/21 1.10 (Carsten Heinz)
\c@lstnumber=\count355
\lst@skipnumbers=\count356
\lst@framebox=\box75
)
(/usr/local/texlive/2024/texmf-dist/tex/latex/listings/listings.cfg
File: listings.cfg 2024/02/21 1.10 listings configuration
))
Package: listings 2024/02/21 1.10 (Carsten Heinz)

(/usr/local/texlive/2024/texmf-dist/tex/latex/mnsymbol/MnSymbol.sty
Package: MnSymbol 2007/01/21 v1.4 support for the MnSymbol font

(/usr/local/texlive/2024/texmf-dist/tex/latex/base/textcomp.sty
Package: textcomp 2020/02/02 v2.0n Standard LaTeX package
)
LaTeX Info: Redefining \dagger on input line 84.
LaTeX Info: Redefining \ddagger on input line 84.
LaTeX Info: Redefining \mathparagraph on input line 84.
LaTeX Info: Redefining \mathsection on input line 84.
LaTeX Info: Redefining \mathdollar on input line 84.
LaTeX Info: Redefining \mathsterling on input line 84.
LaTeX Info: Redefining \yen on input line 84.
LaTeX Info: Redefining \circledR on input line 84.
LaTeX Info: Redefining \circledS on input line 84.
LaTeX Info: Redefining \Re on input line 84.
LaTeX Info: Redefining \Im on input line 84.
LaTeX Info: Redefining \dotplus on input line 84.
LaTeX Info: Redefining \thicksim on input line 84.
LaTeX Info: Redefining \thickapprox on input line 84.
LaTeX Info: Redefining \veebar on input line 84.
LaTeX Info: Redefining \barwedge on input line 84.
LaTeX Info: Redefining \doublebarwedge on input line 84.
LaTeX Info: Redefining \centerdot on input line 84.
LaTeX Info: Redefining \divideontimes on input line 84.
\symMnSyA=\mathgroup6
\symMnSyB=\mathgroup7
\symMnSyC=\mathgroup8
\symMnSyD=\mathgroup9
LaTeX Font Info:    Redeclaring symbol font `largesymbols' on input line 119.
LaTeX Font Info:    Overwriting symbol font `largesymbols' in version `normal'
(Font)                  OMX/cmex/m/n --> OMX/MnSymbolE/m/n on input line 119.
LaTeX Font Info:    Overwriting symbol font `largesymbols' in version `bold'
(Font)                  OMX/cmex/m/n --> OMX/MnSymbolE/m/n on input line 119.
LaTeX Font Info:    Redeclaring symbol font `symbols' on input line 120.
LaTeX Font Info:    Encoding `OMS' has changed to `U' for symbol font
(Font)              `symbols' in the math version `normal' on input line 120.
LaTeX Font Info:    Overwriting symbol font `symbols' in version `normal'
(Font)                  OMS/cmsy/m/n --> U/MnSymbolF/m/n on input line 120.
LaTeX Font Info:    Encoding `OMS' has changed to `U' for symbol font
(Font)              `symbols' in the math version `bold' on input line 120.
LaTeX Font Info:    Overwriting symbol font `symbols' in version `bold'
(Font)                  OMS/cmsy/b/n --> U/MnSymbolF/m/n on input line 120.
LaTeX Font Info:    Overwriting symbol font `MnSyA' in version `bold'
(Font)                  U/MnSymbolA/m/n --> U/MnSymbolA/b/n on input line 121.
LaTeX Font Info:    Overwriting symbol font `MnSyB' in version `bold'
(Font)                  U/MnSymbolB/m/n --> U/MnSymbolB/b/n on input line 122.
LaTeX Font Info:    Overwriting symbol font `MnSyC' in version `bold'
(Font)                  U/MnSymbolC/m/n --> U/MnSymbolC/b/n on input line 123.
LaTeX Font Info:    Overwriting symbol font `MnSyD' in version `bold'
(Font)                  U/MnSymbolD/m/n --> U/MnSymbolD/b/n on input line 124.
LaTeX Font Info:    Overwriting symbol font `largesymbols' in version `bold'
(Font)                  OMX/MnSymbolE/m/n --> OMX/MnSymbolE/b/n on input line 1
25.
LaTeX Font Info:    Overwriting symbol font `symbols' in version `bold'
(Font)                  U/MnSymbolF/m/n --> U/MnSymbolF/b/n on input line 126.
LaTeX Font Info:    Redeclaring math alphabet \mathcal on input line 241.
LaTeX Font Info:    Overwriting math alphabet `\mathcal' in version `bold'
(Font)                  OMS/MnSymbolS/m/n --> OMS/MnSymbolS/b/n on input line 2
41.
LaTeX Info: Redefining \longrightarrow on input line 548.
LaTeX Info: Redefining \longleftarrow on input line 549.
LaTeX Info: Redefining \longleftrightarrow on input line 550.
LaTeX Info: Redefining \Longrightarrow on input line 551.
LaTeX Info: Redefining \Longleftarrow on input line 552.
LaTeX Info: Redefining \Longleftrightarrow on input line 553.
LaTeX Info: Redefining \longmapsto on input line 554.
LaTeX Info: Redefining \vdots on input line 868.
LaTeX Font Info:    Redeclaring math symbol \braceld on input line 1721.
LaTeX Font Info:    Redeclaring math symbol \bracelu on input line 1722.
LaTeX Font Info:    Redeclaring math symbol \bracerd on input line 1723.
LaTeX Font Info:    Redeclaring math symbol \braceru on input line 1724.
LaTeX Info: Redefining \downbracefill on input line 1799.
LaTeX Info: Redefining \upbracefill on input line 1800.
LaTeX Info: Redefining \overbrace on input line 1819.
LaTeX Info: Redefining \underbrace on input line 1820.
LaTeX Info: Redefining \surd on input line 1843.
LaTeX Font Info:    Redeclaring math accent \widehat on input line 1845.
LaTeX Font Info:    Redeclaring math accent \widetilde on input line 1846.
LaTeX Font Info:    Redeclaring math accent \vec on input line 1848.
)
(/usr/local/texlive/2024/texmf-dist/tex/latex/subfiles/subfiles.sty
Package: subfiles 2020/11/14 v2.2 Multi-file projects (package)

(/usr/local/texlive/2024/texmf-dist/tex/latex/import/import.sty
Package: import 2020/04/01  v 6.2
)) (./main.aux)
\openout1 = `main.aux'.

LaTeX Font Info:    Checking defaults for OML/cmm/m/it on input line 80.
LaTeX Font Info:    ... okay on input line 80.
LaTeX Font Info:    Checking defaults for OMS/cmsy/m/n on input line 80.
LaTeX Font Info:    ... okay on input line 80.
LaTeX Font Info:    Checking defaults for OT1/cmr/m/n on input line 80.
LaTeX Font Info:    ... okay on input line 80.
LaTeX Font Info:    Checking defaults for T1/cmr/m/n on input line 80.
LaTeX Font Info:    ... okay on input line 80.
LaTeX Font Info:    Checking defaults for TS1/cmr/m/n on input line 80.
LaTeX Font Info:    ... okay on input line 80.
LaTeX Font Info:    Checking defaults for OMX/cmex/m/n on input line 80.
LaTeX Font Info:    ... okay on input line 80.
LaTeX Font Info:    Checking defaults for U/cmr/m/n on input line 80.
LaTeX Font Info:    ... okay on input line 80.
LaTeX Font Info:    Checking defaults for PD1/pdf/m/n on input line 80.
LaTeX Font Info:    ... okay on input line 80.
LaTeX Font Info:    Checking defaults for PU/pdf/m/n on input line 80.
LaTeX Font Info:    ... okay on input line 80.

(/usr/local/texlive/2024/texmf-dist/tex/context/base/mkii/supp-pdf.mkii
[Loading MPS to PDF converter (version 2006.09.02).]
\scratchcounter=\count357
\scratchdimen=\dimen311
\scratchbox=\box76
\nofMPsegments=\count358
\nofMParguments=\count359
\everyMPshowfont=\toks45
\MPscratchCnt=\count360
\MPscratchDim=\dimen312
\MPnumerator=\count361
\makeMPintoPDFobject=\count362
\everyMPtoPDFconversion=\toks46
) (/usr/local/texlive/2024/texmf-dist/tex/latex/epstopdf-pkg/epstopdf-base.sty
Package: epstopdf-base 2020-01-24 v2.11 Base part for package epstopdf
Package epstopdf-base Info: Redefining graphics rule for `.eps' on input line 4
85.

(/usr/local/texlive/2024/texmf-dist/tex/latex/latexconfig/epstopdf-sys.cfg
File: epstopdf-sys.cfg 2010/07/13 v1.3 Configuration of (r)epstopdf for TeX Liv
e
))
*geometry* driver: auto-detecting
*geometry* detected driver: pdftex
*geometry* verbose mode - [ preamble ] result:
* driver: pdftex
* paper: a4paper
* layout: <same size as paper>
* layoutoffset:(h,v)=(0.0pt,0.0pt)
* modes: 
* h-part:(L,W,R)=(71.13188pt, 483.69684pt, 42.67915pt)
* v-part:(T,H,B)=(56.9055pt, 731.23582pt, 56.90552pt)
* \paperwidth=597.50787pt
* \paperheight=845.04684pt
* \textwidth=483.69684pt
* \textheight=731.23582pt
* \oddsidemargin=-1.1381pt
* \evensidemargin=-1.1381pt
* \topmargin=-52.36449pt
* \headheight=12.0pt
* \headsep=25.0pt
* \topskip=10.0pt
* \footskip=30.0pt
* \marginparwidth=65.0pt
* \marginparsep=11.0pt
* \columnsep=10.0pt
* \skip\footins=9.0pt plus 4.0pt minus 2.0pt
* \hoffset=0.0pt
* \voffset=0.0pt
* \mag=1000
* \@twocolumnfalse
* \@twosidefalse
* \@mparswitchfalse
* \@reversemarginfalse
* (1in=72.27pt=25.4mm, 1cm=28.453pt)

Package caption Info: Begin \AtBeginDocument code.
Package caption Info: float package is loaded.
Package caption Info: hyperref package is loaded.
Package caption Info: listings package is loaded.
Package caption Info: End \AtBeginDocument code.
Package hyperref Info: Link coloring OFF on input line 80.
(./main.out) (./main.out)
\@outlinefile=\write4
\openout4 = `main.out'.

\c@lstlisting=\count363
<./img/0.cover.jpg, id=1092, 2409.0pt x 1634.105pt>
File: ./img/0.cover.jpg Graphic file (type jpg)
<use ./img/0.cover.jpg>
Package pdftex.def Info: ./img/0.cover.jpg  used on input line 101.
(pdftex.def)             Requested size: 433.6013pt x 294.1262pt.
 [1

{/usr/local/texlive/2024/texmf-var/fonts/map/pdftex/updmap/pdftex.map} <./img/0
.cover.jpg>] (./main.toc
LaTeX Font Info:    Trying to load font information for U+msa on input line 2.

(/usr/local/texlive/2024/texmf-dist/tex/latex/amsfonts/umsa.fd
File: umsa.fd 2013/01/14 v3.01 AMS symbols A
)
LaTeX Font Info:    Trying to load font information for U+msb on input line 2.

(/usr/local/texlive/2024/texmf-dist/tex/latex/amsfonts/umsb.fd
File: umsb.fd 2013/01/14 v3.01 AMS symbols B
)
pdfTeX warning (ext4): destination with the same identifier (name{page.1}) has 
been already used, duplicate ignored
<to be read again> 
                   \relax 
l.52 ...visti (Planning)}{21}{subsubsection.3.8.3}
                                                  % [1] [2] [3{/usr/local/texli
ve/2024/texmf-dist/fonts/enc/dvips/mnsymbol/MnSymbolC.enc}] [4])
\tf@toc=\write5
\openout5 = `main.toc'.

 [5]
(./sections/generalita.tex
Underfull \hbox (badness 10000) in paragraph at lines 8--13

 []


Underfull \hbox (badness 10000) in paragraph at lines 8--13

 []


Underfull \hbox (badness 10000) in paragraph at lines 8--13

 []


Underfull \hbox (badness 10000) in paragraph at lines 14--16

 []

<example-image-golden.pdf, id=1395, 324.82053pt x 200.75pt>
File: example-image-golden.pdf Graphic file (type pdf)
<use example-image-golden.pdf>
Package pdftex.def Info: example-image-golden.pdf  used on input line 43.
(pdftex.def)             Requested size: 97.4469pt x 60.22545pt.

LaTeX Warning: `h' float specifier changed to `ht'.

[6{/usr/local/texlive/2024/texmf-dist/fonts/enc/dvips/cm-super/cm-super-ts1.enc
}]
Underfull \hbox (badness 10000) in paragraph at lines 68--71

 []


Underfull \hbox (badness 10000) in paragraph at lines 68--71

 []

File: example-image-golden.pdf Graphic file (type pdf)
<use example-image-golden.pdf>
Package pdftex.def Info: example-image-golden.pdf  used on input line 85.
(pdftex.def)             Requested size: 97.4469pt x 60.22545pt.
[7 </usr/local/texlive/2024/texmf-dist/tex/latex/mwe/example-image-golden.pdf>]

Underfull \hbox (badness 10000) in paragraph at lines 90--94

 []


Underfull \hbox (badness 10000) in paragraph at lines 90--94

 []


Underfull \hbox (badness 10000) in paragraph at lines 90--94

 []


Underfull \hbox (badness 10000) in paragraph at lines 95--98

 []


Underfull \hbox (badness 10000) in paragraph at lines 95--98

 []


Underfull \hbox (badness 10000) in paragraph at lines 105--110

 []


Underfull \hbox (badness 10000) in paragraph at lines 105--110

 []

[8]
Underfull \hbox (badness 10000) in paragraph at lines 122--127

 []


Underfull \hbox (badness 10000) in paragraph at lines 130--136

 []


Underfull \hbox (badness 10000) in paragraph at lines 137--143

 []

[9]
File: example-image-golden.pdf Graphic file (type pdf)
<use example-image-golden.pdf>
Package pdftex.def Info: example-image-golden.pdf  used on input line 159.
(pdftex.def)             Requested size: 97.4469pt x 60.22545pt.

Underfull \hbox (badness 10000) in paragraph at lines 155--163

 []


Underfull \hbox (badness 10000) in paragraph at lines 199--203

 []

[10{/usr/local/texlive/2024/texmf-dist/fonts/enc/dvips/mnsymbol/MnSymbolA.enc}]
File: example-image-golden.pdf Graphic file (type pdf)
<use example-image-golden.pdf>
Package pdftex.def Info: example-image-golden.pdf  used on input line 210.
(pdftex.def)             Requested size: 97.4469pt x 60.22545pt.

Underfull \hbox (badness 10000) in paragraph at lines 215--222

 []


Underfull \hbox (badness 10000) in paragraph at lines 215--222

 []


Underfull \hbox (badness 10000) in paragraph at lines 215--222

 []


Underfull \hbox (badness 10000) in paragraph at lines 228--230

 []


Underfull \hbox (badness 10000) in paragraph at lines 231--235

 []

[11]
File: example-image-golden.pdf Graphic file (type pdf)
<use example-image-golden.pdf>
Package pdftex.def Info: example-image-golden.pdf  used on input line 250.
(pdftex.def)             Requested size: 97.4469pt x 60.22545pt.
) (./sections/agenti_intell.tex
Underfull \hbox (badness 10000) in paragraph at lines 5--9

 []

File: example-image-golden.pdf Graphic file (type pdf)
<use example-image-golden.pdf>
Package pdftex.def Info: example-image-golden.pdf  used on input line 27.
(pdftex.def)             Requested size: 97.4469pt x 60.22545pt.

Underfull \hbox (badness 10000) in paragraph at lines 24--33

 []


LaTeX Warning: `h' float specifier changed to `ht'.

[12]
Overfull \hbox (3.72069pt too wide) in paragraph at lines 42--45
\OT1/cmr/m/n/10 Serve un cri-te-rio di va-l-u-tazione ogget-tivo dell'effetto d
elle azioni dell'agente (della se-quenza di stati dell'ambiente). 
 []


Underfull \hbox (badness 10000) in paragraph at lines 42--45

 []

File: example-image-golden.pdf Graphic file (type pdf)
<use example-image-golden.pdf>
Package pdftex.def Info: example-image-golden.pdf  used on input line 53.
(pdftex.def)             Requested size: 97.4469pt x 60.22545pt.

Underfull \hbox (badness 10000) in paragraph at lines 65--68

 []

[13]
Underfull \hbox (badness 10000) in paragraph at lines 82--85

 []

File: example-image-golden.pdf Graphic file (type pdf)
<use example-image-golden.pdf>
Package pdftex.def Info: example-image-golden.pdf  used on input line 93.
(pdftex.def)             Requested size: 97.4469pt x 60.22545pt.
[14]
Underfull \hbox (badness 10000) in paragraph at lines 171--175

 []

[15{/usr/local/texlive/2024/texmf-dist/fonts/enc/dvips/mnsymbol/MnSymbolE.enc}]
File: example-image-golden.pdf Graphic file (type pdf)
<use example-image-golden.pdf>
Package pdftex.def Info: example-image-golden.pdf  used on input line 214.
(pdftex.def)             Requested size: 97.4469pt x 60.22545pt.

LaTeX Warning: `h' float specifier changed to `ht'.

[16]
File: example-image-golden.pdf Graphic file (type pdf)
<use example-image-golden.pdf>
Package pdftex.def Info: example-image-golden.pdf  used on input line 235.
(pdftex.def)             Requested size: 97.4469pt x 60.22545pt.

Underfull \hbox (badness 10000) in paragraph at lines 239--244

 []


Underfull \hbox (badness 10000) in paragraph at lines 239--244

 []

) (./sections/agenti_ris.tex
Underfull \hbox (badness 10000) in paragraph at lines 5--9

 []


Underfull \hbox (badness 10000) in paragraph at lines 11--14

 []

[17]
Underfull \hbox (badness 10000) in paragraph at lines 18--23

 []


Underfull \hbox (badness 10000) in paragraph at lines 34--42

 []

File: example-image-golden.pdf Graphic file (type pdf)
<use example-image-golden.pdf>
Package pdftex.def Info: example-image-golden.pdf  used on input line 58.
(pdftex.def)             Requested size: 97.4469pt x 60.22545pt.
[18]
Underfull \hbox (badness 10000) in paragraph at lines 76--81

 []


Underfull \hbox (badness 10000) in paragraph at lines 76--81

 []


Underfull \hbox (badness 10000) in paragraph at lines 85--90

 []

File: example-image-golden.pdf Graphic file (type pdf)
<use example-image-golden.pdf>
Package pdftex.def Info: example-image-golden.pdf  used on input line 105.
(pdftex.def)             Requested size: 97.4469pt x 60.22545pt.

LaTeX Warning: `h' float specifier changed to `ht'.

[19]
File: example-image-golden.pdf Graphic file (type pdf)
<use example-image-golden.pdf>
Package pdftex.def Info: example-image-golden.pdf  used on input line 118.
(pdftex.def)             Requested size: 97.4469pt x 60.22545pt.

Underfull \hbox (badness 10000) in paragraph at lines 127--130

 []

[20]
Underfull \hbox (badness 10000) in paragraph at lines 170--175

 []


Underfull \hbox (badness 10000) in paragraph at lines 194--198

 []

[21]
Underfull \hbox (badness 10000) in paragraph at lines 199--205

 []

File: example-image-golden.pdf Graphic file (type pdf)
<use example-image-golden.pdf>
Package pdftex.def Info: example-image-golden.pdf  used on input line 226.
(pdftex.def)             Requested size: 97.4469pt x 60.22545pt.

Underfull \hbox (badness 10000) in paragraph at lines 220--230

 []

[22] [23]

LaTeX Warning: Command \textellipsis invalid in math mode on input line 334.

[24]
Underfull \hbox (badness 10000) in paragraph at lines 340--347

 []


Underfull \hbox (badness 10000) in paragraph at lines 340--347

 []


LaTeX Warning: Command \textellipsis invalid in math mode on input line 355.


LaTeX Warning: Command \textellipsis invalid in math mode on input line 368.

[25{/usr/local/texlive/2024/texmf-dist/fonts/enc/dvips/mnsymbol/MnSymbolD.enc}]
File: example-image-golden.pdf Graphic file (type pdf)
<use example-image-golden.pdf>
Package pdftex.def Info: example-image-golden.pdf  used on input line 405.
(pdftex.def)             Requested size: 97.4469pt x 60.22545pt.
[26]
Underfull \hbox (badness 10000) in paragraph at lines 420--426

 []

File: example-image-golden.pdf Graphic file (type pdf)
<use example-image-golden.pdf>
Package pdftex.def Info: example-image-golden.pdf  used on input line 439.
(pdftex.def)             Requested size: 97.4469pt x 60.22545pt.

Underfull \hbox (badness 10000) in paragraph at lines 435--446

 []


Underfull \hbox (badness 10000) in paragraph at lines 435--446

 []

[27]
File: example-image-golden.pdf Graphic file (type pdf)
<use example-image-golden.pdf>
Package pdftex.def Info: example-image-golden.pdf  used on input line 469.
(pdftex.def)             Requested size: 97.4469pt x 60.22545pt.

Underfull \hbox (badness 10000) in paragraph at lines 473--479

 []


Underfull \hbox (badness 10000) in paragraph at lines 473--479

 []

[28]

LaTeX Warning: Command \textquoteright invalid in math mode on input line 490.


LaTeX Warning: Command \textquoteright invalid in math mode on input line 490.


Underfull \hbox (badness 10000) in paragraph at lines 489--493

 []


Underfull \hbox (badness 10000) in paragraph at lines 489--493

 []


Underfull \hbox (badness 10000) in paragraph at lines 489--493

 []


Underfull \hbox (badness 10000) in paragraph at lines 494--499

 []

File: example-image-golden.pdf Graphic file (type pdf)
<use example-image-golden.pdf>
Package pdftex.def Info: example-image-golden.pdf  used on input line 503.
(pdftex.def)             Requested size: 97.4469pt x 60.22545pt.
File: example-image-golden.pdf Graphic file (type pdf)
<use example-image-golden.pdf>
Package pdftex.def Info: example-image-golden.pdf  used on input line 511.
(pdftex.def)             Requested size: 97.4469pt x 60.22545pt.
[29]
Underfull \hbox (badness 10000) in paragraph at lines 531--534

 []


Underfull \hbox (badness 10000) in paragraph at lines 531--534

 []

File: example-image-golden.pdf Graphic file (type pdf)
<use example-image-golden.pdf>
Package pdftex.def Info: example-image-golden.pdf  used on input line 539.
(pdftex.def)             Requested size: 97.4469pt x 60.22545pt.

Underfull \hbox (badness 10000) in paragraph at lines 535--548

 []


Underfull \hbox (badness 10000) in paragraph at lines 535--548

 []


Underfull \hbox (badness 10000) in paragraph at lines 535--548

 []


LaTeX Warning: `h' float specifier changed to `ht'.

[30]
Underfull \hbox (badness 10000) in paragraph at lines 591--595

 []


Underfull \hbox (badness 10000) in paragraph at lines 591--595

 []

[31])
Underfull \hbox (badness 10000) in paragraph at lines 599--121

 []


Underfull \hbox (badness 10000) in paragraph at lines 599--121

 []


Underfull \hbox (badness 10000) in paragraph at lines 599--121

 []

(./sections/agenti_ris_ott.tex
Underfull \hbox (badness 10000) in paragraph at lines 6--9

 []


Underfull \hbox (badness 10000) in paragraph at lines 12--16

 []


Underfull \hbox (badness 10000) in paragraph at lines 17--23

 []

[32]
Underfull \hbox (badness 10000) in paragraph at lines 26--31

 []

File: example-image-golden.pdf Graphic file (type pdf)
<use example-image-golden.pdf>
Package pdftex.def Info: example-image-golden.pdf  used on input line 37.
(pdftex.def)             Requested size: 97.4469pt x 60.22545pt.

Underfull \hbox (badness 10000) in paragraph at lines 46--50

 []


Underfull \hbox (badness 10000) in paragraph at lines 54--59

 []

[33]
Underfull \hbox (badness 10000) in paragraph at lines 62--66

 []


Underfull \hbox (badness 10000) in paragraph at lines 87--91

 []


Underfull \hbox (badness 10000) in paragraph at lines 112--116

 []

[34]

LaTeX Warning: Command \textellipsis invalid in math mode on input line 119.


LaTeX Warning: Command \textellipsis invalid in math mode on input line 120.


LaTeX Warning: Command \textellipsis invalid in math mode on input line 120.


LaTeX Warning: Command \textellipsis invalid in math mode on input line 121.


LaTeX Warning: Command \textellipsis invalid in math mode on input line 123.


Underfull \hbox (badness 10000) in paragraph at lines 123--129

 []


Underfull \hbox (badness 10000) in paragraph at lines 152--156

 []

[35]
File: example-image-golden.pdf Graphic file (type pdf)
<use example-image-golden.pdf>
Package pdftex.def Info: example-image-golden.pdf  used on input line 202.
(pdftex.def)             Requested size: 97.4469pt x 60.22545pt.
 [36]
File: example-image-golden.pdf Graphic file (type pdf)
<use example-image-golden.pdf>
Package pdftex.def Info: example-image-golden.pdf  used on input line 222.
(pdftex.def)             Requested size: 97.4469pt x 60.22545pt.

Underfull \hbox (badness 10000) in paragraph at lines 215--233

 []


Underfull \hbox (badness 10000) in paragraph at lines 215--233

 []


Underfull \hbox (badness 10000) in paragraph at lines 215--233

 []

File: example-image-golden.pdf Graphic file (type pdf)
<use example-image-golden.pdf>
Package pdftex.def Info: example-image-golden.pdf  used on input line 259.
(pdftex.def)             Requested size: 97.4469pt x 60.22545pt.

LaTeX Warning: `h' float specifier changed to `ht'.

) [37] (./sections/agente_logico.tex
Underfull \hbox (badness 10000) in paragraph at lines 5--15

 []


Underfull \hbox (badness 10000) in paragraph at lines 5--15

 []


Underfull \hbox (badness 10000) in paragraph at lines 5--15

 []


Underfull \hbox (badness 10000) in paragraph at lines 5--15

 []


Underfull \hbox (badness 10000) in paragraph at lines 5--15

 []


Underfull \hbox (badness 10000) in paragraph at lines 5--15

 []


Underfull \hbox (badness 10000) in paragraph at lines 21--24

 []


Underfull \hbox (badness 10000) in paragraph at lines 21--24

 []

[38]
Underfull \hbox (badness 10000) in paragraph at lines 25--30

 []


Underfull \hbox (badness 10000) in paragraph at lines 25--30

 []


Underfull \hbox (badness 10000) in paragraph at lines 25--30

 []


Underfull \hbox (badness 10000) in paragraph at lines 35--39

 []


Underfull \hbox (badness 10000) in paragraph at lines 35--39

 []

File: example-image-golden.pdf Graphic file (type pdf)
<use example-image-golden.pdf>
Package pdftex.def Info: example-image-golden.pdf  used on input line 45.
(pdftex.def)             Requested size: 97.4469pt x 60.22545pt.

LaTeX Warning: `h' float specifier changed to `ht'.

[39]
Underfull \hbox (badness 10000) in paragraph at lines 55--58

 []


Underfull \hbox (badness 10000) in paragraph at lines 83--86

 []


Underfull \hbox (badness 10000) in paragraph at lines 89--92

 []

[40]
Underfull \hbox (badness 10000) in paragraph at lines 97--102

 []


Underfull \hbox (badness 10000) in paragraph at lines 97--102

 []


Underfull \hbox (badness 10000) in paragraph at lines 97--102

 []


Underfull \hbox (badness 10000) in paragraph at lines 117--124

 []


Underfull \hbox (badness 10000) in paragraph at lines 117--124

 []


Underfull \hbox (badness 10000) in paragraph at lines 117--124

 []


Underfull \hbox (badness 10000) in paragraph at lines 117--124

 []


Underfull \hbox (badness 10000) in paragraph at lines 127--131

 []


Underfull \hbox (badness 10000) in paragraph at lines 127--131

 []

[41]
Underfull \hbox (badness 10000) in paragraph at lines 135--138

 []


Underfull \hbox (badness 10000) in paragraph at lines 140--145

 []


Underfull \hbox (badness 10000) in paragraph at lines 140--145

 []

File: example-image-golden.pdf Graphic file (type pdf)
<use example-image-golden.pdf>
Package pdftex.def Info: example-image-golden.pdf  used on input line 153.
(pdftex.def)             Requested size: 97.4469pt x 60.22545pt.

Underfull \hbox (badness 10000) in paragraph at lines 166--172

 []


Underfull \hbox (badness 10000) in paragraph at lines 166--172

 []


Underfull \hbox (badness 10000) in paragraph at lines 166--172

 []

[42]
Underfull \hbox (badness 10000) in paragraph at lines 173--176

 []


Underfull \hbox (badness 10000) in paragraph at lines 179--182

 []


Underfull \hbox (badness 10000) in paragraph at lines 191--194

 []


Underfull \hbox (badness 10000) in paragraph at lines 195--199

 []


Underfull \hbox (badness 10000) in paragraph at lines 195--199

 []


Underfull \hbox (badness 10000) in paragraph at lines 204--207

 []

[43]
Underfull \hbox (badness 10000) in paragraph at lines 239--244

 []


Underfull \hbox (badness 10000) in paragraph at lines 239--244

 []

[44]
Underfull \hbox (badness 10000) in paragraph at lines 276--281

 []


Underfull \hbox (badness 10000) in paragraph at lines 276--281

 []


Underfull \hbox (badness 10000) in paragraph at lines 282--285

 []


Underfull \hbox (badness 10000) in paragraph at lines 282--285

 []


Underfull \hbox (badness 10000) in paragraph at lines 286--288

 []

[45]
Underfull \hbox (badness 10000) in paragraph at lines 297--302

 []


Underfull \hbox (badness 10000) in paragraph at lines 297--302

 []


Underfull \hbox (badness 10000) in paragraph at lines 297--302

 []


Underfull \hbox (badness 10000) in paragraph at lines 311--316

 []


Underfull \hbox (badness 10000) in paragraph at lines 311--316

 []


Underfull \hbox (badness 10000) in paragraph at lines 321--328

 []

[46]
Underfull \hbox (badness 10000) in paragraph at lines 346--349

 []

File: example-image-golden.pdf Graphic file (type pdf)
<use example-image-golden.pdf>
Package pdftex.def Info: example-image-golden.pdf  used on input line 360.
(pdftex.def)             Requested size: 97.4469pt x 60.22545pt.

Underfull \hbox (badness 10000) in paragraph at lines 356--364

 []


Underfull \hbox (badness 10000) in paragraph at lines 371--375

 []


Underfull \hbox (badness 10000) in paragraph at lines 371--375

 []

[47]
File: example-image-golden.pdf Graphic file (type pdf)
<use example-image-golden.pdf>
Package pdftex.def Info: example-image-golden.pdf  used on input line 385.
(pdftex.def)             Requested size: 97.4469pt x 60.22545pt.

Underfull \hbox (badness 10000) in paragraph at lines 390--396

 []


Underfull \hbox (badness 10000) in paragraph at lines 390--396

 []

File: example-image-golden.pdf Graphic file (type pdf)
<use example-image-golden.pdf>
Package pdftex.def Info: example-image-golden.pdf  used on input line 411.
(pdftex.def)             Requested size: 97.4469pt x 60.22545pt.

Underfull \hbox (badness 10000) in paragraph at lines 401--417

 []


Underfull \hbox (badness 10000) in paragraph at lines 401--417

 []


LaTeX Warning: `h' float specifier changed to `ht'.

[48]
Underfull \hbox (badness 10000) in paragraph at lines 435--438

 []


Package hyperref Warning: Token not allowed in a PDF string (Unicode):
(hyperref)                removing `math shift' on input line 447.


Package hyperref Warning: Token not allowed in a PDF string (Unicode):
(hyperref)                removing `\forall' on input line 447.


Package hyperref Warning: Token not allowed in a PDF string (Unicode):
(hyperref)                removing `math shift' on input line 447.


Underfull \hbox (badness 10000) in paragraph at lines 448--451

 []

[49]

Package hyperref Warning: Token not allowed in a PDF string (Unicode):
(hyperref)                removing `math shift' on input line 459.


Package hyperref Warning: Token not allowed in a PDF string (Unicode):
(hyperref)                removing `\exists' on input line 459.


Package hyperref Warning: Token not allowed in a PDF string (Unicode):
(hyperref)                removing `math shift' on input line 459.


Underfull \hbox (badness 10000) in paragraph at lines 461--465

 []


Package hyperref Warning: Token not allowed in a PDF string (Unicode):
(hyperref)                removing `math shift' on input line 472.


Package hyperref Warning: Token not allowed in a PDF string (Unicode):
(hyperref)                removing `\forall' on input line 472.


Package hyperref Warning: Token not allowed in a PDF string (Unicode):
(hyperref)                removing `math shift' on input line 472.


Package hyperref Warning: Token not allowed in a PDF string (Unicode):
(hyperref)                removing `math shift' on input line 472.


Package hyperref Warning: Token not allowed in a PDF string (Unicode):
(hyperref)                removing `\exists' on input line 472.


Package hyperref Warning: Token not allowed in a PDF string (Unicode):
(hyperref)                removing `math shift' on input line 472.


Underfull \hbox (badness 10000) in paragraph at lines 476--479

 []


LaTeX Warning: Command \textlnot invalid in math mode on input line 489.


LaTeX Warning: Command \textlnot invalid in math mode on input line 489.

Missing character: There is no ¬ in font cmr10!

Underfull \hbox (badness 10000) in paragraph at lines 488--491

 []


Underfull \hbox (badness 10000) in paragraph at lines 488--491

 []

[50]
Underfull \hbox (badness 10000) in paragraph at lines 492--495

 []


Overfull \hbox (2.15399pt too wide) in paragraph at lines 505--506
[]\OT1/cmr/m/n/10 Partire dalle for-mule nella $\OML/cmm/m/it/10 KB$ \OT1/cmr/m
/n/10 e gener-are nuove con-clu-sioni che portino a nuove in-ferenze (\OT1/cmr/
bx/n/10 concatenazione
 []

[51] [52]) (./sections/mod_pred.tex
Overfull \hbox (0.96223pt too wide) in paragraph at lines 11--11
[]|\OT1/cmr/bx/n/10 Intelligenza
 []


Underfull \hbox (badness 1184) in paragraph at lines 12--12
\OT1/cmr/m/n/10 nor-mal-mente richiedono l'intelligenza
 []


Underfull \hbox (badness 1796) in paragraph at lines 15--16
[]\OT1/cmr/m/n/10 Include una vasta gamma di sotto-
 []


Underfull \hbox (badness 10000) in paragraph at lines 20--20
[]|\OT1/cmr/bx/n/10 Machine
 []


Underfull \hbox (badness 4217) in paragraph at lines 23--24
[]\OT1/cmr/m/n/10 Si con-cen-tra sulla pro-get-tazione di
 []


Underfull \hbox (badness 3919) in paragraph at lines 23--24
\OT1/cmr/m/n/10 al-go-ritmi che miglio-rano le pro-prie
 []


Underfull \hbox (badness 10000) in paragraph at lines 30--30
[]|\OT1/cmr/bx/n/10 Deep
 []


Underfull \hbox (badness 10000) in paragraph at lines 5--41

 []


Underfull \hbox (badness 10000) in paragraph at lines 5--41

 []

[53] [54]
Overfull \hbox (38.26772pt too wide) in paragraph at lines 103--104
 [] 
 []

File: example-image-golden.pdf Graphic file (type pdf)
<use example-image-golden.pdf>
Package pdftex.def Info: example-image-golden.pdf  used on input line 107.
(pdftex.def)             Requested size: 97.4469pt x 60.22545pt.
File: example-image-golden.pdf Graphic file (type pdf)
<use example-image-golden.pdf>
Package pdftex.def Info: example-image-golden.pdf  used on input line 115.
(pdftex.def)             Requested size: 97.4469pt x 60.22545pt.
File: example-image-golden.pdf Graphic file (type pdf)
<use example-image-golden.pdf>
Package pdftex.def Info: example-image-golden.pdf  used on input line 121.
(pdftex.def)             Requested size: 97.4469pt x 60.22545pt.
[55]
Underfull \hbox (badness 10000) in paragraph at lines 175--180

 []


Underfull \hbox (badness 10000) in paragraph at lines 175--180

 []

[56]
Underfull \hbox (badness 10000) in paragraph at lines 184--188

 []


Underfull \hbox (badness 10000) in paragraph at lines 191--199

 []


Underfull \hbox (badness 10000) in paragraph at lines 191--199

 []


Underfull \hbox (badness 10000) in paragraph at lines 191--199

 []

File: example-image-golden.pdf Graphic file (type pdf)
<use example-image-golden.pdf>
Package pdftex.def Info: example-image-golden.pdf  used on input line 204.
(pdftex.def)             Requested size: 97.4469pt x 60.22545pt.

Underfull \hbox (badness 10000) in paragraph at lines 211--214

 []

[57]
Underfull \hbox (badness 10000) in paragraph at lines 238--241

 []

[58]
File: example-image-golden.pdf Graphic file (type pdf)
<use example-image-golden.pdf>
Package pdftex.def Info: example-image-golden.pdf  used on input line 280.
(pdftex.def)             Requested size: 97.4469pt x 60.22545pt.
File: example-image-golden.pdf Graphic file (type pdf)
<use example-image-golden.pdf>
Package pdftex.def Info: example-image-golden.pdf  used on input line 290.
(pdftex.def)             Requested size: 97.4469pt x 60.22545pt.
 [59]
Underfull \hbox (badness 10000) in paragraph at lines 306--311

 []


Underfull \hbox (badness 10000) in paragraph at lines 324--330

 []


Underfull \hbox (badness 10000) in paragraph at lines 336--342

 []

[60]
Underfull \hbox (badness 10000) in paragraph at lines 351--360

 []


Underfull \hbox (badness 10000) in paragraph at lines 351--360

 []


Underfull \hbox (badness 10000) in paragraph at lines 351--360

 []


Underfull \hbox (badness 10000) in paragraph at lines 351--360

 []


Underfull \hbox (badness 10000) in paragraph at lines 351--360

 []


Underfull \hbox (badness 10000) in paragraph at lines 369--374

 []


Underfull \hbox (badness 10000) in paragraph at lines 369--374

 []

[61]
Underfull \hbox (badness 10000) in paragraph at lines 395--401

 []


Underfull \hbox (badness 10000) in paragraph at lines 414--418

 []


Underfull \hbox (badness 10000) in paragraph at lines 414--418

 []

[62]
Underfull \hbox (badness 10000) in paragraph at lines 433--437

 []

File: example-image-golden.pdf Graphic file (type pdf)
<use example-image-golden.pdf>
Package pdftex.def Info: example-image-golden.pdf  used on input line 444.
(pdftex.def)             Requested size: 97.4469pt x 60.22545pt.

Underfull \hbox (badness 10000) in paragraph at lines 456--465

 []


Overfull \hbox (5.0264pt too wide) in paragraph at lines 456--465
\OT1/cmr/m/n/10 Ora, per cias-cun at-trib-uto del nos-tro dataset, dob-bi-amo t
rovare quella ri-par-tizione, basata sui val-ori dell'attributo,
 []


Underfull \hbox (badness 10000) in paragraph at lines 456--465

 []


Underfull \hbox (badness 10000) in paragraph at lines 456--465

 []

[63]
File: example-image-golden.pdf Graphic file (type pdf)
<use example-image-golden.pdf>
Package pdftex.def Info: example-image-golden.pdf  used on input line 488.
(pdftex.def)             Requested size: 97.4469pt x 60.22545pt.
 [64]
Underfull \hbox (badness 10000) in paragraph at lines 505--511

 []

[65]
File: example-image-golden.pdf Graphic file (type pdf)
<use example-image-golden.pdf>
Package pdftex.def Info: example-image-golden.pdf  used on input line 553.
(pdftex.def)             Requested size: 97.4469pt x 60.22545pt.
File: example-image-golden.pdf Graphic file (type pdf)
<use example-image-golden.pdf>
Package pdftex.def Info: example-image-golden.pdf  used on input line 559.
(pdftex.def)             Requested size: 97.4469pt x 60.22545pt.
File: example-image-golden.pdf Graphic file (type pdf)
<use example-image-golden.pdf>
Package pdftex.def Info: example-image-golden.pdf  used on input line 568.
(pdftex.def)             Requested size: 97.4469pt x 60.22545pt.
 [66]
Underfull \hbox (badness 10000) in paragraph at lines 586--589

 []


Underfull \hbox (badness 10000) in paragraph at lines 595--597

 []

) (./sections/esami_passati.tex [67{/usr/local/texlive/2024/texmf-dist/fonts/en
c/dvips/mnsymbol/MnSymbolF.enc}] [68] [69] [70] [71] [72] [73] [74]
Underfull \hbox (badness 10000) in paragraph at lines 311--315

 []

[75] [76]
Underfull \hbox (badness 10000) in paragraph at lines 404--406

 []

[77] [78] [79]) [80] (./main.aux)
 ***********
LaTeX2e <2023-11-01> patch level 1
L3 programming layer <2024-02-20>
 ***********
Package rerunfilecheck Info: File `main.out' has not changed.
(rerunfilecheck)             Checksum: 79A819C980BA45E0AA2EBA779169E3BE;54067.
 ) 
Here is how much of TeX's memory you used:
 31861 strings out of 474116
 579828 string characters out of 5743683
 1952187 words of memory out of 5000000
 53125 multiletter control sequences out of 15000+600000
 569602 words of font info for 75 fonts, out of 8000000 for 9000
 1141 hyphenation exceptions out of 8191
 84i,10n,117p,622b,1127s stack positions out of 10000i,1000n,20000p,200000b,200000s
</usr/local/texlive/2024/texmf-dist/fonts/type1/public/mnsymbol/MnSymbol10.pf
b></usr/local/texlive/2024/texmf-dist/fonts/type1/public/mnsymbol/MnSymbol7.pfb
></usr/local/texlive/2024/texmf-dist/fonts/type1/public/amsfonts/cm/cmbx10.pfb>
</usr/local/texlive/2024/texmf-dist/fonts/type1/public/amsfonts/cm/cmbx12.pfb><
/usr/local/texlive/2024/texmf-dist/fonts/type1/public/amsfonts/cm/cmbx9.pfb></u
sr/local/texlive/2024/texmf-dist/fonts/type1/public/amsfonts/cm/cmmi10.pfb></us
r/local/texlive/2024/texmf-dist/fonts/type1/public/amsfonts/cm/cmmi5.pfb></usr/
local/texlive/2024/texmf-dist/fonts/type1/public/amsfonts/cm/cmmi7.pfb></usr/lo
cal/texlive/2024/texmf-dist/fonts/type1/public/amsfonts/cm/cmr10.pfb></usr/loca
l/texlive/2024/texmf-dist/fonts/type1/public/amsfonts/cm/cmr7.pfb></usr/local/t
exlive/2024/texmf-dist/fonts/type1/public/amsfonts/cm/cmr9.pfb></usr/local/texl
ive/2024/texmf-dist/fonts/type1/public/amsfonts/cm/cmti10.pfb></usr/local/texli
ve/2024/texmf-dist/fonts/type1/public/lm/lmss12.pfb></usr/local/texlive/2024/te
xmf-dist/fonts/type1/public/lm/lmss17.pfb></usr/local/texlive/2024/texmf-dist/f
onts/type1/public/lm/lmsy10.pfb></usr/local/texlive/2024/texmf-dist/fonts/type1
/public/cm-super/sfrm1000.pfb>
Output written on main.pdf (81 pages, 934131 bytes).
PDF statistics:
 2197 PDF objects out of 2487 (max. 8388607)
 2055 compressed objects within 21 object streams
 592 named destinations out of 1000 (max. 500000)
 2183 words of extra memory for PDF output out of 10000 (max. 10000000)

