\BOOKMARK [1][-]{section.1}{\376\377\000M\000a\000t\000e\000r\000i\000a\000l\000i\000\040\000S\000e\000m\000i\000c\000o\000n\000d\000u\000t\000t\000o\000r\000i}{}% 1
\BOOKMARK [2][-]{subsection.1.1}{\376\377\000I\000n\000t\000r\000o\000d\000u\000z\000i\000o\000n\000e}{section.1}% 2
\BOOKMARK [2][-]{subsection.1.2}{\376\377\000S\000e\000m\000i\000c\000o\000n\000d\000u\000t\000t\000o\000r\000i}{section.1}% 3
\BOOKMARK [3][-]{subsubsection.1.2.1}{\376\377\000P\000r\000e\000m\000e\000s\000s\000a}{subsection.1.2}% 4
\BOOKMARK [3][-]{subsubsection.1.2.2}{\376\377\000C\000o\000n\000c\000l\000u\000s\000i\000o\000n\000i}{subsection.1.2}% 5
\BOOKMARK [3][-]{subsubsection.1.2.3}{\376\377\000S\000i\000s\000t\000e\000m\000i\000\040\000M\000u\000l\000t\000i\000a\000t\000o\000m\000i\000c\000i}{subsection.1.2}% 6
\BOOKMARK [2][-]{subsection.1.3}{\376\377\000I\000l\000\040\000S\000i\000l\000i\000c\000i\000o\000\040\000\050\000S\000i\000\051}{section.1}% 7
\BOOKMARK [2][-]{subsection.1.4}{\376\377\000E\000l\000e\000t\000t\000r\000o\000n\000i\000\040\000e\000\040\000L\000a\000c\000u\000n\000e}{section.1}% 8
\BOOKMARK [2][-]{subsection.1.5}{\376\377\000D\000r\000o\000g\000a\000g\000g\000i}{section.1}% 9
\BOOKMARK [2][-]{subsection.1.6}{\376\377\000P\000r\000o\000b\000l\000e\000m\000i}{section.1}% 10
\BOOKMARK [2][-]{subsection.1.7}{\376\377\000P\000r\000o\000p\000r\000i\000e\000t\000\340}{section.1}% 11
\BOOKMARK [3][-]{subsubsection.1.7.1}{\376\377\000P\000r\000i\000n\000c\000i\000p\000i\000o\000\040\000d\000i\000\040\000c\000o\000m\000p\000e\000n\000s\000a\000z\000i\000o\000n\000e}{subsection.1.7}% 12
\BOOKMARK [3][-]{subsubsection.1.7.2}{\376\377\000L\000e\000g\000g\000e\000\040\000d\000i\000\040\000O\000h\000m}{subsection.1.7}% 13
\BOOKMARK [2][-]{subsection.1.8}{\376\377\000D\000r\000o\000g\000a\000g\000g\000i\000\040\000N\000o\000n\000\040\000U\000n\000i\000f\000o\000r\000m\000i}{section.1}% 14
\BOOKMARK [2][-]{subsection.1.9}{\376\377\000R\000e\000l\000a\000z\000i\000o\000n\000i}{section.1}% 15
\BOOKMARK [1][-]{section.2}{\376\377\000G\000i\000u\000n\000z\000i\000o\000n\000e\000\040\000p\000n}{}% 16
\BOOKMARK [2][-]{subsection.2.1}{\376\377\000R\000i\000c\000a\000p\000i\000t\000o\000l\000a\000n\000d\000o}{section.2}% 17
\BOOKMARK [2][-]{subsection.2.2}{\376\377\000A\000p\000p\000l\000i\000c\000a\000z\000i\000o\000n\000e\000\040\000d\000e\000l\000\040\000m\000o\000d\000e\000l\000l\000o}{section.2}% 18
\BOOKMARK [2][-]{subsection.2.3}{\376\377\000L\000a\000\040\000G\000i\000u\000n\000z\000o\000n\000e\000\040\000p\000n}{section.2}% 19
\BOOKMARK [3][-]{subsubsection.2.3.1}{\376\377\000I\000n\000t\000e\000r\000v\000a\000l\000l\000o\000\040\000\050\000-\000;\000\040\000-\000w\000p\000\051}{subsection.2.3}% 20
\BOOKMARK [3][-]{subsubsection.2.3.2}{\376\377\000I\000n\000t\000e\000r\000v\000a\000l\000l\000o\000\040\000\050\000-\000w\000p\000;\000\040\000w\000n\000\051}{subsection.2.3}% 21
\BOOKMARK [3][-]{subsubsection.2.3.3}{\376\377\000I\000n\000t\000e\000r\000v\000a\000l\000l\000o\000\040\000\050\000-\000w\000p\000;\000\040\0000\000\051}{subsection.2.3}% 22
\BOOKMARK [3][-]{subsubsection.2.3.4}{\376\377\000I\000n\000t\000e\000r\000v\000a\000l\000l\000o\000\040\000\050\0000\000;\000\040\000w\000n\000\051}{subsection.2.3}% 23
\BOOKMARK [3][-]{subsubsection.2.3.5}{\376\377\000I\000n\000t\000e\000r\000v\000a\000l\000l\000o\000\040\000\050\000w\000n\000;\000\040\000+\000\051}{subsection.2.3}% 24
\BOOKMARK [3][-]{subsubsection.2.3.6}{\376\377\000G\000r\000a\000f\000i\000c\000i}{subsection.2.3}% 25
\BOOKMARK [2][-]{subsection.2.4}{\376\377\000V\000a\000l\000i\000d\000a\000z\000i\000o\000n\000e}{section.2}% 26
\BOOKMARK [2][-]{subsection.2.5}{\376\377\000C\000o\000n\000s\000i\000d\000e\000r\000a\000z\000i\000o\000n\000i}{section.2}% 27
\BOOKMARK [2][-]{subsection.2.6}{\376\377\000F\000u\000n\000z\000i\000o\000n\000a\000m\000e\000n\000t\000o}{section.2}% 28
\BOOKMARK [2][-]{subsection.2.7}{\376\377\000U\000t\000i\000l\000i\000t\000\340\000\040\000d\000e\000l\000\040\000D\000i\000o\000d\000o}{section.2}% 29
\BOOKMARK [2][-]{subsection.2.8}{\376\377\000M\000o\000d\000e\000l\000l\000o\000\040\000a\000\040\000S\000o\000g\000l\000i\000a}{section.2}% 30
\BOOKMARK [2][-]{subsection.2.9}{\376\377\000A\000p\000p\000l\000i\000c\000a\000z\000i\000o\000n\000e\000\040\000d\000e\000l\000\040\000M\000o\000d\000e\000l\000l\000o\000\040\000a\000\040\000S\000o\000g\000l\000i\000a}{section.2}% 31
\BOOKMARK [3][-]{subsubsection.2.9.1}{\376\377\000C\000i\000r\000c\000u\000i\000t\000o\000\040\000R\000a\000d\000d\000r\000i\000z\000z\000a\000t\000o\000r\000e}{subsection.2.9}% 32
\BOOKMARK [3][-]{subsubsection.2.9.2}{\376\377\000C\000i\000r\000c\000u\000i\000t\000o\000\040\000L\000i\000m\000i\000t\000a\000t\000o\000r\000e\000\040\000P\000o\000s\000i\000t\000i\000v\000o}{subsection.2.9}% 33
\BOOKMARK [3][-]{subsubsection.2.9.3}{\376\377\000C\000i\000r\000c\000u\000i\000t\000o\000\040\000L\000i\000m\000i\000t\000a\000t\000o\000r\000e\000\040\000N\000e\000g\000a\000t\000i\000v\000o}{subsection.2.9}% 34
\BOOKMARK [2][-]{subsection.2.10}{\376\377\000L\000i\000m\000i\000t\000a\000t\000o\000r\000e\000\040\000D\000o\000p\000p\000i\000o}{section.2}% 35
\BOOKMARK [3][-]{subsubsection.2.10.1}{\376\377\000D\0001\000\040\000O\000F\000F\000\040\000e\000\040\000D\0002\000\040\000O\000F\000F}{subsection.2.10}% 36
\BOOKMARK [3][-]{subsubsection.2.10.2}{\376\377\000D\0001\000\040\000O\000N\000\040\000e\000\040\000D\0002\000\040\000O\000F\000F}{subsection.2.10}% 37
\BOOKMARK [3][-]{subsubsection.2.10.3}{\376\377\000D\0001\000\040\000O\000N\000\040\000e\000\040\000D\0002\000\040\000O\000N}{subsection.2.10}% 38
\BOOKMARK [3][-]{subsubsection.2.10.4}{\376\377\000D\0001\000\040\000O\000F\000F\000\040\000e\000\040\000D\0002\000\040\000O\000N}{subsection.2.10}% 39
\BOOKMARK [3][-]{subsubsection.2.10.5}{\376\377\000G\000r\000a\000f\000i\000c\000o\000\040\000e\000\040\000C\000o\000n\000s\000i\000d\000e\000r\000a\000z\000i\000o\000n\000i}{subsection.2.10}% 40
\BOOKMARK [2][-]{subsection.2.11}{\376\377\000R\000i\000v\000e\000l\000a\000t\000o\000r\000e\000\040\000d\000i\000\040\000M\000a\000s\000s\000i\000m\000o}{section.2}% 41
\BOOKMARK [3][-]{subsubsection.2.11.1}{\376\377\000D\0001\000\040\000O\000F\000F\000\040\000D\0002\000\040\000O\000F\000F}{subsection.2.11}% 42
\BOOKMARK [3][-]{subsubsection.2.11.2}{\376\377\000D\0001\000\040\000O\000N\000\040\000D\0002\000\040\000O\000F\000F}{subsection.2.11}% 43
\BOOKMARK [3][-]{subsubsection.2.11.3}{\376\377\000D\0001\000\040\000O\000N\000\040\000D\0002\000\040\000O\000N}{subsection.2.11}% 44
\BOOKMARK [3][-]{subsubsection.2.11.4}{\376\377\000D\0001\000\040\000O\000F\000F\000\040\000D\0002\000\040\000O\000N}{subsection.2.11}% 45
\BOOKMARK [3][-]{subsubsection.2.11.5}{\376\377\000C\000o\000n\000s\000i\000d\000e\000r\000a\000z\000i\000o\000n\000i}{subsection.2.11}% 46
\BOOKMARK [3][-]{subsubsection.2.11.6}{\376\377\000U\000t\000i\000l\000i\000z\000z\000o\000\040\000d\000e\000l\000\040\000r\000i\000v\000e\000l\000a\000t\000o\000r\000e\000\040\000d\000i\000\040\000m\000a\000s\000s\000i\000m\000o}{subsection.2.11}% 47
\BOOKMARK [2][-]{subsection.2.12}{\376\377\000R\000i\000l\000e\000v\000a\000t\000o\000r\000e\000\040\000d\000i\000\040\000M\000i\000n\000i\000m\000o}{section.2}% 48
\BOOKMARK [3][-]{subsubsection.2.12.1}{\376\377\000D\0001\000\040\000O\000F\000F\000\040\000D\0002\000\040\000O\000F\000F}{subsection.2.12}% 49
\BOOKMARK [3][-]{subsubsection.2.12.2}{\376\377\000D\0001\000\040\000O\000N\000\040\000D\0002\000\040\000O\000F\000F}{subsection.2.12}% 50
\BOOKMARK [3][-]{subsubsection.2.12.3}{\376\377\000D\0001\000\040\000O\000N\000\040\000D\0002\000\040\000O\000N}{subsection.2.12}% 51
\BOOKMARK [3][-]{subsubsection.2.12.4}{\376\377\000D\0001\000\040\000O\000F\000F\000\040\000D\0002\000\040\000O\000N}{subsection.2.12}% 52
\BOOKMARK [3][-]{subsubsection.2.12.5}{\376\377\000C\000o\000n\000s\000i\000d\000e\000r\000a\000z\000i\000o\000n\000i}{subsection.2.12}% 53
\BOOKMARK [3][-]{subsubsection.2.12.6}{\376\377\000U\000t\000i\000l\000i\000z\000z\000o\000\040\000d\000e\000l\000\040\000r\000i\000l\000e\000v\000a\000t\000o\000r\000e\000\040\000d\000i\000\040\000m\000i\000n\000i\000m\000o}{subsection.2.12}% 54
\BOOKMARK [2][-]{subsection.2.13}{\376\377\000R\000a\000d\000d\000r\000i\000z\000z\000a\000t\000o\000r\000e\000\040\000a\000\040\000d\000o\000p\000p\000i\000a\000\040\000s\000e\000m\000i\000o\000n\000d\000a}{section.2}% 55
\BOOKMARK [3][-]{subsubsection.2.13.1}{\376\377\000D\0001\000\040\000O\000N}{subsection.2.13}% 56
\BOOKMARK [3][-]{subsubsection.2.13.2}{\376\377\000D\0002\000\040\000O\000N}{subsection.2.13}% 57
\BOOKMARK [3][-]{subsubsection.2.13.3}{\376\377\000D\0001\000,\000\040\000D\0002\000,\000\040\000D\0003\000\040\000e\000\040\000D\0004\000\040\000O\000F\000F}{subsection.2.13}% 58
\BOOKMARK [3][-]{subsubsection.2.13.4}{\376\377\000D\0001\000\040\000O\000N\000,\000\040\000D\0002\000\040\000O\000F\000F\000,\000\040\000D\0003\000\040\000O\000F\000F\000\040\000e\000\040\000D\0004\000\040\000O\000N}{subsection.2.13}% 59
\BOOKMARK [3][-]{subsubsection.2.13.5}{\376\377\000D\0001\000\040\000O\000F\000F\000,\000\040\000D\0002\000\040\000O\000N\000,\000\040\000D\0003\000\040\000O\000N\000\040\000e\000\040\000D\0004\000\040\000O\000F\000F}{subsection.2.13}% 60
\BOOKMARK [3][-]{subsubsection.2.13.6}{\376\377\000G\000r\000a\000f\000i\000c\000o\000\040\000e\000\040\000c\000o\000n\000s\000i\000d\000e\000r\000a\000z\000i\000o\000n\000i}{subsection.2.13}% 61
\BOOKMARK [2][-]{subsection.2.14}{\376\377\000C\000o\000n\000v\000e\000r\000t\000i\000t\000o\000r\000e\000\040\000a\000l\000t\000e\000r\000n\000a\000t\000a\000\040\000c\000o\000n\000t\000i\000n\000u\000a}{section.2}% 62
\BOOKMARK [3][-]{subsubsection.2.14.1}{\376\377\000D\000i\000o\000d\000o\000\040\000a\000c\000c\000e\000s\000o}{subsection.2.14}% 63
\BOOKMARK [3][-]{subsubsection.2.14.2}{\376\377\000S\000p\000e\000g\000n\000i\000m\000e\000n\000t\000o\000\040\000d\000e\000l\000\040\000d\000i\000o\000d\000o}{subsection.2.14}% 64
\BOOKMARK [3][-]{subsubsection.2.14.3}{\376\377\000D\000i\000o\000d\000o\000\040\000s\000p\000e\000n\000t\000o}{subsection.2.14}% 65
\BOOKMARK [2][-]{subsection.2.15}{\376\377\000P\000r\000o\000b\000l\000e\000m\000i\000\040\000d\000e\000l\000\040\000d\000i\000o\000d\000o}{section.2}% 66
\BOOKMARK [2][-]{subsection.2.16}{\376\377\000M\000o\000d\000e\000l\000l\000o\000\040\000D\000i\000n\000a\000m\000i\000c\000o}{section.2}% 67
\BOOKMARK [2][-]{subsection.2.17}{\376\377\000A\000n\000a\000l\000i\000s\000i\000\040\000D\000I\000n\000a\000m\000i\000c\000a}{section.2}% 68
\BOOKMARK [3][-]{subsubsection.2.17.1}{\376\377\000S\000i\000t\000u\000a\000z\000o\000n\000e\000\040\000p\000e\000r\000\040\000t\000<\0000}{subsection.2.17}% 69
\BOOKMARK [3][-]{subsubsection.2.17.2}{\376\377\000S\000i\000t\000u\000a\000z\000i\000o\000n\000e\000\040\000p\000e\000r\000\040\000t\000\040\000=\000\040\0000\000+\000:\000\040\000t\000r\000a\000n\000s\000i\000t\000o\000r\000i\000o\000\040\000A\000\040\000C}{subsection.2.17}% 70
\BOOKMARK [3][-]{subsubsection.2.17.3}{\376\377\000S\000i\000t\000u\000a\000z\000i\000o\000n\000e\000\040\000p\000e\000r\000\040\000t\000\040\000>\000\040\0000\000:\000\040\000t\000r\000a\000n\000s\000i\000t\000o\000r\000i\000o\000\040\000C\000\040\000B}{subsection.2.17}% 71
\BOOKMARK [3][-]{subsubsection.2.17.4}{\376\377\000G\000r\000a\000f\000i\000c\000i}{subsection.2.17}% 72
\BOOKMARK [1][-]{section.3}{\376\377\000T\000r\000a\000n\000s\000i\000s\000t\000o\000r\000e\000\040\000a\000\040\000G\000i\000u\000n\000z\000i\000o\000n\000e\000\040\000B\000i\000p\000o\000l\000a\000r\000e\000\040\000B\000J\000T}{}% 73
\BOOKMARK [2][-]{subsubsection.3.0.1}{\376\377\000I\000n\000t\000r\000o\000d\000u\000z\000i\000o\000n\000e}{section.3}% 74
\BOOKMARK [2][-]{subsection.3.1}{\376\377\000D\000i\000o\000d\000o\000\040\000n\000p\000n}{section.3}% 75
\BOOKMARK [2][-]{subsection.3.2}{\376\377\000M\000o\000d\000e\000l\000l\000o\000\040\000d\000i\000\040\000E\000b\000e\000r\000s\000\040\000\046\000\040\000M\000o\000l\000l}{section.3}% 76
\BOOKMARK [2][-]{subsection.3.3}{\376\377\000S\000e\000m\000p\000l\000i\000f\000i\000c\000a\000z\000i\000o\000n\000i}{section.3}% 77
\BOOKMARK [2][-]{subsection.3.4}{\376\377\000R\000e\000g\000i\000o\000n\000e\000\040\000V\000B\000E\000\040\000<\000\040\0000\000\040\000e\000\040\000V\000B\000C\000\040\000<\000\040\0000}{section.3}% 78
\BOOKMARK [2][-]{subsection.3.5}{\376\377\000R\000e\000g\000i\000o\000n\000e\000\040\000V\000B\000E\000\040\000<\000\040\0000\000\040\000e\000\040\000V\000B\000C\000\040\000>\000\040\0000}{section.3}% 79
\BOOKMARK [3][-]{subsubsection.3.5.1}{\376\377\000A\000n\000a\000l\000i\000s\000i\000\040\000Q\000u\000a\000l\000i\000t\000a\000t\000i\000v\000a}{subsection.3.5}% 80
\BOOKMARK [3][-]{subsubsection.3.5.2}{\376\377\000A\000n\000a\000l\000i\000s\000i\000\040\000Q\000u\000a\000n\000t\000i\000t\000a\000t\000i\000v\000a}{subsection.3.5}% 81
\BOOKMARK [2][-]{subsection.3.6}{\376\377\000R\000e\000g\000i\000o\000n\000e\000\040\000V\000B\000E\000\040\000>\000\040\0000\000\040\000e\000\040\000V\000B\000C\000\040\000>\000\040\0000}{section.3}% 82
\BOOKMARK [2][-]{subsection.3.7}{\376\377\000R\000e\000g\000i\000o\000n\000i\000\040\000d\000i\000\040\000F\000u\000n\000z\000i\000o\000n\000a\000m\000e\000n\000t\000o}{section.3}% 83
\BOOKMARK [2][-]{subsection.3.8}{\376\377\000A\000p\000p\000l\000i\000c\000a\000z\000i\000o\000n\000e}{section.3}% 84
\BOOKMARK [2][-]{subsection.3.9}{\376\377\000C\000o\000n\000f\000i\000g\000u\000r\000a\000z\000i\000o\000n\000i\000\040\000P\000o\000s\000s\000i\000b\000i\000l\000i}{section.3}% 85
\BOOKMARK [2][-]{subsection.3.10}{\376\377\000C\000o\000n\000n\000e\000s\000s\000i\000o\000n\000e\000\040\000i\000n\000\040\000e\000m\000e\000t\000t\000i\000t\000o\000r\000e\000\040\000c\000o\000m\000u\000n\000e}{section.3}% 86
\BOOKMARK [3][-]{subsubsection.3.10.1}{\376\377\000I\000n\000g\000r\000e\000s\000s\000o}{subsection.3.10}% 87
\BOOKMARK [3][-]{subsubsection.3.10.2}{\376\377\000U\000s\000c\000i\000t\000a}{subsection.3.10}% 88
\BOOKMARK [2][-]{subsection.3.11}{\376\377\000R\000e\000l\000a\000z\000i\000o\000n\000e\000\040\000t\000r\000a\000\040\000i\000n\000g\000r\000e\000s\000s\000o\000\040\000e\000\040\000u\000s\000c\000i\000t\000a}{section.3}% 89
\BOOKMARK [3][-]{subsubsection.3.11.1}{\376\377\000R\000e\000g\000i\000o\000n\000e\000\040\000d\000i\000\040\000I\000n\000t\000e\000r\000d\000i\000z\000i\000o\000n\000e}{subsection.3.11}% 90
\BOOKMARK [3][-]{subsubsection.3.11.2}{\376\377\000R\000e\000g\000i\000o\000n\000e\000\040\000N\000o\000r\000m\000a\000l\000e}{subsection.3.11}% 91
\BOOKMARK [3][-]{subsubsection.3.11.3}{\376\377\000R\000e\000g\000i\000o\000n\000e\000\040\000d\000i\000\040\000S\000a\000t\000u\000r\000a\000z\000i\000o\000n\000e}{subsection.3.11}% 92
\BOOKMARK [3][-]{subsubsection.3.11.4}{\376\377\000R\000i\000a\000s\000s\000u\000n\000t\000o}{subsection.3.11}% 93
\BOOKMARK [2][-]{subsection.3.12}{\376\377\000M\000o\000d\000e\000l\000l\000o\000\040\000a\000\040\000S\000o\000g\000l\000i\000a}{section.3}% 94
\BOOKMARK [3][-]{subsubsection.3.12.1}{\376\377\000I\000n\000g\000r\000e\000s\000s\000o}{subsection.3.12}% 95
\BOOKMARK [3][-]{subsubsection.3.12.2}{\376\377\000U\000s\000c\000i\000t\000a}{subsection.3.12}% 96
\BOOKMARK [3][-]{subsubsection.3.12.3}{\376\377\000R\000i\000a\000s\000s\000u\000n\000t\000o}{subsection.3.12}% 97
\BOOKMARK [2][-]{subsection.3.13}{\376\377\000I\000n\000v\000e\000r\000t\000i\000t\000o\000r\000e\000\040\000R\000T\000L}{section.3}% 98
\BOOKMARK [3][-]{subsubsection.3.13.1}{\376\377\000C\000o\000n\000s\000i\000d\000e\000r\000a\000z\000i\000o\000n\000i\000\040\000i\000n\000i\000z\000i\000a\000l\000i}{subsection.3.13}% 99
\BOOKMARK [3][-]{subsubsection.3.13.2}{\376\377\000R\000e\000g\000i\000o\000n\000e\000\040\000d\000i\000\040\000I\000n\000t\000e\000r\000d\000i\000z\000i\000o\000n\000e}{subsection.3.13}% 100
\BOOKMARK [3][-]{subsubsection.3.13.3}{\376\377\000R\000e\000g\000i\000o\000n\000e\000\040\000N\000o\000r\000m\000a\000l\000e}{subsection.3.13}% 101
\BOOKMARK [3][-]{subsubsection.3.13.4}{\376\377\000r\000e\000g\000i\000o\000n\000e\000\040\000d\000i\000\040\000S\000a\000t\000u\000r\000a\000z\000i\000o\000n\000e}{subsection.3.13}% 102
\BOOKMARK [3][-]{subsubsection.3.13.5}{\376\377\000C\000o\000n\000s\000i\000d\000e\000r\000a\000z\000i\000o\000n\000i\000\040\000f\000i\000n\000a\000l\000i}{subsection.3.13}% 103
\BOOKMARK [2][-]{subsection.3.14}{\376\377\000I\000n\000v\000e\000r\000t\000i\000t\000o\000r\000e\000\040\000a\000d\000\040\000a\000c\000c\000o\000p\000p\000i\000a\000m\000e\000n\000t\000o\000\040\000d\000i\000r\000e\000t\000t\000o}{section.3}% 104
\BOOKMARK [3][-]{subsubsection.3.14.1}{\376\377\000C\000o\000n\000s\000i\000d\000e\000r\000a\000z\000i\000o\000n\000i\000\040\000i\000n\000i\000z\000i\000a\000l\000i}{subsection.3.14}% 105
\BOOKMARK [3][-]{subsubsection.3.14.2}{\376\377\000R\000e\000g\000i\000o\000n\000e\000\040\000d\000i\000\040\000i\000n\000t\000e\000r\000d\000i\000z\000i\000o\000n\000e}{subsection.3.14}% 106
\BOOKMARK [3][-]{subsubsection.3.14.3}{\376\377\000R\000e\000g\000i\000o\000n\000e\000\040\000n\000o\000r\000m\000a\000l\000e}{subsection.3.14}% 107
\BOOKMARK [3][-]{subsubsection.3.14.4}{\376\377\000R\000e\000g\000i\000o\000n\000e\000\040\000d\000i\000\040\000s\000a\000t\000u\000r\000a\000z\000i\000o\000n\000e}{subsection.3.14}% 108
\BOOKMARK [3][-]{subsubsection.3.14.5}{\376\377\000C\000o\000n\000s\000i\000d\000e\000r\000a\000z\000i\000o\000n\000i\000\040\000f\000i\000n\000a\000l\000i}{subsection.3.14}% 109
\BOOKMARK [2][-]{subsection.3.15}{\376\377\000U\000s\000a\000b\000i\000l\000i\000t\000\340\000\040\000d\000e\000l\000\040\000m\000o\000d\000e\000l\000l\000o\000\040\000a\000\040\000s\000o\000g\000l\000i\000a}{section.3}% 110
\BOOKMARK [2][-]{subsection.3.16}{\376\377\000Q\000u\000a\000l\000i\000t\000\340\000\040\000d\000e\000l\000l\000'\000i\000n\000v\000e\000r\000t\000i\000t\000o\000r\000e\000\040\000R\000T\000L}{section.3}% 111
\BOOKMARK [3][-]{subsubsection.3.16.1}{\376\377\000I\000n\000v\000e\000r\000t\000i\000t\000o\000r\000e}{subsection.3.16}% 112
\BOOKMARK [3][-]{subsubsection.3.16.2}{\376\377\000R\000e\000s\000i\000s\000t\000e\000n\000z\000a\000\040\000a\000i\000\040\000d\000i\000s\000t\000u\000r\000b\000i\000\040\000\050\000E\000f\000f\000e\000t\000o\000\040\000d\000e\000l\000\040\000r\000u\000m\000o\000r\000e\000\051}{subsection.3.16}% 113
\BOOKMARK [4][-]{paragraph.3.16.2.1}{\376\377\000S\000e\000g\000n\000a\000l\000e\000\040\000a\000n\000a\000l\000o\000g\000i\000c\000o}{subsubsection.3.16.2}% 114
\BOOKMARK [4][-]{paragraph.3.16.2.2}{\376\377\000S\000e\000g\000n\000a\000l\000e\000\040\000d\000i\000g\000i\000t\000a\000l\000e}{subsubsection.3.16.2}% 115
\BOOKMARK [3][-]{subsubsection.3.16.3}{\376\377\000I\000m\000m\000u\000n\000i\000t\000\340\000\040\000a\000i\000\040\000d\000i\000s\000t\000u\000r\000b\000i}{subsection.3.16}% 116
\BOOKMARK [4][-]{paragraph.3.16.3.1}{\376\377\000V\000a\000l\000o\000r\000i\000\040\000f\000o\000n\000d\000a\000m\000e\000n\000t\000a\000l\000i}{subsubsection.3.16.3}% 117
\BOOKMARK [4][-]{paragraph.3.16.3.2}{\376\377\000E\000s\000e\000m\000p\000i\000o\000\040\000P\000r\000a\000t\000i\000c\000o}{subsubsection.3.16.3}% 118
\BOOKMARK [2][-]{subsection.3.17}{\376\377\000G\000e\000n\000e\000r\000a\000l\000i\000z\000z\000a\000z\000i\000o\000n\000i}{section.3}% 119
\BOOKMARK [2][-]{subsection.3.18}{\376\377\000G\000e\000n\000e\000r\000a\000l\000i\000z\000z\000a\000z\000i\000o\000n\000i\000\040\000a\000\040\000f\000u\000n\000z\000i\000o\000n\000i\000\040\000a\000\040\000p\000i\000\371\000\040\000i\000n\000g\000r\000e\000s\000s\000i}{section.3}% 120
\BOOKMARK [3][-]{subsubsection.3.18.1}{\376\377\000V\0001\000\040\000=\000\040\000V\000L\000\040\000;\000\040\000V\0002\000\040\000=\000\040\000V\000L}{subsection.3.18}% 121
\BOOKMARK [3][-]{subsubsection.3.18.2}{\376\377\000V\0001\000\040\000=\000\040\000V\000L\000\040\000;\000\040\000V\0002\000\040\000=\000\040\000V\000H}{subsection.3.18}% 122
\BOOKMARK [3][-]{subsubsection.3.18.3}{\376\377\000V\0001\000\040\000=\000\040\000V\000H\000\040\000;\000\040\000V\0002\000\040\000=\000\040\000V\000L}{subsection.3.18}% 123
\BOOKMARK [3][-]{subsubsection.3.18.4}{\376\377\000V\0001\000\040\000=\000\040\000V\000H\000\040\000;\000\040\000V\0002\000\040\000=\000\040\000V\000H}{subsection.3.18}% 124
\BOOKMARK [3][-]{subsubsection.3.18.5}{\376\377\000C\000o\000n\000s\000i\000d\000e\000r\000a\000z\000i\000o\000n\000i\000\040\000f\000i\000n\000a\000l\000i}{subsection.3.18}% 125
\BOOKMARK [2][-]{subsection.3.19}{\376\377\000G\000e\000n\000e\000r\000a\000l\000i\000z\000z\000a\000z\000i\000o\000n\000e\000\040\000a\000\040\000q\000u\000a\000l\000s\000i\000a\000s\000i\000\040\000i\000n\000v\000e\000r\000t\000i\000t\000o\000r\000e}{section.3}% 126
\BOOKMARK [2][-]{subsection.3.20}{\376\377\000G\000e\000n\000e\000r\000a\000l\000i\000z\000z\000a\000z\000i\000o\000n\000e\000\040\000d\000i\000\040\000N\000M}{section.3}% 127
\BOOKMARK [2][-]{subsection.3.21}{\376\377\000I\000n\000c\000o\000n\000g\000r\000u\000e\000n\000z\000a}{section.3}% 128
\BOOKMARK [2][-]{subsection.3.22}{\376\377\000R\000e\000t\000e\000\040\000d\000i\000\040\000i\000n\000v\000e\000r\000t\000i\000t\000o\000r\000i}{section.3}% 129
\BOOKMARK [3][-]{subsubsection.3.22.1}{\376\377\000C\000o\000n\000s\000i\000d\000e\000r\000a\000z\000i\000o\000n\000i\000\040\000p\000r\000e\000l\000i\000m\000i\000n\000a\000r\000i}{subsection.3.22}% 130
\BOOKMARK [3][-]{subsubsection.3.22.2}{\376\377\000T\000\040\000i\000n\000\040\000i\000n\000t\000e\000r\000d\000i\000z\000i\000o\000n\000e}{subsection.3.22}% 131
\BOOKMARK [3][-]{subsubsection.3.22.3}{\376\377\000T\000\040\000i\000n\000\040\000r\000e\000g\000i\000o\000n\000e\000\040\000n\000o\000r\000m\000a\000l\000e}{subsection.3.22}% 132
\BOOKMARK [4][-]{paragraph.3.22.3.1}{\376\377\000T\000'\000\040\000i\000n\000\040\000i\000n\000t\000e\000r\000d\000i\000z\000i\000o\000n\000e}{subsubsection.3.22.3}% 133
\BOOKMARK [4][-]{paragraph.3.22.3.2}{\376\377\000C\000o\000n\000s\000i\000d\000e\000r\000a\000z\000i\000o\000n\000i\000\040\000f\000i\000n\000a\000l\000i}{subsubsection.3.22.3}% 134
\BOOKMARK [2][-]{subsection.3.23}{\376\377\000A\000u\000m\000e\000n\000t\000o\000\040\000d\000e\000l\000\040\000f\000a\000n\000\040\000o\000u\000t}{section.3}% 135
\BOOKMARK [3][-]{subsubsection.3.23.1}{\376\377\000C\000o\000n\000s\000i\000d\000e\000r\000a\000z\000i\000o\000n\000i\000\040\000i\000n\000i\000z\000i\000a\000l\000i}{subsection.3.23}% 136
\BOOKMARK [3][-]{subsubsection.3.23.2}{\376\377\000T\000\040\000i\000n\000\040\000i\000n\000t\000e\000r\000d\000i\000z\000i\000o\000n\000e}{subsection.3.23}% 137
\BOOKMARK [3][-]{subsubsection.3.23.3}{\376\377\000T\000\040\000i\000n\000\040\000r\000e\000g\000i\000o\000n\000e\000\040\000n\000o\000r\000m\000a\000l\000e}{subsection.3.23}% 138
\BOOKMARK [3][-]{subsubsection.3.23.4}{\376\377\000T\000'\000\040\000i\000n\000\040\000i\000n\000t\000e\000r\000d\000i\000z\000i\000o\000n\000e}{subsection.3.23}% 139
\BOOKMARK [3][-]{subsubsection.3.23.5}{\376\377\000C\000o\000n\000s\000i\000d\000e\000r\000a\000z\000i\000o\000n\000i\000\040\000f\000i\000n\000a\000l\000i}{subsection.3.23}% 140
\BOOKMARK [2][-]{subsection.3.24}{\376\377\000M\000o\000d\000e\000l\000l\000o\000\040\000d\000i\000n\000a\000m\000i\000c\000o\000\040\000d\000e\000l\000\040\000B\000J\000T}{section.3}% 141
\BOOKMARK [3][-]{subsubsection.3.24.1}{\376\377\000P\000o\000l\000a\000r\000i\000z\000z\000a\000z\000i\000o\000n\000e\000\040\000d\000i\000r\000e\000t\000t\000a}{subsection.3.24}% 142
\BOOKMARK [3][-]{subsubsection.3.24.2}{\376\377\000P\000o\000l\000a\000r\000i\000z\000z\000a\000z\000i\000o\000n\000e\000\040\000i\000n\000v\000e\000r\000s\000a}{subsection.3.24}% 143
\BOOKMARK [3][-]{subsubsection.3.24.3}{\376\377\000R\000e\000g\000i\000o\000n\000e\000\040\000d\000i\000\040\000s\000a\000t\000u\000r\000a\000z\000i\000o\000n\000e}{subsection.3.24}% 144
\BOOKMARK [3][-]{subsubsection.3.24.4}{\376\377\000M\000o\000d\000e\000l\000l\000o\000\040\000d\000i\000n\000a\000m\000i\000c\000o}{subsection.3.24}% 145
\BOOKMARK [2][-]{subsection.3.25}{\376\377\000R\000i\000s\000p\000o\000s\000t\000a\000\040\000d\000i\000n\000a\000m\000i\000c\000a}{section.3}% 146
\BOOKMARK [3][-]{subsubsection.3.25.1}{\376\377\000S\000i\000t\000u\000a\000z\000i\000o\000n\000e\000\040\000p\000e\000r\000\040\000t\000\040\000<\000\040\0000\000\040\000\050\000p\000u\000n\000t\000o\000\040\000A\000\051}{subsection.3.25}% 147
\BOOKMARK [3][-]{subsubsection.3.25.2}{\376\377\000S\000i\000t\000u\000a\000z\000i\000o\000n\000e\000\040\000p\000e\000r\000\040\000t\000\040\000+\000\040\000\050\000p\000u\000n\000t\000o\000\040\000B\000\051}{subsection.3.25}% 148
\BOOKMARK [3][-]{subsubsection.3.25.3}{\376\377\000S\000i\000t\000u\000a\000z\000i\000o\000n\000e\000\040\000p\000e\000r\000\040\000t\000\040\000>\000\040\0000\000\040\000\050\000p\000u\000n\000t\000i\000\040\000C\000\040\000e\000\040\000D\000\051}{subsection.3.25}% 149
\BOOKMARK [4][-]{paragraph.3.25.3.1}{\376\377\000T\000r\000a\000t\000t\000o\000\040\0001}{subsubsection.3.25.3}% 150
\BOOKMARK [4][-]{paragraph.3.25.3.2}{\376\377\000T\000r\000a\000t\000t\000o\000\040\0002}{subsubsection.3.25.3}% 151
\BOOKMARK [4][-]{paragraph.3.25.3.3}{\376\377\000T\000r\000a\000t\000t\000o\000\040\0003}{subsubsection.3.25.3}% 152
\BOOKMARK [3][-]{subsubsection.3.25.4}{\376\377\000T\000r\000a\000n\000s\000i\000t\000o\000r\000i\000o\000\040\000d\000i\000\040\000s\000p\000e\000g\000n\000i\000m\000e\000n\000t\000o}{subsection.3.25}% 153
\BOOKMARK [4][-]{paragraph.3.25.4.1}{\376\377\000T\000r\000a\000t\000t\000o\000\040\0001}{subsubsection.3.25.4}% 154
\BOOKMARK [4][-]{paragraph.3.25.4.2}{\376\377\000T\000r\000a\000t\000t\000o\000\040\0002}{subsubsection.3.25.4}% 155
\BOOKMARK [4][-]{paragraph.3.25.4.3}{\376\377\000T\000r\000a\000t\000t\000o\000\040\0003}{subsubsection.3.25.4}% 156
\BOOKMARK [3][-]{subsubsection.3.25.5}{\376\377\000G\000r\000a\000f\000i\000c\000i\000\040\000e\000\040\000c\000o\000n\000s\000i\000d\000e\000r\000a\000z\000i\000o\000n\000i\000\040\000f\000i\000n\000a\000l\000i}{subsection.3.25}% 157
\BOOKMARK [2][-]{subsection.3.26}{\376\377\000L\000o\000g\000i\000c\000a\000\040\000T\000T\000L\000\040\000\050\000T\000r\000a\000n\000s\000i\000s\000t\000o\000r\000\040\000T\000r\000a\000n\000s\000i\000s\000t\000o\000r\000\040\000L\000o\000g\000i\000c\000\051\000\040\000s\000t\000a\000t\000i\000c\000a}{section.3}% 158
\BOOKMARK [3][-]{subsubsection.3.26.1}{\376\377\000C\000o\000n\000s\000i\000d\000e\000r\000a\000z\000i\000o\000n\000i\000\040\000i\000n\000i\000z\000i\000a\000l\000i}{subsection.3.26}% 159
\BOOKMARK [3][-]{subsubsection.3.26.2}{\376\377\000T\0002\000\040\000i\000n\000\040\000i\000n\000t\000e\000r\000d\000i\000z\000i\000o\000n\000e}{subsection.3.26}% 160
\BOOKMARK [3][-]{subsubsection.3.26.3}{\376\377\000T\0002\000\040\000i\000n\000\040\000s\000a\000t\000u\000r\000a\000z\000i\000o\000n\000e}{subsection.3.26}% 161
\BOOKMARK [4][-]{paragraph.3.26.3.1}{\376\377\000T\0002\000\040\000i\000n\000\040\000r\000e\000g\000i\000o\000n\000e\000\040\000n\000o\000r\000m\000a\000l\000e}{subsubsection.3.26.3}% 162
\BOOKMARK [4][-]{paragraph.3.26.3.2}{\376\377\000G\000r\000a\000f\000i\000c\000o\000\040\000e\000\040\000c\000o\000n\000s\000i\000d\000e\000r\000a\000z\000i\000o\000n\000i\000\040\000f\000i\000n\000a\000l\000i}{subsubsection.3.26.3}% 163
\BOOKMARK [2][-]{subsection.3.27}{\376\377\000T\000r\000a\000n\000s\000i\000t\000o\000r\000i\000o\000\040\000V\000H\000\040\000-\0003\000m\000u\000V\000L}{section.3}% 164
\BOOKMARK [2][-]{subsection.3.28}{\376\377\000I\000m\000m\000u\000n\000i\000t\000\340\000\040\000d\000i\000\040\000d\000i\000s\000t\000u\000r\000b\000i}{section.3}% 165
\BOOKMARK [2][-]{subsection.3.29}{\376\377\000A\000u\000m\000e\000n\000t\000o\000\040\000d\000e\000l\000l\000a\000\040\000c\000o\000m\000p\000l\000e\000s\000s\000i\000t\000\340}{section.3}% 166
\BOOKMARK [2][-]{subsection.3.30}{\376\377\000L\000o\000g\000i\000c\000a\000\040\000E\000C\000L\000\040\000\050\000E\000m\000i\000t\000t\000e\000n\000t\000\040\000C\000o\000u\000p\000l\000e\000d\000\040\000L\000o\000g\000i\000c\000\051}{section.3}% 167
\BOOKMARK [1][-]{section.4}{\376\377\000T\000r\000a\000n\000s\000i\000s\000t\000o\000r\000e\000\040\000M\000O\000S\000F\000E\000T}{}% 168
