\BOOKMARK [1][-]{section.1}{\376\377\000B\000a\000s\000i\000\040\000d\000i\000\040\000D\000a\000t\000i}{}% 1
\BOOKMARK [1][-]{section.2}{\376\377\000A\000r\000c\000h\000i\000t\000e\000t\000t\000u\000r\000a\000\040\000C\000l\000i\000e\000n\000t\000-\000S\000e\000r\000v\000e\000r}{}% 2
\BOOKMARK [1][-]{section.3}{\376\377\000D\000B\000M\000S}{}% 3
\BOOKMARK [2][-]{subsection.3.1}{\376\377\000A\000f\000f\000i\000d\000a\000b\000i\000l\000i\000t\000\340}{section.3}% 4
\BOOKMARK [2][-]{subsection.3.2}{\376\377\000P\000r\000i\000v\000a\000t\000e\000z\000z\000a\000\040\000d\000e\000i\000\040\000d\000a\000t\000i}{section.3}% 5
\BOOKMARK [2][-]{subsection.3.3}{\376\377\000E\000f\000f\000i\000c\000i\000e\000n\000z\000a}{section.3}% 6
\BOOKMARK [2][-]{subsection.3.4}{\376\377\000E\000f\000f\000i\000c\000a\000c\000i\000a}{section.3}% 7
\BOOKMARK [2][-]{subsection.3.5}{\376\377\000I\000n\000d\000i\000p\000e\000n\000d\000e\000n\000z\000a\000\040\000d\000e\000i\000\040\000d\000a\000t\000i}{section.3}% 8
\BOOKMARK [1][-]{section.4}{\376\377\000M\000o\000d\000e\000l\000l\000i\000\040\000d\000e\000i\000\040\000D\000a\000t\000i}{}% 9
\BOOKMARK [2][-]{subsection.4.1}{\376\377\000I\000l\000\040\000p\000r\000o\000b\000l\000e\000m\000a\000\040\000f\000o\000n\000d\000a\000m\000e\000n\000t\000a\000l\000e}{section.4}% 10
\BOOKMARK [2][-]{subsection.4.2}{\376\377\000M\000o\000d\000e\000l\000l\000i\000\040\000l\000o\000g\000i\000c\000i\000\040\000d\000e\000i\000\040\000d\000a\000t\000i}{section.4}% 11
\BOOKMARK [2][-]{subsection.4.3}{\376\377\000M\000o\000d\000e\000l\000l\000o\000\040\000r\000e\000l\000a\000z\000i\000o\000n\000a\000l\000e}{section.4}% 12
\BOOKMARK [2][-]{subsection.4.4}{\376\377\000S\000c\000h\000e\000m\000a}{section.4}% 13
\BOOKMARK [1][-]{section.5}{\376\377\000P\000r\000o\000g\000e\000t\000t\000a\000z\000i\000o\000n\000e\000\040\000d\000i\000\040\000u\000n\000a\000\040\000b\000a\000s\000e\000\040\000d\000i\000\040\000d\000a\000t\000i}{}% 14
\BOOKMARK [1][-]{section.6}{\376\377\000I\000n\000t\000e\000r\000f\000a\000c\000c\000i\000a\000r\000s\000i\000\040\000c\000o\000n\000\040\000u\000n\000a\000\040\000b\000a\000s\000e\000\040\000d\000i\000\040\000d\000a\000t\000i}{}% 15
\BOOKMARK [2][-]{subsection.6.1}{\376\377\000L\000i\000n\000g\000u\000a\000g\000g\000i\000\040\000p\000e\000r\000\040\000b\000a\000s\000i\000\040\000d\000i\000\040\000d\000a\000t\000i}{section.6}% 16
\BOOKMARK [3][-]{subsubsection.6.1.1}{\376\377\000S\000Q\000L\000:\000\040\000u\000n\000\040\000l\000i\000n\000g\000u\000a\000g\000g\000i\000o\000\040\000i\000n\000t\000e\000r\000a\000t\000t\000i\000v\000o}{subsection.6.1}% 17
\BOOKMARK [4][-]{paragraph.6.1.1.1}{\376\377\000S\000Q\000L\000\040\000e\000m\000b\000e\000d\000d\000e\000d\000\040\000i\000n\000\040\000P\000a\000s\000c\000a\000l\000\040\000c\000o\000d\000e}{subsubsection.6.1.1}% 18
\BOOKMARK [4][-]{paragraph.6.1.1.2}{\376\377\000S\000Q\000P\000\040\000e\000m\000b\000e\000d\000d\000e\000d\000\040\000i\000n\000\040\000P\000H\000P\000\040\000c\000o\000d\000e}{subsubsection.6.1.1}% 19
\BOOKMARK [2][-]{subsection.6.2}{\376\377\000I\000n\000t\000e\000r\000a\000z\000i\000o\000n\000e\000\040\000n\000o\000n\000\040\000t\000e\000s\000t\000u\000a\000l\000e}{section.6}% 20
\BOOKMARK [3][-]{subsubsection.6.2.1}{\376\377\000V\000a\000n\000t\000a\000g\000g\000i\000\040\000d\000e\000i\000\040\000D\000B\000M\000S}{subsection.6.2}% 21
\BOOKMARK [3][-]{subsubsection.6.2.2}{\376\377\000V\000a\000n\000t\000a\000g\000g\000i\000\040\000d\000e\000i\000\040\000D\000B\000M\000S}{subsection.6.2}% 22
\BOOKMARK [1][-]{section.7}{\376\377\000M\000o\000d\000e\000l\000l\000o\000\040\000r\000e\000l\000a\000z\000i\000o\000n\000a\000l\000e}{}% 23
\BOOKMARK [2][-]{subsection.7.1}{\376\377\000T\000r\000e\000\040\000a\000c\000c\000e\000z\000i\000o\000n\000i\000\040\000i\000m\000p\000o\000r\000t\000a\000n\000t\000i}{section.7}% 24
\BOOKMARK [2][-]{subsection.7.2}{\376\377\000R\000e\000l\000a\000z\000i\000o\000n\000e\000\040\000-\000\040\000P\000r\000o\000d\000o\000t\000t\000o\000\040\000C\000a\000r\000t\000e\000s\000i\000a\000n\000o}{section.7}% 25
\BOOKMARK [3][-]{subsubsection.7.2.1}{\376\377\000E\000s\000e\000m\000p\000i\000o}{subsection.7.2}% 26
\BOOKMARK [2][-]{subsection.7.3}{\376\377\000R\000e\000l\000a\000z\000i\000o\000n\000i}{section.7}% 27
\BOOKMARK [3][-]{subsubsection.7.3.1}{\376\377\000E\000s\000e\000m\000p\000i\000o}{subsection.7.3}% 28
\BOOKMARK [2][-]{subsection.7.4}{\376\377\000T\000u\000p\000l\000a}{section.7}% 29
\BOOKMARK [3][-]{subsubsection.7.4.1}{\376\377\000P\000e\000r\000c\000h\000\351\000\040\000u\000n\000a\000\040\000t\000u\000p\000l\000a\000\040\000s\000i\000\040\000c\000h\000i\000a\000m\000a\000\040\000c\000o\000s\000\354\000?}{subsection.7.4}% 30
\BOOKMARK [3][-]{subsubsection.7.4.2}{\376\377\000E\000s\000e\000m\000p\000i\000o}{subsection.7.4}% 31
\BOOKMARK [2][-]{subsection.7.5}{\376\377\000C\000o\000s\000a\000\040\000s\000i\000g\000n\000i\000f\000i\000c\000a\000\040\000r\000e\000l\000a\000z\000i\000o\000n\000e}{section.7}% 32
\BOOKMARK [3][-]{subsubsection.7.5.1}{\376\377\000P\000r\000o\000p\000r\000i\000e\000t\000\340\000\040\000f\000o\000n\000d\000a\000m\000e\000n\000t\000a\000l\000i}{subsection.7.5}% 33
\BOOKMARK [3][-]{subsubsection.7.5.2}{\376\377\000C\000o\000n\000s\000e\000g\000u\000e\000n\000z\000e}{subsection.7.5}% 34
\BOOKMARK [2][-]{subsection.7.6}{\376\377\000B\000a\000s\000i\000\040\000d\000i\000\040\000D\000a\000t\000i\000\040\000e\000\040\000R\000e\000l\000a\000z\000i\000o\000n\000i}{section.7}% 35
\BOOKMARK [3][-]{subsubsection.7.6.1}{\376\377\000E\000s\000e\000m\000p\000i\000o}{subsection.7.6}% 36
\BOOKMARK [3][-]{subsubsection.7.6.2}{\376\377\000D\000e\000f\000i\000n\000i\000z\000i\000o\000n\000e\000\040\000r\000e\000l\000a\000z\000i\000o\000n\000e}{subsection.7.6}% 37
\BOOKMARK [3][-]{subsubsection.7.6.3}{\376\377\000E\000s\000e\000m\000p\000i\000o\000\040\000d\000i\000\040\000r\000e\000l\000a\000z\000i\000o\000n\000e\000\040\000c\000o\000n\000\040\000a\000t\000t\000r\000i\000b\000u\000t\000i}{subsection.7.6}% 38
\BOOKMARK [3][-]{subsubsection.7.6.4}{\376\377\000N\000o\000t\000a\000z\000i\000o\000n\000e}{subsection.7.6}% 39
\BOOKMARK [3][-]{subsubsection.7.6.5}{\376\377\000E\000s\000e\000m\000p\000i\000o}{subsection.7.6}% 40
\BOOKMARK [2][-]{subsection.7.7}{\376\377\000D\000o\000m\000i\000n\000i\000o}{section.7}% 41
\BOOKMARK [3][-]{subsubsection.7.7.1}{\376\377\000E\000s\000e\000m\000p\000i\000o}{subsection.7.7}% 42
\BOOKMARK [3][-]{subsubsection.7.7.2}{\376\377\000V\000a\000n\000t\000a\000g\000g\000i\000\040\000d\000e\000l\000l\040\031\000a\000p\000p\000r\000o\000c\000c\000i\000o\000\040\000b\000a\000s\000a\000t\000o\000\040\000s\000u\000\040\000v\000a\000l\000o\000r\000i}{subsection.7.7}% 43
\BOOKMARK [2][-]{subsection.7.8}{\376\377\000I\000n\000f\000o\000r\000m\000a\000z\000i\000o\000n\000e\000\040\000S\000b\000a\000g\000l\000i\000a\000t\000a}{section.7}% 44
\BOOKMARK [2][-]{subsection.7.9}{\376\377\000V\000i\000n\000c\000o\000l\000i\000\040\000d\000i\000\040\000I\000n\000t\000e\000g\000r\000i\000t\000\340}{section.7}% 45
\BOOKMARK [3][-]{subsubsection.7.9.1}{\376\377\000V\000i\000n\000c\000o\000l\000i\000\040\000d\000i\000\040\000T\000u\000p\000l\000a}{subsection.7.9}% 46
\BOOKMARK [3][-]{subsubsection.7.9.2}{\376\377\000I\000d\000e\000n\000t\000i\000f\000i\000c\000a\000z\000i\000o\000n\000e\000\040\000d\000e\000l\000l\000e\000\040\000t\000u\000p\000l\000e}{subsection.7.9}% 47
\BOOKMARK [2][-]{subsection.7.10}{\376\377\000C\000h\000i\000a\000v\000i}{section.7}% 48
\BOOKMARK [3][-]{subsubsection.7.10.1}{\376\377\000E\000s\000e\000m\000p\000i\000o}{subsection.7.10}% 49
\BOOKMARK [3][-]{subsubsection.7.10.2}{\376\377\000C\000h\000i\000a\000v\000e\000\040\000p\000r\000i\000m\000a\000r\000i\000a}{subsection.7.10}% 50
\BOOKMARK [3][-]{subsubsection.7.10.3}{\376\377\000V\000i\000n\000c\000o\000l\000i\000\040\000s\000i\000\040\000I\000n\000t\000e\000g\000r\000i\000t\000\340\000\040\000R\000e\000f\000e\000r\000e\000n\000z\000i\000a\000l\000e}{subsection.7.10}% 51
\BOOKMARK [4][-]{paragraph.7.10.3.1}{\376\377\000E\000s\000e\000m\000p\000i\000o}{subsubsection.7.10.3}% 52
\BOOKMARK [1][-]{section.8}{\376\377\000A\000l\000g\000e\000b\000r\000a\000\040\000R\000e\000l\000a\000z\000i\000o\000n\000a\000l\000e}{}% 53
\BOOKMARK [2][-]{subsection.8.1}{\376\377\000O\000p\000e\000r\000a\000t\000o\000r\000i\000\040\000d\000e\000r\000i\000v\000a\000t\000i\000\040\000d\000a\000g\000l\000i\000\040\000i\000n\000s\000i\000e\000m\000i}{section.8}% 54
\BOOKMARK [3][-]{subsubsection.8.1.1}{\376\377\000U\000n\000i\000o\000n\000e}{subsection.8.1}% 55
\BOOKMARK [3][-]{subsubsection.8.1.2}{\376\377\000I\000n\000t\000e\000r\000s\000e\000z\000i\000o\000n\000e}{subsection.8.1}% 56
\BOOKMARK [3][-]{subsubsection.8.1.3}{\376\377\000D\000i\000f\000f\000e\000r\000e\000n\000z\000a}{subsection.8.1}% 57
\BOOKMARK [3][-]{subsubsection.8.1.4}{\376\377\000R\000i\000d\000e\000n\000o\000m\000i\000n\000a\000z\000i\000o\000n\000e}{subsection.8.1}% 58
\BOOKMARK [1][-]{section.9}{\376\377\000C\000o\000n\000t\000i\000n\000u\000a\000\040\000s\000u\000\040\000s\000l\000i\000d\000e\000\040\0007}{}% 59
