\BOOKMARK [1][-]{section.1}{\376\377\000M\000a\000t\000e\000r\000i\000a\000l\000i\000\040\000s\000e\000m\000i\000c\000o\000n\000d\000u\000t\000t\000o\000r\000i}{}% 1
\BOOKMARK [2][-]{subsection.1.1}{\376\377\000I\000n\000t\000r\000o\000d\000u\000z\000i\000o\000n\000e}{section.1}% 2
\BOOKMARK [2][-]{subsection.1.2}{\376\377\000S\000e\000m\000i\000c\000o\000n\000d\000u\000t\000t\000o\000r\000i}{section.1}% 3
\BOOKMARK [3][-]{subsubsection.1.2.1}{\376\377\000P\000r\000e\000m\000e\000s\000s\000a}{subsection.1.2}% 4
\BOOKMARK [3][-]{subsubsection.1.2.2}{\376\377\000C\000o\000n\000c\000l\000u\000s\000i\000o\000n\000i}{subsection.1.2}% 5
\BOOKMARK [3][-]{subsubsection.1.2.3}{\376\377\000S\000i\000s\000t\000e\000m\000i\000\040\000M\000u\000l\000t\000i\000a\000t\000o\000m\000i\000c\000i}{subsection.1.2}% 6
\BOOKMARK [2][-]{subsection.1.3}{\376\377\000I\000l\000\040\000S\000i\000l\000i\000c\000i\000o\000\040\000\050\000S\000i\000\051}{section.1}% 7
\BOOKMARK [2][-]{subsection.1.4}{\376\377\000E\000l\000e\000t\000t\000r\000o\000n\000i\000\040\000e\000\040\000L\000a\000c\000u\000n\000e}{section.1}% 8
\BOOKMARK [2][-]{subsection.1.5}{\376\377\000D\000r\000o\000g\000a\000g\000g\000i}{section.1}% 9
\BOOKMARK [2][-]{subsection.1.6}{\376\377\000P\000r\000o\000b\000l\000e\000m\000i}{section.1}% 10
\BOOKMARK [2][-]{subsection.1.7}{\376\377\000P\000r\000o\000p\000r\000i\000e\000t\000\340}{section.1}% 11
\BOOKMARK [3][-]{subsubsection.1.7.1}{\376\377\000P\000r\000i\000n\000c\000i\000p\000i\000o\000\040\000d\000i\000\040\000c\000o\000m\000p\000e\000n\000s\000a\000z\000i\000o\000n\000e}{subsection.1.7}% 12
\BOOKMARK [3][-]{subsubsection.1.7.2}{\376\377\000L\000e\000g\000g\000e\000\040\000d\000i\000\040\000O\000h\000m}{subsection.1.7}% 13
\BOOKMARK [2][-]{subsection.1.8}{\376\377\000D\000r\000o\000g\000a\000g\000g\000i\000\040\000N\000o\000n\000\040\000U\000n\000i\000f\000o\000r\000m\000i}{section.1}% 14
\BOOKMARK [2][-]{subsection.1.9}{\376\377\000R\000e\000l\000a\000z\000i\000o\000n\000i}{section.1}% 15
\BOOKMARK [1][-]{section.2}{\376\377\000C\000o\000n\000d\000u\000z\000i\000o\000n\000e\000\040\000e\000l\000e\000t\000t\000r\000i\000c\000a\000\040\000i\000n\000\040\000u\000n\000\040\000m\000a\000t\000e\000r\000i\000a\000l\000e\000\040\000s\000e\000m\000i\000c\000o\000n\000d\000u\000t\000t\000o\000r\000e\000\040\000u\000n\000i\000f\000o\000r\000m\000e}{}% 16
\BOOKMARK [2][-]{subsection.2.1}{\376\377\000S\000e\000m\000i\000c\000o\000n\000d\000u\000t\000t\000o\000r\000i}{section.2}% 17
\BOOKMARK [3][-]{subsubsection.2.1.1}{\376\377\000P\000r\000e\000m\000e\000s\000s\000a}{subsection.2.1}% 18
\BOOKMARK [3][-]{subsubsection.2.1.2}{\376\377\000C\000o\000n\000c\000l\000u\000s\000i\000o\000n\000i}{subsection.2.1}% 19
\BOOKMARK [3][-]{subsubsection.2.1.3}{\376\377\000S\000i\000s\000t\000e\000m\000i\000\040\000M\000u\000l\000t\000i\000a\000t\000o\000m\000i\000c\000i}{subsection.2.1}% 20
\BOOKMARK [2][-]{subsection.2.2}{\376\377\000P\000r\000o\000p\000r\000i\000e\000t\000\340}{section.2}% 21
\BOOKMARK [3][-]{subsubsection.2.2.1}{\376\377\000L\000e\000g\000g\000e\000\040\000d\000i\000\040\000O\000h\000m}{subsection.2.2}% 22
\BOOKMARK [1][-]{section.3}{\376\377\000D\000i\000f\000f\000u\000s\000i\000o\000n\000e\000\040\000t\000e\000r\000m\000i\000c\000a}{}% 23
\BOOKMARK [2][-]{subsection.3.1}{\376\377\000D\000r\000o\000g\000a\000g\000g\000i\000\040\000N\000o\000n\000\040\000U\000n\000i\000f\000o\000r\000m\000i}{section.3}% 24
\BOOKMARK [1][-]{section.4}{\376\377\000M\000o\000d\000e\000l\000l\000o\000\040\000d\000i\000\040\000t\000r\000a\000s\000p\000o\000r\000t\000o\000\040\000o\000h\000m\000i\000c\000o\000-\000d\000i\000f\000f\000u\000s\000i\000v\000o}{}% 25
\BOOKMARK [1][-]{section.5}{\376\377\000R\000e\000l\000a\000z\000i\000o\000n\000e\000\040\000f\000r\000a\000\040\000p\000o\000t\000e\000n\000z\000i\000a\000l\000e\000\040\000e\000l\000e\000t\000t\000r\000i\000c\000o\000\040\000e\000\040\000c\000o\000n\000c\000e\000n\000t\000r\000a\000z\000i\000o\000n\000i\000\040\000d\000i\000\040\000p\000o\000r\000t\000a\000t\000o\000r\000i\000\040\000a\000l\000l\000'\000e\000q\000u\000i\000l\000i\000b\000r\000i\000o}{}% 26
\BOOKMARK [2][-]{subsection.5.1}{\376\377\000R\000i\000c\000a\000p\000i\000t\000o\000l\000a\000n\000d\000o}{section.5}% 27
\BOOKMARK [2][-]{subsection.5.2}{\376\377\000A\000p\000p\000l\000i\000c\000a\000z\000i\000o\000n\000e\000\040\000d\000e\000l\000\040\000m\000o\000d\000e\000l\000l\000o}{section.5}% 28
\BOOKMARK [2][-]{subsection.5.3}{\376\377\000G\000i\000u\000n\000z\000i\000o\000n\000e\000\040\000p\000n}{section.5}% 29
\BOOKMARK [3][-]{subsubsection.5.3.1}{\376\377\000I\000n\000t\000e\000r\000v\000a\000l\000l\000o\000\040\000\050\000-\000w\000p\000;\000\040\000w\000n\000\051}{subsection.5.3}% 30
\BOOKMARK [1][-]{section.6}{\376\377\000G\000i\000u\000n\000z\000i\000o\000n\000e\000\040\000p\000n\000\040\000i\000n\000\040\000e\000q\000u\000i\000l\000i\000b\000r\000i\000o}{}% 31
\BOOKMARK [2][-]{subsection.6.1}{\376\377\000L\000a\000\040\000G\000i\000u\000n\000z\000o\000n\000e\000\040\000p\000n}{section.6}% 32
\BOOKMARK [3][-]{subsubsection.6.1.1}{\376\377\000I\000n\000t\000e\000r\000v\000a\000l\000l\000o\000\040\000\050\000-\000;\000\040\000-\000w\000p\000\051}{subsection.6.1}% 33
\BOOKMARK [3][-]{subsubsection.6.1.2}{\376\377\000I\000n\000t\000e\000r\000v\000a\000l\000l\000o\000\040\000\050\000-\000w\000p\000;\000\040\000w\000n\000\051}{subsection.6.1}% 34
\BOOKMARK [3][-]{subsubsection.6.1.3}{\376\377\000I\000n\000t\000e\000r\000v\000a\000l\000l\000o\000\040\000\050\000-\000w\000p\000;\000\040\0000\000\051}{subsection.6.1}% 35
\BOOKMARK [3][-]{subsubsection.6.1.4}{\376\377\000I\000n\000t\000e\000r\000v\000a\000l\000l\000o\000\040\000\050\0000\000;\000\040\000w\000n\000\051}{subsection.6.1}% 36
\BOOKMARK [3][-]{subsubsection.6.1.5}{\376\377\000I\000n\000t\000e\000r\000v\000a\000l\000l\000o\000\040\000\050\000w\000n\000;\000\040\000+\000\051}{subsection.6.1}% 37
\BOOKMARK [3][-]{subsubsection.6.1.6}{\376\377\000G\000r\000a\000f\000i\000c\000i}{subsection.6.1}% 38
\BOOKMARK [2][-]{subsection.6.2}{\376\377\000V\000a\000l\000i\000d\000a\000z\000i\000o\000n\000e}{section.6}% 39
\BOOKMARK [2][-]{subsection.6.3}{\376\377\000C\000o\000n\000s\000i\000d\000e\000r\000a\000z\000i\000o\000n\000i}{section.6}% 40
\BOOKMARK [1][-]{section.7}{\376\377\000D\000i\000o\000d\000o\000\040\000a\000\040\000g\000i\000u\000n\000z\000i\000o\000n\000e\000\040\000p\000n\000:\000\040\000p\000r\000i\000n\000c\000i\000p\000i\000o\000\040\000d\000i\000\040\000f\000u\000n\000z\000i\000o\000n\000a\000m\000e\000n\000t\000o}{}% 41
\BOOKMARK [2][-]{subsection.7.1}{\376\377\000F\000u\000n\000z\000i\000o\000n\000a\000m\000e\000n\000t\000o}{section.7}% 42
\BOOKMARK [1][-]{section.8}{\376\377\000D\000i\000o\000d\000o\000\040\000a\000\040\000g\000i\000u\000n\000z\000i\000o\000n\000e\000\040\000p\000n\000:\000\040\000a\000p\000p\000l\000i\000c\000a\000z\000i\000o\000n\000i\000\040\000c\000i\000r\000c\000u\000i\000t\000a\000l\000i\000\040\000e\000l\000e\000m\000e\000n\000t\000a\000r\000i}{}% 43
\BOOKMARK [2][-]{subsection.8.1}{\376\377\000A\000p\000p\000l\000i\000c\000a\000z\000i\000o\000n\000e\000\040\000d\000e\000l\000\040\000M\000o\000d\000e\000l\000l\000o\000\040\000a\000\040\000S\000o\000g\000l\000i\000a}{section.8}% 44
\BOOKMARK [3][-]{subsubsection.8.1.1}{\376\377\000C\000i\000r\000c\000u\000i\000t\000o\000\040\000R\000a\000d\000d\000r\000i\000z\000z\000a\000t\000o\000r\000e}{subsection.8.1}% 45
\BOOKMARK [3][-]{subsubsection.8.1.2}{\376\377\000C\000i\000r\000c\000u\000i\000t\000o\000\040\000L\000i\000m\000i\000t\000a\000t\000o\000r\000e\000\040\000P\000o\000s\000i\000t\000i\000v\000o}{subsection.8.1}% 46
\BOOKMARK [3][-]{subsubsection.8.1.3}{\376\377\000C\000i\000r\000c\000u\000i\000t\000o\000\040\000L\000i\000m\000i\000t\000a\000t\000o\000r\000e\000\040\000N\000e\000g\000a\000t\000i\000v\000o}{subsection.8.1}% 47
\BOOKMARK [3][-]{subsubsection.8.1.4}{\376\377\000L\000i\000m\000i\000t\000a\000t\000o\000r\000e\000\040\000D\000o\000p\000p\000i\000o}{subsection.8.1}% 48
\BOOKMARK [3][-]{subsubsection.8.1.5}{\376\377\000R\000i\000v\000e\000l\000a\000t\000o\000r\000e\000\040\000d\000i\000\040\000m\000a\000s\000s\000i\000m\000o}{subsection.8.1}% 49
\BOOKMARK [3][-]{subsubsection.8.1.6}{\376\377\000R\000i\000v\000e\000l\000a\000t\000o\000r\000e\000\040\000d\000i\000\040\000m\000i\000n\000i\000m\000o}{subsection.8.1}% 50
\BOOKMARK [1][-]{section.9}{\376\377\000R\000a\000d\000d\000r\000i\000z\000z\000a\000t\000o\000r\000e\000\040\000a\000\040\000d\000o\000p\000p\000i\000a\000\040\000s\000e\000m\000i\000o\000n\000d\000a}{}% 51
\BOOKMARK [2][-]{subsection.9.1}{\376\377\000R\000a\000d\000d\000r\000i\000z\000z\000a\000t\000o\000r\000e\000\040\000a\000\040\000d\000o\000p\000p\000i\000a\000\040\000s\000e\000m\000i\000o\000n\000d\000a}{section.9}% 52
\BOOKMARK [3][-]{subsubsection.9.1.1}{\376\377\000D\0001\000\040\000O\000N}{subsection.9.1}% 53
\BOOKMARK [3][-]{subsubsection.9.1.2}{\376\377\000D\0002\000\040\000O\000N}{subsection.9.1}% 54
\BOOKMARK [3][-]{subsubsection.9.1.3}{\376\377\000D\0001\000,\000\040\000D\0002\000,\000\040\000D\0003\000\040\000e\000\040\000D\0004\000\040\000O\000F\000F}{subsection.9.1}% 55
\BOOKMARK [3][-]{subsubsection.9.1.4}{\376\377\000D\0001\000\040\000O\000N\000,\000\040\000D\0002\000\040\000O\000F\000F\000,\000\040\000D\0003\000\040\000O\000F\000F\000\040\000e\000\040\000D\0004\000\040\000O\000N}{subsection.9.1}% 56
\BOOKMARK [3][-]{subsubsection.9.1.5}{\376\377\000D\0001\000\040\000O\000F\000F\000,\000\040\000D\0002\000\040\000O\000N\000,\000\040\000D\0003\000\040\000O\000N\000\040\000e\000\040\000D\0004\000\040\000O\000F\000F}{subsection.9.1}% 57
\BOOKMARK [3][-]{subsubsection.9.1.6}{\376\377\000G\000r\000a\000f\000i\000c\000o\000\040\000e\000\040\000c\000o\000n\000s\000i\000d\000e\000r\000a\000z\000i\000o\000n\000i}{subsection.9.1}% 58
\BOOKMARK [1][-]{section.10}{\376\377\000R\000a\000d\000d\000r\000i\000z\000z\000a\000t\000o\000r\000e\000\040\000c\000o\000n\000\040\000f\000i\000l\000t\000r\000o\000\040\000R\000C}{}% 59
\BOOKMARK [2][-]{subsection.10.1}{\376\377\000C\000o\000n\000v\000e\000r\000t\000i\000t\000o\000r\000e\000\040\000a\000l\000t\000e\000r\000n\000a\000t\000a\000\040\000c\000o\000n\000t\000i\000n\000u\000a}{section.10}% 60
\BOOKMARK [3][-]{subsubsection.10.1.1}{\376\377\000D\000i\000o\000d\000o\000\040\000a\000c\000c\000e\000s\000o}{subsection.10.1}% 61
\BOOKMARK [3][-]{subsubsection.10.1.2}{\376\377\000S\000p\000e\000g\000n\000i\000m\000e\000n\000t\000o\000\040\000d\000e\000l\000\040\000d\000i\000o\000d\000o}{subsection.10.1}% 62
\BOOKMARK [3][-]{subsubsection.10.1.3}{\376\377\000D\000i\000o\000d\000o\000\040\000s\000p\000e\000n\000t\000o}{subsection.10.1}% 63
\BOOKMARK [1][-]{section.11}{\376\377\000E\000f\000f\000e\000t\000t\000i\000\040\000r\000e\000a\000t\000t\000i\000v\000i\000\040\000g\000i\000u\000n\000z\000i\000o\000n\000e\000\040\000p\000n}{}% 64
\BOOKMARK [2][-]{subsection.11.1}{\376\377\000P\000r\000o\000b\000l\000e\000m\000i\000\040\000d\000e\000l\000\040\000d\000i\000o\000d\000o}{section.11}% 65
\BOOKMARK [2][-]{subsection.11.2}{\376\377\000M\000o\000d\000e\000l\000l\000o\000\040\000D\000i\000n\000a\000m\000i\000c\000o}{section.11}% 66
\BOOKMARK [2][-]{subsection.11.3}{\376\377\000A\000n\000a\000l\000i\000s\000i\000\040\000D\000i\000n\000a\000m\000i\000c\000a}{section.11}% 67
\BOOKMARK [3][-]{subsubsection.11.3.1}{\376\377\000S\000i\000t\000u\000a\000z\000o\000n\000e\000\040\000p\000e\000r\000\040\000t\000<\0000}{subsection.11.3}% 68
\BOOKMARK [3][-]{subsubsection.11.3.2}{\376\377\000S\000i\000t\000u\000a\000z\000i\000o\000n\000e\000\040\000p\000e\000r\000\040\000t\000\040\000=\000\040\0000\000+\000:\000\040\000t\000r\000a\000n\000s\000i\000t\000o\000r\000i\000o\000\040\000A\000\040\000C}{subsection.11.3}% 69
\BOOKMARK [3][-]{subsubsection.11.3.3}{\376\377\000S\000i\000t\000u\000a\000z\000i\000o\000n\000e\000\040\000p\000e\000r\000\040\000t\000\040\000>\000\040\0000\000:\000\040\000t\000r\000a\000n\000s\000i\000t\000o\000r\000i\000o\000\040\000C\000\040\000B}{subsection.11.3}% 70
\BOOKMARK [3][-]{subsubsection.11.3.4}{\376\377\000G\000r\000a\000f\000i\000c\000i}{subsection.11.3}% 71
\BOOKMARK [1][-]{section.12}{\376\377\000T\000r\000a\000n\000s\000i\000t\000o\000r\000i\000\040\000d\000i\000\040\000c\000o\000m\000m\000u\000t\000a\000z\000i\000o\000n\000e\000\040\000r\000a\000d\000d\000r\000i\000z\000z\000a\000t\000o\000r\000e}{}% 72
\BOOKMARK [1][-]{section.13}{\376\377\000T\000r\000a\000n\000s\000i\000s\000t\000o\000r\000e\000\040\000b\000i\000p\000o\000l\000a\000r\000e\000\040\000a\000\040\000g\000i\000u\000n\000z\000i\000o\000n\000e\000:\000\040\000p\000r\000i\000n\000c\000i\000p\000i\000\040\000d\000i\000\040\000f\000u\000n\000z\000i\000o\000n\000a\000m\000e\000n\000t\000o}{}% 73
\BOOKMARK [2][-]{subsubsection.13.0.1}{\376\377\000I\000n\000t\000r\000o\000d\000u\000z\000i\000o\000n\000e}{section.13}% 74
\BOOKMARK [2][-]{subsection.13.1}{\376\377\000D\000i\000o\000d\000o\000\040\000n\000p\000n}{section.13}% 75
\BOOKMARK [1][-]{section.14}{\376\377\000M\000o\000d\000e\000l\000l\000o\000\040\000d\000i\000\040\000E\000b\000e\000r\000s\000\040\000e\000\040\000M\000o\000l\000l\000\040\000e\000\040\000c\000a\000r\000a\000t\000t\000e\000r\000i\000s\000t\000i\000c\000h\000e\000\040\000p\000a\000r\000a\000m\000e\000t\000r\000i\000c\000h\000e\000\040\000B\000J\000T}{}% 76
\BOOKMARK [2][-]{subsection.14.1}{\376\377\000M\000o\000d\000e\000l\000l\000o\000\040\000d\000i\000\040\000E\000b\000e\000r\000s\000\040\000\046\000\040\000M\000o\000l\000l}{section.14}% 77
\BOOKMARK [2][-]{subsection.14.2}{\376\377\000C\000o\000n\000n\000e\000s\000s\000i\000o\000n\000e\000\040\000i\000n\000\040\000e\000m\000e\000t\000t\000i\000t\000o\000r\000e\000\040\000c\000o\000m\000u\000n\000e}{section.14}% 78
\BOOKMARK [3][-]{subsubsection.14.2.1}{\376\377\000I\000n\000g\000r\000e\000s\000s\000o}{subsection.14.2}% 79
\BOOKMARK [3][-]{subsubsection.14.2.2}{\376\377\000U\000s\000c\000i\000t\000a}{subsection.14.2}% 80
\BOOKMARK [2][-]{subsection.14.3}{\376\377\000R\000e\000l\000a\000z\000i\000o\000n\000e\000\040\000t\000r\000a\000\040\000i\000n\000g\000r\000e\000s\000s\000o\000\040\000e\000\040\000u\000s\000c\000i\000t\000a}{section.14}% 81
\BOOKMARK [3][-]{subsubsection.14.3.1}{\376\377\000R\000i\000a\000s\000s\000u\000n\000t\000o}{subsection.14.3}% 82
\BOOKMARK [1][-]{section.15}{\376\377\000I\000n\000v\000e\000r\000t\000i\000t\000o\000r\000e\000\040\000R\000T\000L\000:\000\040\000c\000a\000r\000a\000t\000t\000e\000r\000i\000s\000t\000i\000c\000a\000\040\000s\000t\000a\000t\000i\000c\000a}{}% 83
\BOOKMARK [2][-]{subsection.15.1}{\376\377\000I\000n\000v\000e\000r\000t\000i\000t\000o\000r\000e\000\040\000R\000T\000L}{section.15}% 84
\BOOKMARK [3][-]{subsubsection.15.1.1}{\376\377\000C\000o\000n\000s\000i\000d\000e\000r\000a\000z\000i\000o\000n\000i\000\040\000i\000n\000i\000z\000i\000a\000l\000i}{subsection.15.1}% 85
\BOOKMARK [3][-]{subsubsection.15.1.2}{\376\377\000R\000e\000g\000i\000o\000n\000e\000\040\000d\000i\000\040\000I\000n\000t\000e\000r\000d\000i\000z\000i\000o\000n\000e}{subsection.15.1}% 86
\BOOKMARK [3][-]{subsubsection.15.1.3}{\376\377\000R\000e\000g\000i\000o\000n\000e\000\040\000N\000o\000r\000m\000a\000l\000e}{subsection.15.1}% 87
\BOOKMARK [3][-]{subsubsection.15.1.4}{\376\377\000r\000e\000g\000i\000o\000n\000e\000\040\000d\000i\000\040\000S\000a\000t\000u\000r\000a\000z\000i\000o\000n\000e}{subsection.15.1}% 88
\BOOKMARK [3][-]{subsubsection.15.1.5}{\376\377\000C\000o\000n\000s\000i\000d\000e\000r\000a\000z\000i\000o\000n\000i\000\040\000f\000i\000n\000a\000l\000i}{subsection.15.1}% 89
\BOOKMARK [1][-]{section.16}{\376\377\000M\000a\000r\000g\000i\000n\000i\000\040\000d\000i\000\040\000i\000m\000m\000u\000n\000i\000t\000\340\000\040\000a\000i\000\040\000d\000i\000s\000t\000u\000r\000b\000i}{}% 90
\BOOKMARK [2][-]{subsection.16.1}{\376\377\000Q\000u\000a\000l\000i\000t\000\340\000\040\000d\000e\000l\000l\000'\000i\000n\000v\000e\000r\000t\000i\000t\000o\000r\000e\000\040\000R\000T\000L}{section.16}% 91
\BOOKMARK [3][-]{subsubsection.16.1.1}{\376\377\000I\000n\000v\000e\000r\000t\000i\000t\000o\000r\000e}{subsection.16.1}% 92
\BOOKMARK [3][-]{subsubsection.16.1.2}{\376\377\000R\000e\000s\000i\000s\000t\000e\000n\000z\000a\000\040\000a\000i\000\040\000d\000i\000s\000t\000u\000r\000b\000i\000\040\000\050\000E\000f\000f\000e\000t\000o\000\040\000d\000e\000l\000\040\000r\000u\000m\000o\000r\000e\000\051}{subsection.16.1}% 93
\BOOKMARK [4][-]{paragraph.16.1.2.1}{\376\377\000S\000e\000g\000n\000a\000l\000e\000\040\000a\000n\000a\000l\000o\000g\000i\000c\000o}{subsubsection.16.1.2}% 94
\BOOKMARK [4][-]{paragraph.16.1.2.2}{\376\377\000S\000e\000g\000n\000a\000l\000e\000\040\000d\000i\000g\000i\000t\000a\000l\000e}{subsubsection.16.1.2}% 95
\BOOKMARK [3][-]{subsubsection.16.1.3}{\376\377\000I\000m\000m\000u\000n\000i\000t\000\340\000\040\000a\000i\000\040\000d\000i\000s\000t\000u\000r\000b\000i}{subsection.16.1}% 96
\BOOKMARK [4][-]{paragraph.16.1.3.1}{\376\377\000V\000a\000l\000o\000r\000i\000\040\000f\000o\000n\000d\000a\000m\000e\000n\000t\000a\000l\000i}{subsubsection.16.1.3}% 97
\BOOKMARK [4][-]{paragraph.16.1.3.2}{\376\377\000E\000s\000e\000m\000p\000i\000o\000\040\000P\000r\000a\000t\000i\000c\000o}{subsubsection.16.1.3}% 98
\BOOKMARK [1][-]{section.17}{\376\377\000E\000f\000f\000e\000t\000t\000i\000\040\000r\000e\000a\000t\000t\000i\000v\000i\000\040\000B\000J\000T\000\040\000e\000\040\000m\000o\000d\000e\000l\000l\000o\000\040\000a\000\040\000c\000o\000n\000t\000r\000o\000l\000l\000o\000\040\000d\000i\000\040\000c\000a\000r\000i\000c\000a}{}% 99
\BOOKMARK [2][-]{subsection.17.1}{\376\377\000M\000o\000d\000e\000l\000l\000o\000\040\000d\000i\000n\000a\000m\000i\000c\000o\000\040\000d\000e\000l\000\040\000B\000J\000T}{section.17}% 100
\BOOKMARK [3][-]{subsubsection.17.1.1}{\376\377\000P\000o\000l\000a\000r\000i\000z\000z\000a\000z\000i\000o\000n\000e\000\040\000d\000i\000r\000e\000t\000t\000a}{subsection.17.1}% 101
\BOOKMARK [3][-]{subsubsection.17.1.2}{\376\377\000P\000o\000l\000a\000r\000i\000z\000z\000a\000z\000i\000o\000n\000e\000\040\000i\000n\000v\000e\000r\000s\000a}{subsection.17.1}% 102
\BOOKMARK [3][-]{subsubsection.17.1.3}{\376\377\000R\000e\000g\000i\000o\000n\000e\000\040\000d\000i\000\040\000s\000a\000t\000u\000r\000a\000z\000i\000o\000n\000e}{subsection.17.1}% 103
\BOOKMARK [3][-]{subsubsection.17.1.4}{\376\377\000M\000o\000d\000e\000l\000l\000o\000\040\000d\000i\000n\000a\000m\000i\000c\000o}{subsection.17.1}% 104
\BOOKMARK [2][-]{subsection.17.2}{\376\377\000R\000i\000s\000p\000o\000s\000t\000a\000\040\000d\000i\000n\000a\000m\000i\000c\000a}{section.17}% 105
\BOOKMARK [3][-]{subsubsection.17.2.1}{\376\377\000S\000i\000t\000u\000a\000z\000i\000o\000n\000e\000\040\000p\000e\000r\000\040\000t\000\040\000<\000\040\0000\000\040\000\050\000p\000u\000n\000t\000o\000\040\000A\000\051}{subsection.17.2}% 106
\BOOKMARK [3][-]{subsubsection.17.2.2}{\376\377\000S\000i\000t\000u\000a\000z\000i\000o\000n\000e\000\040\000p\000e\000r\000\040\000t\000\040\000+\000\040\000\050\000p\000u\000n\000t\000o\000\040\000B\000\051}{subsection.17.2}% 107
\BOOKMARK [3][-]{subsubsection.17.2.3}{\376\377\000S\000i\000t\000u\000a\000z\000i\000o\000n\000e\000\040\000p\000e\000r\000\040\000t\000\040\000>\000\040\0000\000\040\000\050\000p\000u\000n\000t\000i\000\040\000C\000\040\000e\000\040\000D\000\051}{subsection.17.2}% 108
\BOOKMARK [4][-]{paragraph.17.2.3.1}{\376\377\000T\000r\000a\000t\000t\000o\000\040\0001}{subsubsection.17.2.3}% 109
\BOOKMARK [4][-]{paragraph.17.2.3.2}{\376\377\000T\000r\000a\000t\000t\000o\000\040\0002}{subsubsection.17.2.3}% 110
\BOOKMARK [4][-]{paragraph.17.2.3.3}{\376\377\000T\000r\000a\000t\000t\000o\000\040\0003}{subsubsection.17.2.3}% 111
\BOOKMARK [3][-]{subsubsection.17.2.4}{\376\377\000T\000r\000a\000n\000s\000i\000t\000o\000r\000i\000o\000\040\000d\000i\000\040\000s\000p\000e\000g\000n\000i\000m\000e\000n\000t\000o}{subsection.17.2}% 112
\BOOKMARK [4][-]{paragraph.17.2.4.1}{\376\377\000T\000r\000a\000t\000t\000o\000\040\0001}{subsubsection.17.2.4}% 113
\BOOKMARK [4][-]{paragraph.17.2.4.2}{\376\377\000T\000r\000a\000t\000t\000o\000\040\0002}{subsubsection.17.2.4}% 114
\BOOKMARK [4][-]{paragraph.17.2.4.3}{\376\377\000T\000r\000a\000t\000t\000o\000\040\0003}{subsubsection.17.2.4}% 115
\BOOKMARK [3][-]{subsubsection.17.2.5}{\376\377\000G\000r\000a\000f\000i\000c\000i\000\040\000e\000\040\000c\000o\000n\000s\000i\000d\000e\000r\000a\000z\000i\000o\000n\000i\000\040\000f\000i\000n\000a\000l\000i}{subsection.17.2}% 116
\BOOKMARK [1][-]{section.18}{\376\377\000T\000r\000a\000n\000s\000i\000t\000o\000r\000i\000\040\000d\000i\000\040\000c\000o\000m\000m\000u\000t\000a\000z\000i\000o\000n\000e\000\040\000R\000T\000L}{}% 117
\BOOKMARK [1][-]{section.19}{\376\377\000J\000F\000E\000T\000:\000\040\000p\000r\000i\000n\000c\000i\000p\000i\000\040\000d\000i\000\040\000f\000u\000n\000z\000i\000o\000n\000a\000m\000e\000n\000t\000o}{}% 118
\BOOKMARK [2][-]{subsection.19.1}{\376\377\000T\000r\000a\000n\000s\000i\000s\000t\000o\000r\000i\000\040\000a\000d\000\040\000e\000f\000f\000e\000t\000t\000o\000\040\000d\000i\000\040\000c\000a\000m\000p\000o}{section.19}% 119
\BOOKMARK [2][-]{subsection.19.2}{\376\377\000T\000r\000a\000n\000s\000i\000s\000t\000o\000r\000i\000\040\000M\000O\000S}{section.19}% 120
\BOOKMARK [1][-]{section.20}{\376\377\000C\000o\000n\000d\000e\000n\000s\000a\000t\000o\000r\000e\000\040\000M\000O\000S}{}% 121
\BOOKMARK [2][-]{subsection.20.1}{\376\377\000"\000C\000o\000n\000d\000e\000n\000s\000a\000t\000o\000r\000e\000"\000\040\000M\000O\000S\000\040\000\050\000T\000r\000a\000n\000s\000i\000s\000t\000o\000r\000i\000\040\000M\000O\000S\000\051}{section.20}% 122
\BOOKMARK [3][-]{subsubsection.20.1.1}{\376\377\000A\000n\000a\000l\000i\000s\000i\000\040\000q\000u\000a\000l\000i\000t\000a\000t\000i\000v\000a}{subsection.20.1}% 123
\BOOKMARK [3][-]{subsubsection.20.1.2}{\376\377\000A\000n\000a\000l\000i\000s\000i\000\040\000q\000u\000a\000n\000t\000i\000t\000a\000t\000i\000v\000a}{subsection.20.1}% 124
\BOOKMARK [4][-]{paragraph.20.1.2.1}{\376\377\000C\000o\000n\000d\000i\000z\000i\000o\000n\000e\000\040\000p\000e\000r\000\040\000x\000\040\000>\000\040\000x\000D}{subsubsection.20.1.2}% 125
\BOOKMARK [4][-]{paragraph.20.1.2.2}{\376\377\000C\000o\000n\000d\000i\000z\000i\000o\000n\000e\000\040\000p\000e\000r\000\040\000x\000\040\000<\000\040\000-\000T\000O\000X}{subsubsection.20.1.2}% 126
\BOOKMARK [4][-]{paragraph.20.1.2.3}{\376\377\000C\000o\000n\000d\000i\000z\000i\000o\000n\000e\000\040\000p\000e\000r\000\040\000-\000T\000O\000X\000\040\000<\000\040\000x\000\040\000<\000\040\0000}{subsubsection.20.1.2}% 127
\BOOKMARK [4][-]{paragraph.20.1.2.4}{\376\377\000C\000o\000n\000d\000i\000z\000i\000o\000n\000e\000\040\000p\000e\000r\000\040\0000\000\040\000<\000\040\000x\000\040\000<\000\040\000x\000D}{subsubsection.20.1.2}% 128
\BOOKMARK [4][-]{paragraph.20.1.2.5}{\376\377\000G\000r\000a\000f\000i\000c\000i\000\040\000r\000i\000a\000s\000s\000u\000n\000t\000i\000v\000i}{subsubsection.20.1.2}% 129
\BOOKMARK [2][-]{subsection.20.2}{\376\377\000A\000n\000a\000l\000i\000s\000i\000\040\000d\000e\000l\000l\000a\000\040\000t\000e\000n\000s\000i\000o\000n\000e\000\040\000V\000'\000G}{section.20}% 130
\BOOKMARK [3][-]{subsubsection.20.2.1}{\376\377\000V\000'\000G\000\040\000=\000\040\0000}{subsection.20.2}% 131
\BOOKMARK [3][-]{subsubsection.20.2.2}{\376\377\000V\000'\000G\000\040\000<\000\040\0000}{subsection.20.2}% 132
\BOOKMARK [3][-]{subsubsection.20.2.3}{\376\377\000V\000'\000G\000\040\000>\000\040\0000}{subsection.20.2}% 133
\BOOKMARK [3][-]{subsubsection.20.2.4}{\376\377\000T\000a\000b\000e\000l\000l\000a\000\040\000r\000i\000a\000s\000s\000u\000n\000t\000i\000v\000a\000\040\000e\000\040\000c\000o\000n\000s\000i\000d\000e\000r\000a\000z\000i\000o\000n\000i}{subsection.20.2}% 134
\BOOKMARK [2][-]{subsection.20.3}{\376\377\000C\000a\000p\000a\000c\000i\000t\000\340\000\040\000d\000e\000l\000\040\000M\000O\000S}{section.20}% 135
\BOOKMARK [1][-]{section.21}{\376\377\000T\000e\000n\000s\000i\000o\000n\000e\000\040\000d\000i\000\040\000s\000o\000g\000l\000i\000a\000\040\000M\000O\000S}{}% 136
\BOOKMARK [2][-]{subsection.21.1}{\376\377\000T\000e\000n\000s\000i\000o\000n\000e\000\040\000d\000i\000\040\000s\000o\000g\000l\000i\000a}{section.21}% 137
\BOOKMARK [1][-]{section.22}{\376\377\000T\000r\000a\000n\000s\000i\000s\000t\000o\000r\000e\000\040\000M\000O\000S\000,\000\040\000m\000o\000d\000e\000l\000l\000o\000\040\000e\000\040\000c\000a\000r\000a\000t\000t\000e\000r\000i\000s\000t\000i\000c\000h\000e\000\040\000p\000a\000r\000a\000m\000e\000t\000r\000i\000c\000h\000e}{}% 138
\BOOKMARK [2][-]{subsection.22.1}{\376\377\000T\000r\000a\000n\000s\000i\000s\000t\000o\000r\000e\000\040\000M\000O\000S}{section.22}% 139
\BOOKMARK [1][-]{section.23}{\376\377\000I\000n\000v\000e\000r\000t\000i\000t\000o\000r\000i\000\040\000n\000M\000O\000S\000\040\000r\000a\000t\000i\000o\000e\000d\000\040\000\050\000a\000\040\000c\000a\000r\000i\000c\000o\000\040\000r\000e\000s\000i\000t\000i\000v\000o\000,\000\040\000s\000a\000t\000u\000r\000a\000t\000o\000,\000\040\000d\000e\000p\000l\000e\000t\000i\000o\000n\000,\000\040\000p\000s\000e\000u\000d\000o\000-\000n\000M\000O\000S\000\051}{}% 140
\BOOKMARK [1][-]{section.24}{\376\377\000I\000n\000v\000e\000r\000t\000i\000t\000o\000r\000e\000\040\000C\000M\000O\000S}{}% 141
\BOOKMARK [1][-]{section.25}{\376\377\000C\000i\000r\000c\000u\000i\000t\000i\000\040\000C\000M\000O\000S\000\040\000a\000\040\000p\000i\000\371\000\040\000i\000n\000g\000r\000e\000s\000s\000i\000\040\000e\000\040\000f\000u\000n\000z\000i\000o\000n\000e\000\040\000c\000o\000m\000b\000i\000n\000a\000t\000o\000r\000i\000a\000\040\000a\000r\000b\000i\000t\000r\000a\000r\000i\000a}{}% 142
\BOOKMARK [1][-]{section.26}{\376\377\000C\000o\000m\000p\000o\000s\000i\000z\000i\000o\000n\000e\000\040\000M\000O\000S\000F\000E\000T\000\040\000i\000n\000\040\000s\000e\000r\000i\000e\000\040\000e\000\040\000p\000a\000r\000a\000l\000l\000e\000l\000o}{}% 143
\BOOKMARK [1][-]{section.27}{\376\377\000E\000f\000f\000e\000t\000t\000i\000\040\000r\000e\000a\000t\000t\000i\000v\000i\000\040\000M\000O\000S\000F\000E\000T}{}% 144
\BOOKMARK [1][-]{section.28}{\376\377\000T\000e\000m\000p\000i\000\040\000d\000i\000\040\000p\000r\000o\000p\000a\000g\000a\000z\000i\000o\000n\000e\000\040\000i\000n\000v\000e\000r\000t\000i\000t\000o\000r\000e\000\040\000C\000M\000O\000S}{}% 145
\BOOKMARK [1][-]{section.29}{\376\377\000P\000o\000t\000e\000n\000z\000a\000\040\000i\000n\000v\000e\000r\000t\000i\000t\000o\000r\000e\000\040\000C\000M\000O\000S}{}% 146
\BOOKMARK [1][-]{section.30}{\376\377\000P\000a\000s\000s\000-\000t\000r\000a\000n\000s\000i\000s\000t\000o\000r\000\040\000e\000\040\000T\000r\000a\000n\000s\000m\000i\000s\000s\000i\000o\000n\000\040\000g\000a\000t\000e}{}% 147
\BOOKMARK [1][-]{section.31}{\376\377\000R\000i\000t\000a\000r\000d\000o\000\040\000d\000i\000\040\000p\000r\000o\000p\000a\000g\000a\000z\000i\000o\000n\000e\000\040\000l\000u\000n\000g\000o\000\040\000c\000a\000t\000e\000n\000e\000\040\000d\000i\000\040\000p\000a\000s\000s\000-\000t\000r\000a\000n\000s\000i\000s\000t\000o\000r\000\040\000\050\000E\000l\000m\000o\000r\000e\000\051}{}% 148
\BOOKMARK [1][-]{section.32}{\376\377\000D\000i\000m\000e\000n\000s\000i\000o\000n\000a\000m\000e\000n\000t\000o\000\040\000b\000u\000f\000f\000e\000r\000\040\000C\000M\000O\000S}{}% 149
\BOOKMARK [1][-]{section.33}{\376\377\000A\000m\000p\000l\000i\000f\000i\000c\000a\000t\000o\000r\000e\000\040\000o\000p\000e\000r\000a\000z\000i\000o\000n\000a\000l\000e\000\040\000i\000d\000e\000a\000l\000e\000:\000\040\000p\000r\000i\000n\000c\000i\000p\000i\000\040\000e\000\040\000c\000i\000r\000c\000u\000i\000t\000i\000\040\000e\000l\000e\000m\000e\000n\000t\000a\000r\000i}{}% 150
\BOOKMARK [1][-]{section.34}{\376\377\000O\000P\000-\000A\000M\000P\000:\000\040\000t\000r\000i\000g\000g\000e\000r\000\040\000e\000\040\000o\000s\000c\000i\000l\000l\000a\000t\000o\000r\000e}{}% 151
\BOOKMARK [1][-]{section.35}{\376\377\000C\000o\000n\000v\000e\000r\000s\000i\000o\000n\000e\000\040\000A\000/\000D}{}% 152
\BOOKMARK [1][-]{section.36}{\376\377\000C\000o\000n\000v\000e\000r\000s\000i\000o\000n\000e\000\040\000D\000/\000A}{}% 153
