\BOOKMARK [1][-]{section.1}{\376\377\000C\000i\000r\000c\000u\000i\000t\000i\000\040\000i\000n\000\040\000C\000o\000r\000r\000e\000n\000t\000e\000\040\000C\000o\000n\000t\000i\000n\000u\000a}{}% 1
\BOOKMARK [2][-]{subsection.1.1}{\376\377\000C\000a\000r\000i\000c\000a\000\040\000e\000l\000e\000t\000t\000r\000o\000n\000e}{section.1}% 2
\BOOKMARK [2][-]{subsection.1.2}{\376\377\000P\000r\000i\000m\000a\000\040\000l\000e\000g\000g\000e\000\040\000d\000i\000\040\000O\000h\000m}{section.1}% 3
\BOOKMARK [2][-]{subsection.1.3}{\376\377\000S\000e\000c\000o\000n\000d\000a\000\040\000l\000e\000g\000g\000e\000\040\000d\000i\000\040\000O\000h\000m}{section.1}% 4
\BOOKMARK [3][-]{subsubsection.1.3.1}{\376\377\000V\000a\000r\000i\000a\000z\000i\000o\000n\000e\000\040\000d\000i\000\040\000R\000e\000s\000i\000s\000t\000i\000v\000i\000t\000\340\000\040\000\050\000o\000\040\000C\000o\000n\000c\000u\000d\000i\000b\000i\000l\000i\000t\000\340\000\051\000\040\000c\000o\000n\000\040\000l\000a\000\040\000t\000e\000m\000p\000e\000r\000a\000t\000u\000r\000a}{subsection.1.3}% 5
\BOOKMARK [2][-]{subsection.1.4}{\376\377\000B\000i\000p\000o\000l\000i}{section.1}% 6
\BOOKMARK [3][-]{subsubsection.1.4.1}{\376\377\000B\000i\000p\000o\000l\000o\000\040\000E\000l\000e\000t\000t\000r\000i\000c\000o\000\040\000\050\000g\000e\000n\000e\000r\000i\000c\000o\000\051}{subsection.1.4}% 7
\BOOKMARK [3][-]{subsubsection.1.4.2}{\376\377\000F\000i\000l\000o\000\040\000E\000l\000e\000t\000t\000r\000i\000c\000o}{subsection.1.4}% 8
\BOOKMARK [3][-]{subsubsection.1.4.3}{\376\377\000B\000i\000p\000o\000l\000o\000\040\000"\000R\000e\000s\000i\000s\000t\000e\000n\000z\000a\000"}{subsection.1.4}% 9
\BOOKMARK [3][-]{subsubsection.1.4.4}{\376\377\000B\000i\000p\000o\000l\000o\000\040\000"\000G\000e\000n\000e\000r\000a\000t\000o\000r\000e\000\040\000I\000d\000e\000a\000l\000e\000\040\000d\000i\000\040\000T\000e\000n\000s\000i\000o\000n\000e\000"}{subsection.1.4}% 10
\BOOKMARK [3][-]{subsubsection.1.4.5}{\376\377\000B\000i\000p\000o\000l\000o\000\040\000"\000G\000e\000n\000e\000r\000a\000t\000o\000r\000e\000\040\000I\000d\000e\000a\000l\000e\000\040\000d\000i\000\040\000C\000o\000r\000r\000e\000n\000t\000e\000"}{subsection.1.4}% 11
\BOOKMARK [2][-]{subsection.1.5}{\376\377\000C\000o\000n\000v\000e\000n\000z\000i\000o\000n\000e\000\040\000d\000e\000l\000\040\000G\000e\000n\000e\000r\000a\000t\000o\000r\000e}{section.1}% 12
\BOOKMARK [2][-]{subsection.1.6}{\376\377\000C\000o\000n\000v\000e\000n\000z\000i\000o\000n\000e\000\040\000d\000e\000l\000'\000U\000t\000i\000l\000i\000z\000z\000a\000t\000o\000r\000e}{section.1}% 13
\BOOKMARK [2][-]{subsection.1.7}{\376\377\000P\000r\000i\000n\000c\000i\000p\000i\000o\000\040\000d\000i\000\040\000K\000i\000r\000c\000h\000h\000o\000f\000f\000\040\000a\000l\000\040\000N\000o\000d\000o\000\040\000\050\0001\000\260\000\040\000P\000r\000i\000n\000c\000i\000p\000i\000o\000\040\000d\000i\000\040\000K\000i\000r\000c\000h\000h\000o\000f\000f\000\051}{section.1}% 14
\BOOKMARK [2][-]{subsection.1.8}{\376\377\000P\000r\000i\000n\000c\000i\000p\000i\000o\000\040\000d\000i\000\040\000K\000i\000r\000c\000h\000h\000o\000f\000f\000\040\000a\000l\000l\000a\000\040\000M\000a\000g\000l\000i\000a\000\040\000\050\0002\000\260\000\040\000P\000r\000i\000n\000c\000i\000p\000i\000o\000\040\000d\000i\000\040\000K\000i\000r\000c\000h\000h\000o\000f\000f\000\051}{section.1}% 15
\BOOKMARK [2][-]{subsection.1.9}{\376\377\000C\000o\000n\000d\000u\000t\000t\000a\000n\000z\000a\000\040\000E\000l\000e\000t\000t\000r\000i\000c\000a}{section.1}% 16
\BOOKMARK [2][-]{subsection.1.10}{\376\377\000P\000o\000t\000e\000n\000z\000a\000\040\000E\000l\000e\000t\000t\000r\000i\000c\000a\000\040\000d\000i\000\040\000u\000n\000\040\000B\000i\000p\000o\000l\000o}{section.1}% 17
\BOOKMARK [3][-]{subsubsection.1.10.1}{\376\377\000C\000o\000n\000v\000e\000n\000z\000i\000o\000n\000e\000\040\000U\000t\000i\000l\000i\000z\000z\000a\000t\000o\000r\000e}{subsection.1.10}% 18
\BOOKMARK [3][-]{subsubsection.1.10.2}{\376\377\000C\000o\000n\000v\000e\000n\000z\000i\000o\000n\000e\000\040\000G\000e\000n\000e\000r\000a\000t\000o\000r\000e}{subsection.1.10}% 19
\BOOKMARK [3][-]{subsubsection.1.10.3}{\376\377\000P\000o\000t\000e\000n\000z\000a\000\040\000A\000s\000s\000o\000r\000b\000i\000t\000a\000\040\000d\000i\000\040\000u\000n\000a\000\040\000R\000e\000s\000i\000s\000t\000e\000n\000z\000a}{subsection.1.10}% 20
\BOOKMARK [2][-]{subsection.1.11}{\376\377\000F\000e\000n\000o\000m\000e\000n\000i\000\040\000T\000e\000r\000m\000i\000c\000i}{section.1}% 21
\BOOKMARK [3][-]{subsubsection.1.11.1}{\376\377\000L\000e\000g\000g\000e\000\040\000d\000i\000\040\000O\000h\000m\000\040\000T\000e\000r\000m\000i\000c\000a}{subsection.1.11}% 22
\BOOKMARK [3][-]{subsubsection.1.11.2}{\376\377\000R\000e\000s\000i\000s\000t\000e\000n\000z\000a\000\040\000T\000e\000r\000m\000i\000c\000a}{subsection.1.11}% 23
\BOOKMARK [2][-]{subsection.1.12}{\376\377\000C\000o\000l\000l\000e\000g\000a\000m\000e\000n\000t\000i\000\040\000f\000r\000a\000\040\000B\000i\000p\000o\000l\000i}{section.1}% 24
\BOOKMARK [3][-]{subsubsection.1.12.1}{\376\377\000C\000o\000l\000l\000e\000g\000a\000m\000e\000n\000t\000o\000\040\000i\000n\000\040\000S\000e\000r\000i\000e}{subsection.1.12}% 25
\BOOKMARK [3][-]{subsubsection.1.12.2}{\376\377\000C\000o\000l\000l\000e\000g\000a\000m\000e\000n\000t\000o\000\040\000i\000n\000\040\000P\000a\000r\000a\000l\000l\000e\000l\000o}{subsection.1.12}% 26
\BOOKMARK [3][-]{subsubsection.1.12.3}{\376\377\000P\000a\000r\000t\000i\000t\000o\000r\000e\000\040\000d\000i\000\040\000T\000e\000n\000s\000i\000o\000n\000e\000\040\000\050\000S\000e\000r\000i\000e\000\040\000d\000i\000\040\000R\000e\000s\000i\000s\000t\000e\000n\000z\000e\000\051}{subsection.1.12}% 27
\BOOKMARK [3][-]{subsubsection.1.12.4}{\376\377\000P\000a\000r\000t\000i\000t\000o\000r\000e\000\040\000d\000i\000\040\000C\000o\000r\000r\000e\000n\000t\000e\000\040\000\050\000P\000a\000r\000a\000l\000l\000e\000l\000o\000\040\000d\000i\000\040\000R\000e\000s\000i\000s\000t\000e\000n\000z\000e\000\051}{subsection.1.12}% 28
\BOOKMARK [3][-]{subsubsection.1.12.5}{\376\377\000S\000e\000r\000i\000e\000\040\000d\000i\000\040\000G\000e\000n\000e\000r\000a\000t\000o\000r\000i\000\040\000I\000d\000e\000a\000l\000i\000\040\000d\000i\000\040\000T\000e\000n\000s\000i\000o\000n\000e}{subsection.1.12}% 29
\BOOKMARK [3][-]{subsubsection.1.12.6}{\376\377\000P\000a\000r\000a\000l\000l\000e\000l\000o\000\040\000d\000i\000\040\000G\000e\000n\000e\000r\000a\000t\000o\000r\000i\000\040\000I\000d\000e\000a\000l\000i\000\040\000d\000i\000\040\000T\000e\000n\000s\000i\000o\000n\000e}{subsection.1.12}% 30
\BOOKMARK [3][-]{subsubsection.1.12.7}{\376\377\000S\000e\000r\000i\000e\000\040\000d\000i\000\040\000G\000e\000n\000e\000r\000a\000t\000o\000r\000i\000\040\000I\000d\000e\000a\000l\000i\000\040\000d\000i\000\040\000C\000o\000r\000r\000e\000n\000t\000e}{subsection.1.12}% 31
\BOOKMARK [3][-]{subsubsection.1.12.8}{\376\377\000P\000a\000r\000a\000l\000l\000e\000l\000o\000\040\000d\000i\000\040\000G\000e\000n\000e\000r\000a\000t\000o\000r\000i\000\040\000I\000d\000e\000a\000l\000i\000\040\000d\000i\000\040\000C\000o\000r\000r\000e\000n\000t\000e}{subsection.1.12}% 32
\BOOKMARK [2][-]{subsection.1.13}{\376\377\000G\000e\000n\000e\000r\000a\000t\000o\000r\000i\000\040\000R\000e\000a\000l\000i}{section.1}% 33
\BOOKMARK [3][-]{subsubsection.1.13.1}{\376\377\000G\000e\000n\000e\000r\000a\000t\000o\000r\000e\000\040\000R\000e\000a\000l\000e\000\040\000d\000i\000\040\000T\000e\000n\000s\000i\000o\000n\000e}{subsection.1.13}% 34
\BOOKMARK [3][-]{subsubsection.1.13.2}{\376\377\000G\000e\000n\000e\000r\000a\000t\000o\000r\000e\000\040\000R\000e\000a\000l\000e\000\040\000d\000i\000\040\000C\000o\000r\000r\000e\000n\000t\000e}{subsection.1.13}% 35
\BOOKMARK [3][-]{subsubsection.1.13.3}{\376\377\000E\000q\000u\000i\000v\000a\000l\000e\000n\000z\000e\000\040\000f\000r\000a\000\040\000G\000e\000n\000e\000r\000a\000t\000o\000r\000i\000\040\000R\000e\000a\000l\000i}{subsection.1.13}% 36
\BOOKMARK [3][-]{subsubsection.1.13.4}{\376\377\000C\000o\000n\000s\000i\000d\000e\000r\000a\000z\000i\000o\000n\000i\000\040\000E\000n\000e\000r\000g\000e\000t\000i\000c\000h\000e\000\040\000s\000u\000i\000\040\000G\000e\000n\000e\000r\000a\000t\000o\000r\000i\000\040\000R\000e\000a\000l\000i}{subsection.1.13}% 37
\BOOKMARK [3][-]{subsubsection.1.13.5}{\376\377\000G\000e\000n\000e\000r\000a\000t\000o\000r\000i\000\040\000R\000e\000a\000l\000i\000\040\000d\000i\000\040\000T\000e\000n\000s\000i\000o\000n\000e\000\040\000i\000n\000\040\000S\000e\000r\000i\000e}{subsection.1.13}% 38
\BOOKMARK [3][-]{subsubsection.1.13.6}{\376\377\000G\000e\000n\000e\000r\000a\000t\000o\000r\000i\000\040\000R\000e\000a\000l\000i\000\040\000d\000i\000\040\000C\000o\000r\000r\000e\000n\000t\000e\000\040\000i\000n\000\040\000S\000e\000r\000i\000e\000\040\000\050\000P\000a\000r\000a\000l\000l\000e\000l\000o\000\051}{subsection.1.13}% 39
\BOOKMARK [2][-]{subsection.1.14}{\376\377\000S\000t\000r\000u\000m\000e\000n\000t\000i\000\040\000d\000i\000\040\000M\000i\000s\000u\000r\000a}{section.1}% 40
\BOOKMARK [3][-]{subsubsection.1.14.1}{\376\377\000V\000o\000l\000t\000m\000e\000t\000r\000o}{subsection.1.14}% 41
\BOOKMARK [3][-]{subsubsection.1.14.2}{\376\377\000A\000m\000p\000e\000r\000o\000m\000e\000t\000r\000o}{subsection.1.14}% 42
\BOOKMARK [3][-]{subsubsection.1.14.3}{\376\377\000O\000h\000m\000e\000t\000r\000o}{subsection.1.14}% 43
\BOOKMARK [3][-]{subsubsection.1.14.4}{\376\377\000W\000a\000t\000t\000m\000e\000t\000r\000o}{subsection.1.14}% 44
\BOOKMARK [2][-]{subsection.1.15}{\376\377\000G\000e\000n\000e\000r\000a\000t\000o\000r\000i\000\040\000P\000i\000l\000o\000t\000a\000t\000i}{section.1}% 45
\BOOKMARK [3][-]{subsubsection.1.15.1}{\376\377\000G\000e\000n\000e\000r\000a\000t\000o\000r\000e\000\040\000d\000i\000\040\000T\000e\000n\000s\000i\000o\000n\000e\000\040\000P\000i\000l\000o\000t\000a\000t\000o\000\040\000d\000a\000\040\000U\000n\000a\000\040\000T\000e\000n\000s\000i\000o\000n\000e}{subsection.1.15}% 46
\BOOKMARK [3][-]{subsubsection.1.15.2}{\376\377\000G\000e\000n\000e\000r\000a\000t\000o\000r\000e\000\040\000d\000i\000\040\000T\000e\000n\000s\000i\000o\000n\000e\000\040\000P\000i\000l\000o\000t\000a\000t\000o\000\040\000d\000a\000\040\000U\000n\000a\000\040\000C\000o\000r\000r\000e\000n\000t\000e}{subsection.1.15}% 47
\BOOKMARK [3][-]{subsubsection.1.15.3}{\376\377\000G\000e\000n\000e\000r\000a\000t\000o\000r\000e\000\040\000d\000i\000\040\000C\000o\000r\000r\000e\000n\000t\000e\000\040\000P\000i\000l\000o\000t\000a\000t\000o\000\040\000d\000a\000\040\000U\000n\000a\000\040\000T\000e\000n\000s\000i\000o\000n\000e}{subsection.1.15}% 48
\BOOKMARK [3][-]{subsubsection.1.15.4}{\376\377\000G\000e\000n\000e\000r\000a\000t\000o\000r\000e\000\040\000d\000i\000\040\000C\000o\000r\000r\000e\000n\000t\000e\000\040\000P\000i\000l\000o\000t\000a\000t\000o\000\040\000d\000a\000\040\000U\000n\000a\000\040\000C\000o\000r\000r\000e\000n\000t\000e}{subsection.1.15}% 49
\BOOKMARK [2][-]{subsection.1.16}{\376\377\000T\000e\000o\000r\000e\000m\000a\000\040\000d\000i\000\040\000M\000i\000l\000l\000m\000a\000n}{section.1}% 50
\BOOKMARK [2][-]{subsection.1.17}{\376\377\000T\000r\000a\000s\000f\000o\000r\000m\000a\000z\000i\000o\000n\000i\000\040\000S\000t\000e\000l\000l\000a\000-\000T\000r\000i\000a\000n\000g\000o\000l\000o}{section.1}% 51
\BOOKMARK [3][-]{subsubsection.1.17.1}{\376\377\000L\000e\000g\000g\000i\000\040\000C\000o\000s\000t\000i\000t\000u\000t\000i\000v\000e\000\040\000a\000\040\000S\000t\000e\000l\000l\000a}{subsection.1.17}% 52
\BOOKMARK [3][-]{subsubsection.1.17.2}{\376\377\000L\000e\000g\000g\000i\000\040\000C\000o\000s\000t\000i\000t\000u\000t\000i\000v\000e\000\040\000a\000\040\000T\000r\000i\000a\000n\000g\000o\000l\000o}{subsection.1.17}% 53
\BOOKMARK [3][-]{subsubsection.1.17.3}{\376\377\000T\000r\000a\000s\000f\000o\000r\000m\000a\000z\000i\000o\000n\000e\000\040\000d\000a\000\040\000S\000t\000e\000l\000l\000a\000\040\000a\000\040\000T\000r\000i\000a\000n\000g\000o\000l\000o}{subsection.1.17}% 54
\BOOKMARK [3][-]{subsubsection.1.17.4}{\376\377\000T\000r\000a\000s\000f\000o\000r\000m\000a\000z\000i\000o\000n\000e\000\040\000d\000a\000\040\000T\000r\000i\000a\000n\000g\000o\000l\000o\000\040\000a\000\040\000S\000t\000e\000l\000l\000a}{subsection.1.17}% 55
\BOOKMARK [2][-]{subsection.1.18}{\376\377\000L\000i\000n\000e\000a\000r\000i\000t\000\340}{section.1}% 56
\BOOKMARK [2][-]{subsection.1.19}{\376\377\000P\000r\000i\000n\000c\000i\000p\000i\000o\000\040\000d\000i\000\040\000S\000o\000v\000r\000a\000p\000p\000o\000s\000i\000z\000i\000o\000n\000e\000\040\000d\000e\000g\000l\000i\000\040\000E\000f\000f\000e\000t\000t\000i}{section.1}% 57
\BOOKMARK [3][-]{subsubsection.1.19.1}{\376\377\000M\000e\000t\000o\000d\000o\000\040\000d\000e\000l\000l\000a\000\040\000S\000o\000v\000r\000a\000p\000p\000o\000s\000i\000z\000i\000o\000n\000e\000\040\000d\000e\000g\000l\000i\000\040\000E\000f\000f\000e\000t\000t\000i}{subsection.1.19}% 58
\BOOKMARK [2][-]{subsection.1.20}{\376\377\000T\000e\000o\000r\000e\000m\000a\000\040\000d\000i\000\040\000T\000h\000e\000v\000e\000n\000i\000n}{section.1}% 59
\BOOKMARK [2][-]{subsection.1.21}{\376\377\000T\000e\000o\000r\000e\000m\000a\000\040\000d\000i\000\040\000N\000o\000r\000t\000o\000n}{section.1}% 60
\BOOKMARK [2][-]{subsection.1.22}{\376\377\000T\000h\000e\000v\000e\000n\000i\000n\000\040\000e\000\040\000N\000o\000r\000t\000o\000n\000\040\000i\000n\000\040\000P\000r\000e\000s\000e\000n\000z\000a\000\040\000d\000i\000\040\000G\000e\000n\000e\000r\000a\000t\000o\000r\000i\000\040\000P\000i\000l\000o\000t\000a\000t\000i}{section.1}% 61
\BOOKMARK [3][-]{subsubsection.1.22.1}{\376\377\000M\000e\000t\000o\000d\000o\000\040\0001}{subsection.1.22}% 62
\BOOKMARK [3][-]{subsubsection.1.22.2}{\376\377\000M\000e\000t\000o\000d\000o\000\040\0002\000\040\000d\000i\000\040\000N\000o\000r\000t\000o\000n}{subsection.1.22}% 63
\BOOKMARK [3][-]{subsubsection.1.22.3}{\376\377\000M\000e\000t\000o\000d\000o\000\040\0003\000\040\000d\000i\000\040\000T\000h\000e\000v\000e\000n\000i\000n}{subsection.1.22}% 64
\BOOKMARK [2][-]{subsection.1.23}{\376\377\000M\000e\000t\000o\000d\000i\000\040\000R\000i\000s\000o\000l\000u\000t\000i\000v\000i}{section.1}% 65
\BOOKMARK [3][-]{subsubsection.1.23.1}{\376\377\000M\000e\000t\000o\000d\000o\000\040\000d\000e\000l\000l\000e\000\040\000C\000o\000r\000r\000e\000n\000t\000i\000\040\000d\000i\000\040\000M\000a\000g\000l\000i\000a}{subsection.1.23}% 66
\BOOKMARK [3][-]{subsubsection.1.23.2}{\376\377\000M\000e\000t\000o\000d\000o\000\040\000d\000e\000i\000\040\000P\000o\000t\000e\000n\000z\000i\000a\000l\000i\000\040\000d\000i\000\040\000N\000o\000d\000o}{subsection.1.23}% 67
\BOOKMARK [3][-]{subsubsection.1.23.3}{\376\377\000C\000a\000s\000i\000\040\000D\000e\000g\000e\000n\000e\000r\000i}{subsection.1.23}% 68
\BOOKMARK [4][-]{paragraph.1.23.3.1}{\376\377\000R\000a\000m\000o\000\040\000c\000o\000n\000\040\000G\000I\000n\000c\000\040\000=\000\040\0000}{subsubsection.1.23.3}% 69
\BOOKMARK [4][-]{paragraph.1.23.3.2}{\376\377\000R\000a\000m\000o\000\040\000c\000o\000n\000\040\000R\000I\000n\000c\000\040\000=\000\040\0000}{subsubsection.1.23.3}% 70
\BOOKMARK [1][-]{section.2}{\376\377\000T\000r\000a\000s\000i\000t\000o\000r\000i\000\040\000E\000l\000e\000t\000t\000r\000i\000c\000i}{}% 71
\BOOKMARK [2][-]{subsection.2.1}{\376\377\000R\000i\000s\000o\000l\000v\000e\000r\000e\000\040\000E\000q\000u\000a\000z\000i\000o\000n\000i\000\040\000D\000i\000f\000f\000e\000r\000e\000n\000z\000i\000a\000l\000i\000\040\000\050\000L\000i\000n\000a\000e\000r\000i\000\040\000d\000e\000l\000\040\000P\000r\000i\000m\000o\000\040\000O\000r\000d\000i\000n\000e\000\051}{section.2}% 72
\BOOKMARK [3][-]{subsubsection.2.1.1}{\376\377\000C\000o\000s\000a\000\040\000s\000o\000n\000o\000\040\000l\000e\000\040\000e\000q\000u\000a\000z\000i\000o\000n\000i\000\040\000d\000i\000f\000f\000e\000r\000e\000n\000z\000i\000a\000l\000i\000?}{subsection.2.1}% 73
\BOOKMARK [3][-]{subsubsection.2.1.2}{\376\377\000C\000o\000m\000e\000\040\000s\000i\000\040\000r\000i\000s\000o\000l\000v\000o\000n\000o\000\040\000l\000e\000\040\000e\000q\000u\000a\000z\000i\000o\000n\000i\000\040\000d\000i\000f\000f\000e\000r\000e\000n\000z\000i\000a\000l\000i\000?}{subsection.2.1}% 74
\BOOKMARK [2][-]{subsection.2.2}{\376\377\000C\000o\000n\000d\000e\000n\000s\000a\000t\000o\000r\000i}{section.2}% 75
\BOOKMARK [3][-]{subsubsection.2.2.1}{\376\377\000L\000e\000g\000g\000e\000\040\000c\000o\000s\000t\000i\000t\000u\000t\000i\000v\000a\000\040\000d\000i\000\040\000u\000n\000\040\000c\000o\000n\000d\000e\000n\000s\000a\000t\000o\000r\000e}{subsection.2.2}% 76
\BOOKMARK [3][-]{subsubsection.2.2.2}{\376\377\000E\000n\000e\000r\000g\000i\000a\000\040\000e\000\040\000P\000o\000t\000e\000n\000z\000a\000\040\000d\000i\000\040\000u\000n\000\040\000C\000o\000n\000d\000e\000n\000s\000a\000t\000o\000r\000e}{subsection.2.2}% 77
\BOOKMARK [3][-]{subsubsection.2.2.3}{\376\377\000C\000o\000l\000l\000e\000g\000a\000m\000e\000n\000t\000i\000\040\000f\000r\000a\000\040\000c\000o\000n\000d\000e\000n\000s\000a\000t\000o\000r\000i}{subsection.2.2}% 78
\BOOKMARK [4][-]{paragraph.2.2.3.1}{\376\377\000I\000n\000\040\000s\000e\000r\000i\000e}{subsubsection.2.2.3}% 79
\BOOKMARK [4][-]{paragraph.2.2.3.2}{\376\377\000I\000n\000\040\000p\000a\000r\000a\000l\000l\000e\000l\000o}{subsubsection.2.2.3}% 80
\BOOKMARK [3][-]{subsubsection.2.2.4}{\376\377\000T\000r\000a\000n\000s\000i\000t\000o\000r\000i\000o\000\040\000d\000i\000\040\000C\000a\000r\000i\000c\000a\000\040\000d\000i\000\040\000u\000n\000\040\000C\000o\000n\000d\000e\000n\000s\000a\000t\000o\000r\000e}{subsection.2.2}% 81
\BOOKMARK [4][-]{paragraph.2.2.4.1}{\376\377\000T\000e\000n\000s\000i\000o\000n\000e\000\040\000n\000e\000l\000\040\000t\000r\000a\000n\000s\000i\000t\000o\000r\000i\000o\000\040\000d\000i\000\040\000c\000a\000r\000i\000c\000a}{subsubsection.2.2.4}% 82
\BOOKMARK [4][-]{paragraph.2.2.4.2}{\376\377\000C\000o\000r\000r\000e\000n\000t\000e\000\040\000n\000e\000l\000\040\000T\000r\000a\000n\000s\000i\000t\000o\000r\000i\000o\000\040\000d\000i\000\040\000C\000a\000r\000i\000c\000a}{subsubsection.2.2.4}% 83
\BOOKMARK [3][-]{subsubsection.2.2.5}{\376\377\000S\000c\000a\000r\000i\000c\000a\000\040\000d\000i\000\040\000u\000n\000\040\000C\000o\000n\000d\000e\000n\000s\000a\000t\000o\000r\000e}{subsection.2.2}% 84
\BOOKMARK [2][-]{subsection.2.3}{\376\377\000C\000a\000p\000a\000c\000i\000t\000\340\000\040\000P\000a\000r\000a\000s\000s\000i\000t\000a\000\040\000\050\000E\000l\000e\000m\000e\000n\000t\000i\000\040\000P\000a\000r\000a\000s\000s\000i\000t\000i\000\051}{section.2}% 85
\BOOKMARK [2][-]{subsection.2.4}{\376\377\000R\000i\000g\000i\000d\000i\000t\000\340\000\040\000D\000i\000e\000l\000e\000t\000t\000r\000i\000c\000a}{section.2}% 86
\BOOKMARK [2][-]{subsection.2.5}{\376\377\000I\000n\000t\000e\000r\000r\000u\000t\000t\000o\000r\000i\000\040\000e\000\040\000D\000e\000v\000i\000a\000t\000o\000r\000i}{section.2}% 87
\BOOKMARK [2][-]{subsection.2.6}{\376\377\000E\000l\000e\000t\000t\000r\000o\000m\000a\000g\000n\000e\000t\000i\000s\000m\000o}{section.2}% 88
\BOOKMARK [3][-]{subsubsection.2.6.1}{\376\377\000L\000e\000g\000g\000e\000\040\000d\000i\000\040\000C\000i\000r\000c\000u\000i\000t\000a\000z\000i\000o\000n\000e\000\040\000d\000i\000\040\000A\000m\000p\000e\000r\000e}{subsection.2.6}% 89
\BOOKMARK [3][-]{subsubsection.2.6.2}{\376\377\000P\000e\000r\000m\000e\000a\000b\000i\000l\000i\000t\000\340\000\040\000m\000a\000g\000n\000e\000t\000i\000c\000a\000\040\000\050\000R\000e\000l\000a\000z\000i\000o\000n\000e\000\040\000d\000e\000l\000l\000a\000\040\000M\000a\000t\000e\000r\000i\000a\000\040\000a\000i\000\040\000C\000a\000m\000p\000i\000\040\000M\000a\000g\000n\000e\000t\000i\000c\000i\000\051}{subsection.2.6}% 90
\BOOKMARK [4][-]{paragraph.2.6.2.1}{\376\377\000F\000e\000r\000r\000o\000m\000a\000g\000n\000e\000t\000i\000s\000m\000o\000\040\000e\000\040\000P\000e\000r\000d\000i\000t\000e\000\040\000d\000i\000\040\000P\000o\000t\000e\000n\000z\000a\000\040\000d\000e\000l\000\040\000F\000e\000r\000r\000o}{subsubsection.2.6.2}% 91
\BOOKMARK [3][-]{subsubsection.2.6.3}{\376\377\000L\000e\000g\000g\000e\000\040\000d\000i\000\040\000F\000a\000r\000a\000d\000a\000y\000-\000L\000e\000n\000z\000\040\000\050\000L\000e\000g\000g\000e\000\040\000d\000i\000\040\000I\000n\000d\000u\000z\000i\000o\000n\000e\000\040\000M\000a\000g\000n\000e\000t\000i\000c\000a\000\051}{subsection.2.6}% 92
\BOOKMARK [3][-]{subsubsection.2.6.4}{\376\377\000C\000a\000m\000p\000o\000\040\000M\000a\000g\000n\000e\000t\000i\000c\000o\000\040\000I\000n\000c\000i\000d\000e\000n\000t\000e}{subsection.2.6}% 93
\BOOKMARK [3][-]{subsubsection.2.6.5}{\376\377\000C\000i\000r\000c\000u\000i\000t\000i\000\040\000M\000a\000g\000n\000e\000t\000i\000c\000i}{subsection.2.6}% 94
\BOOKMARK [4][-]{paragraph.2.6.5.1}{\376\377\000L\000e\000g\000g\000e\000\040\000d\000i\000\040\000H\000o\000p\000k\000i\000n\000s\000o\000n}{subsubsection.2.6.5}% 95
\BOOKMARK [2][-]{subsection.2.7}{\376\377\000I\000n\000d\000u\000t\000t\000o\000r\000i}{section.2}% 96
\BOOKMARK [3][-]{subsubsection.2.7.1}{\376\377\000L\000e\000g\000g\000e\000\040\000c\000o\000s\000t\000i\000t\000u\000t\000i\000v\000a\000\040\000d\000i\000\040\000u\000n\000\040\000i\000n\000d\000u\000t\000t\000o\000r\000e}{subsection.2.7}% 97
\BOOKMARK [3][-]{subsubsection.2.7.2}{\376\377\000E\000n\000e\000r\000g\000i\000a\000\040\000e\000\040\000P\000o\000t\000e\000n\000z\000a\000\040\000I\000n\000d\000u\000t\000t\000o\000r\000e}{subsection.2.7}% 98
\BOOKMARK [3][-]{subsubsection.2.7.3}{\376\377\000C\000o\000l\000l\000e\000g\000a\000m\000e\000n\000t\000i\000\040\000f\000r\000a\000\040\000i\000n\000d\000u\000t\000t\000o\000r\000i}{subsection.2.7}% 99
\BOOKMARK [4][-]{paragraph.2.7.3.1}{\376\377\000I\000n\000\040\000s\000e\000r\000i\000e}{subsubsection.2.7.3}% 100
\BOOKMARK [4][-]{paragraph.2.7.3.2}{\376\377\000I\000n\000\040\000p\000a\000r\000a\000l\000l\000e\000l\000o}{subsubsection.2.7.3}% 101
\BOOKMARK [3][-]{subsubsection.2.7.4}{\376\377\000T\000r\000a\000n\000s\000i\000t\000o\000r\000i\000o\000\040\000d\000i\000\040\000C\000a\000r\000i\000c\000a\000\040\000I\000n\000d\000u\000t\000t\000o\000r\000e}{subsection.2.7}% 102
\BOOKMARK [3][-]{subsubsection.2.7.5}{\376\377\000S\000c\000a\000r\000i\000c\000a\000\040\000d\000i\000\040\000u\000n\000\040\000i\000n\000d\000u\000t\000t\000o\000r\000e}{subsection.2.7}% 103
\BOOKMARK [2][-]{subsection.2.8}{\376\377\000C\000o\000m\000p\000o\000r\000t\000a\000m\000e\000n\000t\000o\000\040\000a\000\040\000R\000e\000g\000i\000m\000e\000\040\000d\000i\000\040\000C\000o\000n\000d\000e\000n\000s\000a\000t\000o\000r\000e\000\040\000e\000\040\000I\000n\000d\000u\000t\000t\000o\000r\000e}{section.2}% 104
\BOOKMARK [2][-]{subsection.2.9}{\376\377\000A\000n\000a\000l\000i\000s\000i\000\040\000d\000i\000\040\000C\000i\000r\000c\000u\000i\000t\000i\000\040\000i\000n\000\040\000T\000r\000a\000n\000s\000i\000t\000o\000r\000i\000o}{section.2}% 105
\BOOKMARK [3][-]{subsubsection.2.9.1}{\376\377\000S\000t\000u\000d\000i\000o\000\040\000d\000e\000i\000\040\000r\000e\000g\000i\000m\000i\000\040\000c\000o\000n\000t\000i\000n\000u\000i}{subsection.2.9}% 106
\BOOKMARK [3][-]{subsubsection.2.9.2}{\376\377\000S\000t\000u\000d\000i\000o\000\040\000d\000e\000i\000\040\000r\000e\000g\000i\000m\000i\000\040\000i\000n\000\040\000t\000r\000a\000n\000s\000i\000t\000o\000r\000i\000o}{subsection.2.9}% 107
\BOOKMARK [4][-]{paragraph.2.9.2.1}{\376\377\000C\000i\000r\000c\000u\000i\000t\000i\000\040\000d\000i\000\040\000p\000r\000i\000m\000o\000\040\000o\000r\000d\000i\000n\000e}{subsubsection.2.9.2}% 108
\BOOKMARK [4][-]{paragraph.2.9.2.2}{\376\377\000r\000e\000d\000C\000o\000m\000e\000\040\000r\000i\000s\000o\000l\000v\000e\000r\000e\000\040\000i\000\040\000p\000r\000o\000b\000l\000e\000m\000i\000\040\000d\000i\000\040\000t\000r\000a\000n\000s\000i\000t\000o\000r\000i\000o\000\040\000d\000i\000\040\000p\000r\000i\000m\000o\000\040\000o\000r\000d\000i\000n\000e}{subsubsection.2.9.2}% 109
\BOOKMARK [4][-]{paragraph.2.9.2.3}{\376\377\000C\000i\000r\000c\000u\000i\000t\000i\000\040\000d\000i\000\040\000o\000r\000d\000i\000n\000e\000\040\000s\000u\000p\000e\000r\000i\000o\000r\000e\000\040\000a\000l\000\040\000p\000r\000i\000m\000o}{subsubsection.2.9.2}% 110
\BOOKMARK [4][-]{paragraph.2.9.2.4}{\376\377\000r\000e\000d\000\040\000C\000o\000m\000e\000\040\000r\000i\000s\000o\000l\000v\000e\000r\000e\000\040\000i\000\040\000p\000r\000o\000b\000l\000e\000m\000i\000\040\000d\000i\000\040\000t\000r\000a\000n\000s\000i\000t\000o\000r\000i\000o\000\040\000d\000i\000\040\000s\000e\000c\000o\000n\000d\000o\000\040\000o\000r\000d\000i\000n\000e}{subsubsection.2.9.2}% 111
\BOOKMARK [1][-]{section.3}{\376\377\000R\000e\000g\000i\000m\000e\000\040\000S\000i\000n\000u\000s\000o\000i\000d\000a\000l\000e}{}% 112
\BOOKMARK [2][-]{subsection.3.1}{\376\377\000B\000i\000p\000o\000l\000i\000\040\000E\000l\000e\000t\000t\000r\000i\000c\000i}{section.3}% 113
\BOOKMARK [3][-]{subsubsection.3.1.1}{\376\377\000G\000e\000n\000e\000r\000a\000t\000o\000r\000e\000\040\000I\000d\000e\000a\000l\000e\000\040\000d\000i\000\040\000T\000e\000n\000s\000i\000o\000n\000e\000\040\000S\000i\000n\000u\000s\000o\000i\000d\000a\000l\000e}{subsection.3.1}% 114
\BOOKMARK [3][-]{subsubsection.3.1.2}{\376\377\000G\000e\000n\000e\000r\000a\000t\000o\000r\000e\000\040\000R\000e\000a\000l\000e\000\040\000d\000i\000\040\000T\000e\000n\000s\000i\000o\000n\000e\000\040\000S\000i\000n\000u\000s\000o\000i\000d\000a\000l\000e}{subsection.3.1}% 115
\BOOKMARK [3][-]{subsubsection.3.1.3}{\376\377\000G\000e\000n\000e\000r\000a\000t\000o\000r\000e\000\040\000I\000d\000e\000a\000l\000e\000\040\000d\000i\000\040\000C\000o\000r\000r\000e\000n\000t\000e\000\040\000S\000i\000n\000u\000s\000o\000i\000d\000a\000l\000e}{subsection.3.1}% 116
\BOOKMARK [3][-]{subsubsection.3.1.4}{\376\377\000G\000e\000n\000e\000r\000a\000t\000o\000r\000e\000\040\000R\000e\000a\000l\000e\000\040\000d\000i\000\040\000C\000o\000r\000r\000e\000n\000t\000e\000\040\000S\000i\000n\000u\000s\000o\000i\000d\000a\000l\000e}{subsection.3.1}% 117
\BOOKMARK [2][-]{subsection.3.2}{\376\377\000T\000r\000a\000s\000f\000o\000r\000m\000a\000t\000a\000\040\000d\000i\000\040\000S\000t\000e\000i\000n\000i\000t\000z}{section.3}% 118
\BOOKMARK [2][-]{subsection.3.3}{\376\377\000R\000a\000p\000p\000r\000e\000s\000e\000n\000t\000a\000z\000i\000o\000n\000e\000\040\000f\000a\000s\000o\000r\000i\000a\000l\000e}{section.3}% 119
\BOOKMARK [2][-]{subsection.3.4}{\376\377\000B\000i\000p\000o\000l\000o\000\040\000g\000e\000n\000e\000r\000i\000c\000o}{section.3}% 120
\BOOKMARK [2][-]{subsection.3.5}{\376\377\000G\000r\000a\000n\000d\000e\000z\000z\000e\000\040\000n\000e\000l\000\040\000R\000e\000g\000i\000m\000e\000\040\000S\000i\000n\000u\000s\000o\000i\000d\000a\000l\000e}{section.3}% 121
\BOOKMARK [2][-]{subsection.3.6}{\376\377\000M\000e\000t\000o\000d\000o\000\040\000R\000i\000s\000o\000l\000u\000t\000i\000v\000o\000\040\000p\000e\000r\000\040\000R\000e\000g\000i\000m\000e\000\040\000S\000i\000n\000u\000s\000o\000i\000d\000a\000l\000e}{section.3}% 122
\BOOKMARK [2][-]{subsection.3.7}{\376\377\000P\000o\000t\000e\000n\000z\000e\000\040\000i\000n\000\040\000R\000e\000g\000i\000m\000e\000\040\000S\000i\000n\000u\000s\000o\000i\000d\000a\000l\000e}{section.3}% 123
\BOOKMARK [3][-]{subsubsection.3.7.1}{\376\377\000C\000o\000n\000f\000r\000o\000n\000t\000o\000\040\000c\000o\000n\000\040\000r\000e\000g\000i\000m\000e\000\040\000c\000o\000n\000t\000i\000n\000u\000o}{subsection.3.7}% 124
\BOOKMARK [3][-]{subsubsection.3.7.2}{\376\377\000P\000o\000t\000e\000n\000z\000a\000\040\000m\000e\000d\000i\000a\000\040\000a\000s\000s\000o\000r\000b\000i\000t\000a\000\040\000\050\000V\000a\000l\000o\000r\000i\000\040\000e\000f\000f\000i\000c\000a\000c\000i\000\051}{subsection.3.7}% 125
\BOOKMARK [3][-]{subsubsection.3.7.3}{\376\377\000P\000o\000t\000e\000n\000z\000a\000\040\000C\000o\000m\000p\000l\000e\000s\000s\000a}{subsection.3.7}% 126
\BOOKMARK [3][-]{subsubsection.3.7.4}{\376\377\000U\000n\000i\000t\000\340\000\040\000d\000i\000\040\000m\000i\000s\000u\000r\000a}{subsection.3.7}% 127
\BOOKMARK [2][-]{subsection.3.8}{\376\377\000T\000e\000o\000r\000e\000m\000a\000\040\000d\000i\000\040\000B\000o\000u\000c\000h\000e\000r\000o\000t}{section.3}% 128
\BOOKMARK [2][-]{subsection.3.9}{\376\377\000R\000i\000f\000a\000s\000a\000m\000e\000n\000t\000o}{section.3}% 129
\BOOKMARK [2][-]{subsection.3.10}{\376\377\000T\000e\000o\000r\000e\000m\000a\000\040\000d\000e\000l\000\040\000M\000a\000s\000s\000i\000m\000o\000\040\000T\000r\000a\000s\000f\000e\000r\000i\000m\000e\000n\000t\000o\000\040\000d\000i\000\040\000P\000o\000t\000e\000n\000z\000a}{section.3}% 130
\BOOKMARK [3][-]{subsubsection.3.10.1}{\376\377\000C\000o\000n\000d\000i\000z\000i\000o\000n\000e\000\040\000d\000i\000\040\000a\000d\000a\000t\000t\000a\000m\000e\000n\000t\000o\000\040\000d\000e\000b\000o\000l\000e\000\040\000d\000i\000\040\000i\000m\000p\000e\000d\000e\000n\000z\000a}{subsection.3.10}% 131
\BOOKMARK [2][-]{subsection.3.11}{\376\377\000S\000i\000s\000t\000e\000m\000i\000\040\000T\000r\000i\000f\000a\000s\000e}{section.3}% 132
\BOOKMARK [3][-]{subsubsection.3.11.1}{\376\377\000C\000o\000n\000n\000e\000s\000s\000i\000o\000n\000i\000\040\000f\000r\000a\000\040\000g\000e\000n\000e\000r\000t\000o\000r\000i\000\040\000i\000n\000\040\000u\000n\000\040\000c\000i\000r\000c\000u\000i\000t\000o\000\040\000t\000r\000i\000f\000a\000s\000e}{subsection.3.11}% 133
\BOOKMARK [4][-]{paragraph.3.11.1.1}{\376\377\000C\000o\000l\000l\000e\000g\000a\000m\000e\000n\000t\000o\000\040\000a\000\040\000S\000t\000e\000l\000l\000a}{subsubsection.3.11.1}% 134
\BOOKMARK [4][-]{paragraph.3.11.1.2}{\376\377\000C\000o\000l\000l\000e\000g\000a\000m\000e\000n\000t\000o\000\040\000a\000\040\000T\000r\000i\000a\000n\000g\000o\000l\000o}{subsubsection.3.11.1}% 135
\BOOKMARK [3][-]{subsubsection.3.11.2}{\376\377\000M\000i\000s\000u\000r\000a\000\040\000d\000i\000\040\000P\000o\000t\000e\000n\000z\000a\000\040\000T\000r\000i\000f\000a\000s\000e}{subsection.3.11}% 136
\BOOKMARK [1][-]{section.4}{\376\377\000A\000n\000a\000l\000i\000s\000i\000\040\000i\000n\000\040\000F\000r\000e\000q\000u\000e\000n\000z\000a}{}% 137
\BOOKMARK [2][-]{subsection.4.1}{\376\377\000D\000i\000a\000g\000r\000a\000m\000m\000a\000\040\000d\000i\000\040\000B\000o\000d\000e\000\040\000i\000n\000\040\000A\000m\000p\000i\000e\000z\000z\000a\000\040\000e\000\040\000F\000a\000s\000e}{section.4}% 138
\BOOKMARK [2][-]{subsection.4.2}{\376\377\000F\000i\000l\000t\000r\000i}{section.4}% 139
\BOOKMARK [3][-]{subsubsection.4.2.1}{\376\377\000F\000i\000l\000t\000r\000o\000\040\000R\000C}{subsection.4.2}% 140
\BOOKMARK [3][-]{subsubsection.4.2.2}{\376\377\000F\000i\000l\000t\000r\000o\000\040\000R\000L}{subsection.4.2}% 141
\BOOKMARK [3][-]{subsubsection.4.2.3}{\376\377\000F\000i\000l\000t\000r\000o\000\040\000R\000L\000C\000\040\000S\000e\000r\000i\000e}{subsection.4.2}% 142
\BOOKMARK [3][-]{subsubsection.4.2.4}{\376\377\000F\000i\000l\000t\000r\000o\000\040\000R\000L\000C\000\040\000P\000a\000r\000a\000l\000l\000e\000l\000o}{subsection.4.2}% 143
\BOOKMARK [4][-]{paragraph.4.2.4.1}{\376\377\000P\000i\000c\000c\000h\000i\000\040\000d\000i\000\040\000R\000i\000s\000o\000n\000a\000n\000z\000a\000\040\000o\000\040\000A\000n\000t\000i\000r\000i\000s\000o\000n\000a\000n\000z\000a\000\040\000P\000a\000r\000a\000s\000s\000i\000t\000i}{subsubsection.4.2.4}% 144
\BOOKMARK [2][-]{subsection.4.3}{\376\377\000F\000a\000t\000t\000o\000r\000e\000\040\000Q\000u\000a\000l\000i\000t\000\340\000\040\000Q}{section.4}% 145
\BOOKMARK [2][-]{subsection.4.4}{\376\377\000F\000u\000n\000z\000i\000o\000n\000i\000\040\000d\000i\000\040\000T\000r\000a\000s\000f\000e\000r\000i\000m\000e\000n\000t\000o\000\040\000e\000\040\000d\000i\000\040\000G\000u\000a\000d\000a\000g\000n\000o}{section.4}% 146
\BOOKMARK [2][-]{subsection.4.5}{\376\377\000C\000o\000n\000c\000a\000t\000e\000n\000a\000z\000i\000o\000n\000e\000\040\000d\000i\000\040\000F\000i\000l\000t\000r\000i}{section.4}% 147
\BOOKMARK [2][-]{subsection.4.6}{\376\377\000D\000e\000c\000i\000b\000e\000l\000\040\000e\000\040\000S\000c\000a\000l\000a\000\040\000L\000o\000g\000a\000r\000i\000t\000m\000i\000c\000a}{section.4}% 148
\BOOKMARK [2][-]{subsection.4.7}{\376\377\000C\000o\000m\000e\000\040\000D\000i\000s\000e\000g\000n\000a\000r\000e\000\040\000u\000n\000a\000\040\000F\000u\000n\000z\000i\000o\000n\000e\000\040\000d\000i\000\040\000T\000r\000a\000s\000f\000e\000r\000i\000m\000e\000n\000t\000o}{section.4}% 149
\BOOKMARK [3][-]{subsubsection.4.7.1}{\376\377\000P\000o\000l\000i\000\040\000R\000e\000a\000l\000i\000\040\000e\000\040\000D\000i\000s\000t\000i\000n\000t\000i}{subsection.4.7}% 150
\BOOKMARK [3][-]{subsubsection.4.7.2}{\376\377\000P\000o\000l\000i\000\040\000C\000o\000m\000p\000l\000e\000s\000s\000i\000\040\000e\000\040\000C\000o\000n\000i\000u\000g\000a\000t\000i}{subsection.4.7}% 151
\BOOKMARK [1][-]{section.5}{\376\377\000D\000o\000p\000p\000i\000\040\000B\000i\000p\000o\000l\000i}{}% 152
\BOOKMARK [2][-]{subsection.5.1}{\376\377\000M\000e\000t\000o\000d\000i\000\040\000p\000e\000r\000\040\000R\000a\000p\000p\000r\000e\000s\000e\000n\000t\000a\000r\000e\000\040\000u\000n\000\040\000D\000o\000p\000p\000i\000o\000\040\000B\000i\000p\000o\000l\000o}{section.5}% 153
\BOOKMARK [3][-]{subsubsection.5.1.1}{\376\377\000M\000a\000t\000r\000i\000c\000e\000\040\000d\000e\000l\000l\000e\000\040\000I\000m\000p\000e\000d\000e\000n\000z\000e}{subsection.5.1}% 154
\BOOKMARK [3][-]{subsubsection.5.1.2}{\376\377\000M\000a\000t\000r\000i\000c\000e\000\040\000d\000e\000l\000l\000e\000\040\000A\000m\000m\000e\000t\000t\000e\000n\000z\000e}{subsection.5.1}% 155
\BOOKMARK [3][-]{subsubsection.5.1.3}{\376\377\000M\000a\000t\000r\000i\000c\000e\000\040\000I\000b\000r\000i\000d\000a}{subsection.5.1}% 156
\BOOKMARK [3][-]{subsubsection.5.1.4}{\376\377\000M\000a\000t\000r\000i\000c\000e\000\040\000d\000i\000\040\000T\000r\000a\000s\000m\000i\000s\000s\000i\000o\000n\000e\000\040\000D\000i\000r\000e\000t\000t\000a}{subsection.5.1}% 157
\BOOKMARK [3][-]{subsubsection.5.1.5}{\376\377\000I\000n\000d\000i\000v\000i\000d\000u\000a\000z\000i\000o\000n\000e\000\040\000d\000e\000l\000l\000a\000\040\000M\000a\000t\000r\000i\000c\000e}{subsection.5.1}% 158
\BOOKMARK [2][-]{subsection.5.2}{\376\377\000S\000i\000n\000t\000e\000s\000i\000\040\000d\000i\000\040\000D\000o\000p\000p\000i\000\040\000B\000i\000p\000o\000l\000i}{section.5}% 159
\BOOKMARK [2][-]{subsection.5.3}{\376\377\000C\000o\000l\000l\000e\000g\000a\000m\000e\000n\000t\000i\000\040\000f\000r\000a\000\040\000D\000o\000p\000p\000i\000\040\000B\000i\000p\000o\000l\000i}{section.5}% 160
\BOOKMARK [3][-]{subsubsection.5.3.1}{\376\377\000C\000o\000l\000l\000e\000g\000a\000m\000e\000n\000t\000o\000\040\000i\000n\000\040\000S\000e\000r\000i\000e}{subsection.5.3}% 161
\BOOKMARK [3][-]{subsubsection.5.3.2}{\376\377\000C\000o\000l\000l\000e\000g\000a\000m\000e\000n\000t\000o\000\040\000i\000n\000\040\000P\000a\000r\000a\000l\000l\000e\000l\000o}{subsection.5.3}% 162
\BOOKMARK [3][-]{subsubsection.5.3.3}{\376\377\000C\000o\000l\000l\000e\000g\000a\000m\000e\000n\000t\000o\000\040\000i\000n\000\040\000C\000a\000s\000c\000a\000t\000a}{subsection.5.3}% 163
\BOOKMARK [1][-]{section.6}{\376\377\000T\000r\000a\000s\000f\000o\000r\000m\000a\000t\000o\000r\000i}{}% 164
\BOOKMARK [2][-]{subsection.6.1}{\376\377\000M\000u\000t\000u\000a\000\040\000I\000n\000d\000u\000z\000i\000o\000n\000e}{section.6}% 165
\BOOKMARK [3][-]{subsubsection.6.1.1}{\376\377\000N\000e\000s\000s\000u\000n\000\040\000A\000c\000c\000o\000p\000p\000i\000a\000m\000e\000n\000t\000o}{subsection.6.1}% 166
\BOOKMARK [3][-]{subsubsection.6.1.2}{\376\377\000A\000c\000c\000o\000p\000p\000i\000e\000m\000a\000n\000t\000o\000\040\000P\000e\000r\000f\000e\000t\000t\000o}{subsection.6.1}% 167
\BOOKMARK [2][-]{subsection.6.2}{\376\377\000T\000r\000a\000s\000f\000o\000r\000m\000a\000t\000o\000r\000e\000\040\000I\000d\000e\000a\000l\000e}{section.6}% 168
\BOOKMARK [3][-]{subsubsection.6.2.1}{\376\377\000S\000i\000m\000b\000o\000l\000o\000\040\000b\000i\000d\000i\000m\000e\000n\000s\000i\000o\000n\000a\000l\000e}{subsection.6.2}% 169
\BOOKMARK [3][-]{subsubsection.6.2.2}{\376\377\000P\000r\000o\000p\000r\000i\000e\000t\000\340}{subsection.6.2}% 170
\BOOKMARK [4][-]{paragraph.6.2.2.1}{\376\377\000C\000o\000n\000s\000e\000r\000v\000a\000z\000i\000o\000n\000e\000\040\000d\000e\000l\000l\000a\000\040\000P\000o\000t\000e\000n\000z\000a}{subsubsection.6.2.2}% 171
\BOOKMARK [4][-]{paragraph.6.2.2.2}{\376\377\000T\000r\000a\000s\000f\000o\000r\000m\000a\000z\000i\000o\000n\000e\000\040\000d\000e\000l\000l\000e\000\040\000I\000m\000p\000e\000d\000e\000n\000z\000e}{subsubsection.6.2.2}% 172
\BOOKMARK [3][-]{subsubsection.6.2.3}{\376\377\000U\000t\000i\000l\000i\000z\000z\000i\000\040\000d\000i\000\040\000u\000n\000\040\000T\000r\000a\000s\000f\000o\000r\000m\000a\000t\000o\000r\000e}{subsection.6.2}% 173
\BOOKMARK [4][-]{paragraph.6.2.3.1}{\376\377\000T\000r\000a\000s\000f\000o\000r\000m\000a\000z\000i\000o\000n\000e\000\040\000d\000e\000l\000l\000'\000i\000m\000e\000d\000e\000n\000z\000a}{subsubsection.6.2.3}% 174
\BOOKMARK [4][-]{paragraph.6.2.3.2}{\376\377\000T\000r\000a\000s\000f\000o\000r\000m\000a\000t\000o\000r\000e\000\040\000d\000i\000\040\000c\000o\000r\000r\000e\000n\000t\000i\000\040\000e\000\040\000t\000e\000n\000s\000i\000o\000n\000i}{subsubsection.6.2.3}% 175
\BOOKMARK [4][-]{paragraph.6.2.3.3}{\376\377\000A\000d\000a\000t\000t\000a\000t\000o\000r\000e\000\040\000d\000i\000\040\000i\000m\000p\000e\000d\000e\000n\000z\000a}{subsubsection.6.2.3}% 176
\BOOKMARK [4][-]{paragraph.6.2.3.4}{\376\377\000I\000s\000o\000l\000a\000t\000o\000r\000e}{subsubsection.6.2.3}% 177
\BOOKMARK [4][-]{paragraph.6.2.3.5}{\376\377\000M\000i\000s\000u\000r\000a\000\040\000d\000i\000\040\000c\000o\000r\000r\000e\000n\000t\000i\000\040\000o\000\040\000t\000e\000n\000s\000i\000o\000n\000i\000\040\000e\000l\000e\000v\000a\000t\000e}{subsubsection.6.2.3}% 178
\BOOKMARK [2][-]{subsection.6.3}{\376\377\000T\000r\000a\000s\000f\000o\000r\000m\000a\000t\000o\000r\000e\000\040\000R\000e\000a\000l\000e}{section.6}% 179
\BOOKMARK [3][-]{subsubsection.6.3.1}{\376\377\000D\000e\000t\000e\000r\000m\000i\000n\000a\000z\000i\000o\000n\000e\000\040\000d\000e\000i\000\040\000p\000a\000r\000a\000m\000e\000t\000r\000i}{subsection.6.3}% 180
\BOOKMARK [2][-]{subsection.6.4}{\376\377\000A\000u\000t\000o\000t\000r\000a\000s\000f\000o\000r\000m\000a\000t\000o\000r\000e\000\040\000\050\000V\000a\000r\000i\000a\000c\000\051}{section.6}% 181
