\BOOKMARK [1][-]{section.1}{\376\377\000C\000i\000r\000c\000u\000i\000t\000i\000\040\000i\000n\000\040\000C\000o\000r\000r\000e\000n\000t\000e\000\040\000C\000o\000n\000t\000i\000n\000u\000a}{}% 1
\BOOKMARK [2][-]{subsection.1.1}{\376\377\000C\000a\000r\000i\000c\000a\000\040\000e\000l\000e\000t\000t\000r\000o\000n\000e}{section.1}% 2
\BOOKMARK [2][-]{subsection.1.2}{\376\377\000P\000r\000i\000m\000a\000\040\000l\000e\000g\000g\000e\000\040\000d\000i\000\040\000O\000h\000m}{section.1}% 3
\BOOKMARK [2][-]{subsection.1.3}{\376\377\000S\000e\000c\000o\000n\000d\000a\000\040\000l\000e\000g\000g\000e\000\040\000d\000i\000\040\000O\000h\000m}{section.1}% 4
\BOOKMARK [3][-]{subsubsection.1.3.1}{\376\377\000V\000a\000r\000i\000a\000z\000i\000o\000n\000e\000\040\000d\000i\000\040\000R\000e\000s\000i\000s\000t\000i\000v\000i\000t\000\340\000\040\000\050\000o\000\040\000C\000o\000n\000c\000u\000d\000i\000b\000i\000l\000i\000t\000\340\000\051\000\040\000c\000o\000n\000\040\000l\000a\000\040\000t\000e\000m\000p\000e\000r\000a\000t\000u\000r\000a}{subsection.1.3}% 5
\BOOKMARK [2][-]{subsection.1.4}{\376\377\000B\000i\000p\000o\000l\000i}{section.1}% 6
\BOOKMARK [3][-]{subsubsection.1.4.1}{\376\377\000B\000i\000p\000o\000l\000o\000\040\000E\000l\000e\000t\000t\000r\000i\000c\000o\000\040\000\050\000g\000e\000n\000e\000r\000i\000c\000o\000\051}{subsection.1.4}% 7
\BOOKMARK [3][-]{subsubsection.1.4.2}{\376\377\000F\000i\000l\000o\000\040\000E\000l\000e\000t\000t\000r\000i\000c\000o}{subsection.1.4}% 8
\BOOKMARK [3][-]{subsubsection.1.4.3}{\376\377\000B\000i\000p\000o\000l\000o\000\040\000"\000R\000e\000s\000i\000s\000t\000e\000n\000z\000a\000"}{subsection.1.4}% 9
\BOOKMARK [3][-]{subsubsection.1.4.4}{\376\377\000B\000i\000p\000o\000l\000o\000\040\000"\000G\000e\000n\000e\000r\000a\000t\000o\000r\000e\000\040\000I\000d\000e\000a\000l\000e\000\040\000d\000i\000\040\000T\000e\000n\000s\000i\000o\000n\000e\000"}{subsection.1.4}% 10
\BOOKMARK [3][-]{subsubsection.1.4.5}{\376\377\000B\000i\000p\000o\000l\000o\000\040\000"\000G\000e\000n\000e\000r\000a\000t\000o\000r\000e\000\040\000I\000d\000e\000a\000l\000e\000\040\000d\000i\000\040\000C\000o\000r\000r\000e\000n\000t\000e\000"}{subsection.1.4}% 11
\BOOKMARK [2][-]{subsection.1.5}{\376\377\000C\000o\000n\000v\000e\000n\000z\000i\000o\000n\000e\000\040\000d\000e\000l\000\040\000G\000e\000n\000e\000r\000a\000t\000o\000r\000e}{section.1}% 12
\BOOKMARK [2][-]{subsection.1.6}{\376\377\000C\000o\000n\000v\000e\000n\000z\000i\000o\000n\000e\000\040\000d\000e\000l\000'\000U\000t\000i\000l\000i\000z\000z\000a\000t\000o\000r\000e}{section.1}% 13
\BOOKMARK [2][-]{subsection.1.7}{\376\377\000P\000r\000i\000n\000c\000i\000p\000i\000o\000\040\000d\000i\000\040\000K\000i\000r\000c\000h\000h\000o\000f\000f\000\040\000a\000l\000\040\000N\000o\000d\000o\000\040\000\050\0001\000\260\000\040\000P\000r\000i\000n\000c\000i\000p\000i\000o\000\040\000d\000i\000\040\000K\000i\000r\000c\000h\000h\000o\000f\000f\000\051}{section.1}% 14
\BOOKMARK [2][-]{subsection.1.8}{\376\377\000P\000r\000i\000n\000c\000i\000p\000i\000o\000\040\000d\000i\000\040\000K\000i\000r\000c\000h\000h\000o\000f\000f\000\040\000a\000l\000l\000a\000\040\000M\000a\000g\000l\000i\000a\000\040\000\050\0002\000\260\000\040\000P\000r\000i\000n\000c\000i\000p\000i\000o\000\040\000d\000i\000\040\000K\000i\000r\000c\000h\000h\000o\000f\000f\000\051}{section.1}% 15
\BOOKMARK [2][-]{subsection.1.9}{\376\377\000C\000o\000n\000d\000u\000t\000t\000a\000n\000z\000a\000\040\000E\000l\000e\000t\000t\000r\000i\000c\000a}{section.1}% 16
\BOOKMARK [2][-]{subsection.1.10}{\376\377\000P\000o\000t\000e\000n\000z\000a\000\040\000E\000l\000e\000t\000t\000r\000i\000c\000a\000\040\000d\000i\000\040\000u\000n\000\040\000B\000i\000p\000o\000l\000o}{section.1}% 17
\BOOKMARK [3][-]{subsubsection.1.10.1}{\376\377\000C\000o\000n\000v\000e\000n\000z\000i\000o\000n\000e\000\040\000U\000t\000i\000l\000i\000z\000z\000a\000t\000o\000r\000e}{subsection.1.10}% 18
\BOOKMARK [3][-]{subsubsection.1.10.2}{\376\377\000C\000o\000n\000v\000e\000n\000z\000i\000o\000n\000e\000\040\000G\000e\000n\000e\000r\000a\000t\000o\000r\000e}{subsection.1.10}% 19
\BOOKMARK [2][-]{subsection.1.11}{\376\377\000F\000e\000n\000o\000m\000e\000n\000i\000\040\000T\000e\000r\000m\000i\000c\000i}{section.1}% 20
\BOOKMARK [3][-]{subsubsection.1.11.1}{\376\377\000L\000e\000g\000g\000e\000\040\000d\000i\000\040\000O\000h\000m\000\040\000T\000e\000r\000m\000i\000c\000a}{subsection.1.11}% 21
\BOOKMARK [3][-]{subsubsection.1.11.2}{\376\377\000R\000e\000s\000i\000s\000t\000e\000n\000z\000a\000\040\000T\000e\000r\000m\000i\000c\000a}{subsection.1.11}% 22
\BOOKMARK [2][-]{subsection.1.12}{\376\377\000C\000o\000l\000l\000e\000g\000a\000m\000e\000n\000t\000i\000\040\000f\000r\000a\000\040\000B\000i\000p\000o\000l\000i}{section.1}% 23
\BOOKMARK [3][-]{subsubsection.1.12.1}{\376\377\000C\000o\000l\000l\000e\000g\000a\000m\000e\000n\000t\000o\000\040\000i\000n\000\040\000S\000e\000r\000i\000e}{subsection.1.12}% 24
\BOOKMARK [3][-]{subsubsection.1.12.2}{\376\377\000C\000o\000l\000l\000e\000g\000a\000m\000e\000n\000t\000o\000\040\000i\000n\000\040\000P\000a\000r\000a\000l\000l\000e\000l\000o}{subsection.1.12}% 25
\BOOKMARK [3][-]{subsubsection.1.12.3}{\376\377\000P\000a\000r\000t\000i\000t\000o\000r\000e\000\040\000d\000i\000\040\000T\000e\000n\000s\000i\000o\000n\000e\000\040\000\050\000S\000e\000r\000i\000e\000\040\000d\000i\000\040\000R\000e\000s\000i\000s\000t\000e\000n\000z\000e\000\051}{subsection.1.12}% 26
\BOOKMARK [3][-]{subsubsection.1.12.4}{\376\377\000P\000a\000r\000t\000i\000t\000o\000r\000e\000\040\000d\000i\000\040\000C\000o\000r\000r\000e\000n\000t\000e\000\040\000\050\000P\000a\000r\000a\000l\000l\000e\000l\000o\000\040\000d\000i\000\040\000R\000e\000s\000i\000s\000t\000e\000n\000z\000e\000\051}{subsection.1.12}% 27
\BOOKMARK [3][-]{subsubsection.1.12.5}{\376\377\000S\000e\000r\000i\000e\000\040\000d\000i\000\040\000G\000e\000n\000e\000r\000a\000t\000o\000r\000i\000\040\000I\000d\000e\000a\000l\000i\000\040\000d\000i\000\040\000T\000e\000n\000s\000i\000o\000n\000e}{subsection.1.12}% 28
\BOOKMARK [3][-]{subsubsection.1.12.6}{\376\377\000P\000a\000r\000a\000l\000l\000e\000l\000o\000\040\000d\000i\000\040\000G\000e\000n\000e\000r\000a\000t\000o\000r\000i\000\040\000I\000d\000e\000a\000l\000i\000\040\000d\000i\000\040\000T\000e\000n\000s\000i\000o\000n\000e}{subsection.1.12}% 29
\BOOKMARK [3][-]{subsubsection.1.12.7}{\376\377\000S\000e\000r\000i\000e\000\040\000d\000i\000\040\000G\000e\000n\000e\000r\000a\000t\000o\000r\000i\000\040\000I\000d\000e\000a\000l\000i\000\040\000d\000i\000\040\000C\000o\000r\000r\000e\000n\000t\000e}{subsection.1.12}% 30
\BOOKMARK [3][-]{subsubsection.1.12.8}{\376\377\000P\000a\000r\000a\000l\000l\000e\000l\000o\000\040\000d\000i\000\040\000G\000e\000n\000e\000r\000a\000t\000o\000r\000i\000\040\000I\000d\000e\000a\000l\000i\000\040\000d\000i\000\040\000C\000o\000r\000r\000e\000n\000t\000e}{subsection.1.12}% 31
\BOOKMARK [2][-]{subsection.1.13}{\376\377\000G\000e\000n\000e\000r\000a\000t\000o\000r\000i\000\040\000R\000e\000a\000l\000i}{section.1}% 32
\BOOKMARK [3][-]{subsubsection.1.13.1}{\376\377\000G\000e\000n\000e\000r\000a\000t\000o\000r\000e\000\040\000R\000e\000a\000l\000e\000\040\000d\000i\000\040\000T\000e\000n\000s\000i\000o\000n\000e}{subsection.1.13}% 33
\BOOKMARK [3][-]{subsubsection.1.13.2}{\376\377\000G\000e\000n\000e\000r\000a\000t\000o\000r\000e\000\040\000R\000e\000a\000l\000e\000\040\000d\000i\000\040\000C\000o\000r\000r\000e\000n\000t\000e}{subsection.1.13}% 34
\BOOKMARK [3][-]{subsubsection.1.13.3}{\376\377\000E\000q\000u\000i\000v\000a\000l\000e\000n\000z\000e\000\040\000f\000r\000a\000\040\000G\000e\000n\000e\000r\000a\000t\000o\000r\000i\000\040\000R\000e\000a\000l\000i}{subsection.1.13}% 35
\BOOKMARK [2][-]{subsection.1.14}{\376\377\000G\000e\000n\000e\000r\000a\000t\000o\000r\000i\000\040\000R\000e\000a\000l\000i}{section.1}% 36
\BOOKMARK [3][-]{subsubsection.1.14.1}{\376\377\000G\000e\000n\000e\000r\000a\000t\000o\000r\000e\000\040\000R\000e\000a\000l\000e\000\040\000d\000i\000\040\000T\000e\000n\000s\000i\000o\000n\000e}{subsection.1.14}% 37
\BOOKMARK [3][-]{subsubsection.1.14.2}{\376\377\000G\000e\000n\000e\000r\000a\000t\000o\000r\000e\000\040\000R\000e\000a\000l\000e\000\040\000d\000i\000\040\000C\000o\000r\000r\000e\000n\000t\000e}{subsection.1.14}% 38
\BOOKMARK [3][-]{subsubsection.1.14.3}{\376\377\000E\000q\000u\000i\000v\000a\000l\000e\000n\000z\000e\000\040\000f\000r\000a\000\040\000G\000e\000n\000e\000r\000a\000t\000o\000r\000i\000\040\000R\000e\000a\000l\000i}{subsection.1.14}% 39
\BOOKMARK [3][-]{subsubsection.1.14.4}{\376\377\000C\000o\000n\000s\000i\000d\000e\000r\000a\000z\000i\000o\000n\000i\000\040\000E\000n\000e\000r\000g\000e\000t\000i\000c\000h\000e\000\040\000s\000u\000i\000\040\000G\000e\000n\000e\000r\000a\000t\000o\000r\000i\000\040\000R\000e\000a\000l\000i}{subsection.1.14}% 40
\BOOKMARK [3][-]{subsubsection.1.14.5}{\376\377\000G\000e\000n\000e\000r\000a\000t\000o\000r\000i\000\040\000R\000e\000a\000l\000i\000\040\000d\000i\000\040\000T\000e\000n\000s\000i\000o\000n\000e\000\040\000i\000n\000\040\000S\000e\000r\000i\000e}{subsection.1.14}% 41
\BOOKMARK [3][-]{subsubsection.1.14.6}{\376\377\000G\000e\000n\000e\000r\000a\000t\000o\000r\000i\000\040\000R\000e\000a\000l\000i\000\040\000d\000i\000\040\000C\000o\000r\000r\000e\000n\000t\000e\000\040\000i\000n\000\040\000S\000e\000r\000i\000e}{subsection.1.14}% 42
\BOOKMARK [2][-]{subsection.1.15}{\376\377\000S\000t\000r\000u\000m\000e\000n\000t\000i\000\040\000d\000i\000\040\000M\000i\000s\000u\000r\000a}{section.1}% 43
\BOOKMARK [3][-]{subsubsection.1.15.1}{\376\377\000V\000o\000l\000t\000m\000e\000t\000r\000o}{subsection.1.15}% 44
\BOOKMARK [3][-]{subsubsection.1.15.2}{\376\377\000A\000m\000p\000e\000r\000o\000m\000e\000t\000r\000o}{subsection.1.15}% 45
\BOOKMARK [3][-]{subsubsection.1.15.3}{\376\377\000O\000h\000m\000e\000r\000o}{subsection.1.15}% 46
\BOOKMARK [3][-]{subsubsection.1.15.4}{\376\377\000W\000a\000t\000t\000m\000e\000t\000r\000o}{subsection.1.15}% 47
\BOOKMARK [2][-]{subsection.1.16}{\376\377\000G\000e\000n\000e\000r\000a\000t\000o\000r\000i\000\040\000P\000i\000l\000o\000t\000a\000t\000i}{section.1}% 48
\BOOKMARK [3][-]{subsubsection.1.16.1}{\376\377\000G\000e\000n\000e\000r\000a\000t\000o\000r\000e\000\040\000d\000i\000\040\000T\000e\000n\000s\000i\000o\000n\000e\000\040\000P\000i\000l\000o\000t\000a\000t\000o\000\040\000d\000a\000\040\000U\000n\000a\000\040\000T\000e\000n\000s\000i\000o\000n\000e}{subsection.1.16}% 49
\BOOKMARK [3][-]{subsubsection.1.16.2}{\376\377\000G\000e\000n\000e\000r\000a\000t\000o\000r\000e\000\040\000d\000i\000\040\000T\000e\000n\000s\000i\000o\000n\000e\000\040\000P\000i\000l\000o\000t\000a\000t\000o\000\040\000d\000a\000\040\000U\000n\000a\000\040\000C\000o\000r\000r\000e\000n\000t\000e}{subsection.1.16}% 50
\BOOKMARK [3][-]{subsubsection.1.16.3}{\376\377\000G\000e\000n\000e\000r\000a\000t\000o\000r\000e\000\040\000d\000i\000\040\000C\000o\000r\000r\000e\000n\000t\000e\000\040\000P\000i\000l\000o\000t\000a\000t\000o\000\040\000d\000a\000\040\000U\000n\000a\000\040\000T\000e\000n\000s\000i\000o\000n\000e}{subsection.1.16}% 51
\BOOKMARK [3][-]{subsubsection.1.16.4}{\376\377\000G\000e\000n\000e\000r\000a\000t\000o\000r\000e\000\040\000d\000i\000\040\000C\000o\000r\000r\000e\000n\000t\000e\000\040\000P\000i\000l\000o\000t\000a\000t\000o\000\040\000d\000a\000\040\000U\000n\000a\000\040\000C\000o\000r\000r\000e\000n\000t\000e}{subsection.1.16}% 52
\BOOKMARK [2][-]{subsection.1.17}{\376\377\000T\000e\000o\000r\000e\000m\000a\000\040\000d\000i\000\040\000M\000i\000l\000l\000m\000a\000n}{section.1}% 53
\BOOKMARK [2][-]{subsection.1.18}{\376\377\000T\000r\000a\000s\000f\000o\000r\000m\000a\000z\000i\000o\000n\000i\000\040\000S\000t\000e\000l\000l\000a\000-\000T\000r\000i\000a\000n\000g\000o\000l\000o}{section.1}% 54
\BOOKMARK [2][-]{subsection.1.19}{\376\377\000P\000r\000i\000n\000c\000i\000p\000i\000o\000\040\000d\000i\000\040\000S\000o\000v\000r\000a\000p\000p\000o\000s\000i\000z\000i\000o\000n\000e\000\040\000d\000e\000g\000l\000i\000\040\000E\000f\000f\000e\000t\000t\000i}{section.1}% 55
\BOOKMARK [3][-]{subsubsection.1.19.1}{\376\377\000C\000i\000r\000c\000u\000i\000t\000i\000\040\000L\000i\000n\000e\000a\000r\000i}{subsection.1.19}% 56
\BOOKMARK [3][-]{subsubsection.1.19.2}{\376\377\000M\000e\000t\000o\000d\000o\000\040\000d\000e\000l\000l\000a\000\040\000S\000o\000v\000r\000a\000p\000p\000o\000s\000i\000z\000i\000o\000n\000e\000\040\000d\000e\000g\000l\000i\000\040\000E\000f\000f\000e\000t\000t\000i}{subsection.1.19}% 57
\BOOKMARK [2][-]{subsection.1.20}{\376\377\000T\000e\000o\000r\000e\000m\000a\000\040\000d\000i\000\040\000T\000h\000e\000v\000e\000n\000i\000n}{section.1}% 58
\BOOKMARK [2][-]{subsection.1.21}{\376\377\000T\000e\000o\000r\000e\000m\000a\000\040\000d\000i\000\040\000N\000o\000r\000t\000o\000n}{section.1}% 59
\BOOKMARK [2][-]{subsection.1.22}{\376\377\000T\000h\000e\000v\000e\000n\000i\000n\000\040\000e\000\040\000N\000o\000r\000t\000o\000n\000\040\000i\000n\000\040\000P\000r\000e\000s\000e\000n\000z\000a\000\040\000d\000i\000\040\000G\000e\000n\000e\000r\000a\000t\000o\000r\000i\000\040\000P\000i\000l\000o\000t\000a\000t\000i}{section.1}% 60
\BOOKMARK [2][-]{subsection.1.23}{\376\377\000M\000e\000t\000o\000d\000i\000\040\000R\000i\000s\000o\000l\000u\000t\000i\000v\000i}{section.1}% 61
\BOOKMARK [3][-]{subsubsection.1.23.1}{\376\377\000M\000e\000t\000o\000d\000o\000\040\000d\000e\000l\000l\000e\000\040\000C\000o\000r\000r\000e\000n\000t\000i\000\040\000d\000i\000\040\000M\000a\000g\000l\000i\000a}{subsection.1.23}% 62
\BOOKMARK [3][-]{subsubsection.1.23.2}{\376\377\000M\000e\000t\000o\000d\000o\000\040\000d\000e\000i\000\040\000P\000o\000t\000e\000n\000z\000i\000a\000l\000i\000\040\000d\000i\000\040\000N\000o\000d\000o}{subsection.1.23}% 63
\BOOKMARK [3][-]{subsubsection.1.23.3}{\376\377\000C\000a\000s\000i\000\040\000D\000e\000g\000e\000n\000e\000r\000i}{subsection.1.23}% 64
\BOOKMARK [1][-]{section.2}{\376\377\000T\000r\000a\000s\000i\000t\000o\000r\000i\000\040\000E\000l\000e\000t\000t\000r\000i\000c\000i}{}% 65
\BOOKMARK [2][-]{subsection.2.1}{\376\377\000R\000i\000s\000o\000l\000v\000e\000r\000e\000\040\000E\000q\000u\000a\000z\000i\000o\000n\000i\000\040\000D\000i\000f\000f\000e\000r\000e\000n\000z\000i\000a\000l\000i}{section.2}% 66
\BOOKMARK [2][-]{subsection.2.2}{\376\377\000C\000o\000n\000d\000e\000n\000s\000a\000t\000o\000r\000i}{section.2}% 67
\BOOKMARK [3][-]{subsubsection.2.2.1}{\376\377\000E\000n\000e\000r\000g\000i\000a\000\040\000e\000\040\000P\000o\000t\000e\000n\000z\000a\000\040\000d\000i\000\040\000u\000n\000\040\000C\000o\000n\000d\000e\000n\000s\000a\000t\000o\000r\000e}{subsection.2.2}% 68
\BOOKMARK [3][-]{subsubsection.2.2.2}{\376\377\000T\000r\000a\000n\000s\000i\000t\000o\000r\000i\000o\000\040\000d\000i\000\040\000C\000a\000r\000i\000c\000a\000\040\000d\000i\000\040\000u\000n\000\040\000C\000o\000n\000d\000e\000n\000s\000a\000t\000o\000r\000e}{subsection.2.2}% 69
\BOOKMARK [3][-]{subsubsection.2.2.3}{\376\377\000T\000r\000a\000n\000s\000i\000t\000o\000r\000i\000o\000\040\000d\000i\000\040\000S\000c\000a\000r\000i\000c\000a\000\040\000d\000i\000\040\000u\000n\000\040\000C\000o\000n\000d\000e\000n\000s\000a\000t\000o\000r\000e}{subsection.2.2}% 70
\BOOKMARK [2][-]{subsection.2.3}{\376\377\000E\000l\000e\000m\000e\000n\000t\000i\000\040\000P\000a\000r\000a\000s\000s\000i\000t\000i}{section.2}% 71
\BOOKMARK [2][-]{subsection.2.4}{\376\377\000R\000i\000g\000i\000d\000i\000t\000\340\000\040\000D\000i\000e\000l\000e\000t\000t\000r\000i\000c\000a}{section.2}% 72
\BOOKMARK [2][-]{subsection.2.5}{\376\377\000I\000n\000t\000e\000r\000r\000u\000t\000t\000o\000r\000i\000\040\000e\000\040\000D\000e\000v\000i\000a\000t\000o\000r\000i}{section.2}% 73
\BOOKMARK [2][-]{subsection.2.6}{\376\377\000E\000l\000e\000t\000t\000r\000o\000m\000a\000g\000n\000e\000t\000i\000s\000m\000o}{section.2}% 74
\BOOKMARK [3][-]{subsubsection.2.6.1}{\376\377\000L\000e\000g\000g\000e\000\040\000d\000i\000\040\000C\000i\000r\000c\000u\000i\000t\000a\000z\000i\000o\000n\000e\000\040\000d\000i\000\040\000A\000m\000p\000e\000r\000e}{subsection.2.6}% 75
\BOOKMARK [3][-]{subsubsection.2.6.2}{\376\377\000R\000e\000l\000a\000z\000i\000o\000n\000e\000\040\000d\000e\000l\000l\000a\000\040\000M\000a\000t\000e\000r\000i\000a\000\040\000a\000i\000\040\000C\000a\000m\000p\000i\000\040\000M\000a\000g\000n\000e\000t\000i\000c\000i}{subsection.2.6}% 76
\BOOKMARK [3][-]{subsubsection.2.6.3}{\376\377\000F\000e\000r\000r\000o\000m\000a\000g\000n\000e\000t\000i\000s\000m\000o}{subsection.2.6}% 77
\BOOKMARK [3][-]{subsubsection.2.6.4}{\376\377\000L\000e\000g\000g\000e\000\040\000d\000i\000\040\000F\000a\000r\000a\000d\000a\000y\000-\000L\000e\000n\000z}{subsection.2.6}% 78
\BOOKMARK [3][-]{subsubsection.2.6.5}{\376\377\000P\000e\000r\000d\000i\000t\000e\000\040\000d\000i\000\040\000P\000o\000t\000e\000n\000z\000a\000\040\000d\000e\000l\000\040\000F\000e\000r\000r\000o}{subsection.2.6}% 79
\BOOKMARK [3][-]{subsubsection.2.6.6}{\376\377\000C\000a\000m\000p\000o\000\040\000M\000a\000g\000n\000e\000t\000i\000c\000o\000\040\000I\000n\000c\000i\000d\000e\000n\000t\000e}{subsection.2.6}% 80
\BOOKMARK [3][-]{subsubsection.2.6.7}{\376\377\000C\000i\000r\000c\000u\000i\000t\000i\000\040\000M\000a\000g\000n\000e\000t\000i\000c\000i}{subsection.2.6}% 81
\BOOKMARK [3][-]{subsubsection.2.6.8}{\376\377\000L\000e\000g\000g\000e\000\040\000d\000i\000\040\000H\000o\000p\000k\000i\000n\000s\000o\000n}{subsection.2.6}% 82
\BOOKMARK [2][-]{subsection.2.7}{\376\377\000I\000n\000d\000u\000t\000t\000o\000r\000i}{section.2}% 83
\BOOKMARK [3][-]{subsubsection.2.7.1}{\376\377\000E\000n\000e\000r\000g\000i\000a\000\040\000e\000\040\000P\000o\000t\000e\000n\000z\000a\000\040\000I\000n\000d\000u\000t\000t\000o\000r\000e}{subsection.2.7}% 84
\BOOKMARK [3][-]{subsubsection.2.7.2}{\376\377\000C\000o\000m\000p\000o\000r\000t\000a\000m\000e\000n\000t\000o\000\040\000a\000\040\000R\000e\000g\000i\000m\000e\000\040\000d\000i\000\040\000C\000o\000n\000d\000e\000n\000s\000a\000t\000o\000r\000e\000\040\000e\000\040\000I\000n\000d\000u\000t\000t\000o\000r\000e}{subsection.2.7}% 85
\BOOKMARK [3][-]{subsubsection.2.7.3}{\376\377\000T\000r\000a\000n\000s\000i\000t\000o\000r\000i\000o\000\040\000d\000i\000\040\000C\000a\000r\000i\000c\000a\000\040\000I\000n\000d\000u\000t\000t\000o\000r\000e}{subsection.2.7}% 86
\BOOKMARK [2][-]{subsection.2.8}{\376\377\000C\000o\000l\000l\000e\000g\000a\000m\000e\000n\000t\000i\000\040\000f\000r\000a\000\040\000C\000o\000m\000p\000o\000n\000e\000n\000t\000i\000\040\000R\000e\000a\000t\000t\000i\000v\000i}{section.2}% 87
\BOOKMARK [3][-]{subsubsection.2.8.1}{\376\377\000C\000o\000d\000e\000n\000s\000a\000t\000o\000r\000i\000\040\000i\000n\000\040\000P\000a\000r\000a\000l\000l\000e\000l\000o}{subsection.2.8}% 88
\BOOKMARK [3][-]{subsubsection.2.8.2}{\376\377\000C\000o\000n\000d\000e\000n\000s\000a\000t\000o\000r\000i\000\040\000i\000n\000\040\000S\000e\000r\000i\000e}{subsection.2.8}% 89
\BOOKMARK [3][-]{subsubsection.2.8.3}{\376\377\000I\000n\000d\000u\000t\000t\000o\000r\000i\000\040\000i\000n\000\040\000P\000a\000r\000a\000l\000l\000e\000l\000o}{subsection.2.8}% 90
\BOOKMARK [3][-]{subsubsection.2.8.4}{\376\377\000I\000n\000d\000u\000t\000t\000o\000r\000i\000\040\000i\000n\000\040\000S\000e\000r\000i\000e}{subsection.2.8}% 91
\BOOKMARK [2][-]{subsection.2.9}{\376\377\000A\000n\000a\000l\000i\000s\000i\000\040\000d\000i\000\040\000C\000i\000r\000c\000u\000i\000t\000i\000\040\000i\000n\000\040\000T\000r\000a\000n\000s\000i\000t\000o\000r\000i\000o}{section.2}% 92
\BOOKMARK [1][-]{section.3}{\376\377\000R\000e\000g\000i\000m\000e\000\040\000S\000i\000n\000u\000s\000o\000i\000d\000a\000l\000e}{}% 93
\BOOKMARK [2][-]{subsection.3.1}{\376\377\000B\000i\000p\000o\000l\000i\000\040\000E\000l\000e\000t\000t\000r\000i\000c\000i}{section.3}% 94
\BOOKMARK [3][-]{subsubsection.3.1.1}{\376\377\000G\000e\000n\000e\000r\000a\000t\000o\000r\000e\000\040\000I\000d\000e\000a\000l\000e\000\040\000d\000i\000\040\000T\000e\000n\000s\000i\000o\000n\000e\000\040\000S\000i\000n\000u\000s\000o\000i\000d\000a\000l\000e}{subsection.3.1}% 95
\BOOKMARK [3][-]{subsubsection.3.1.2}{\376\377\000G\000e\000n\000e\000r\000a\000t\000o\000r\000e\000\040\000R\000e\000a\000l\000e\000\040\000d\000i\000\040\000T\000e\000n\000s\000i\000o\000n\000e\000\040\000S\000i\000n\000u\000s\000o\000i\000d\000a\000l\000e}{subsection.3.1}% 96
\BOOKMARK [3][-]{subsubsection.3.1.3}{\376\377\000G\000e\000n\000e\000r\000a\000t\000o\000r\000e\000\040\000I\000d\000e\000a\000l\000e\000\040\000d\000i\000\040\000C\000o\000r\000r\000e\000n\000t\000e\000\040\000S\000i\000n\000u\000s\000o\000i\000d\000a\000l\000e}{subsection.3.1}% 97
\BOOKMARK [3][-]{subsubsection.3.1.4}{\376\377\000G\000e\000n\000e\000r\000a\000t\000o\000r\000e\000\040\000R\000e\000a\000l\000e\000\040\000d\000i\000\040\000C\000o\000r\000r\000e\000n\000t\000e\000\040\000S\000i\000n\000u\000s\000o\000i\000d\000a\000l\000e}{subsection.3.1}% 98
\BOOKMARK [2][-]{subsection.3.2}{\376\377\000G\000r\000a\000n\000d\000e\000z\000z\000e\000\040\000n\000e\000l\000\040\000R\000e\000g\000i\000m\000e\000\040\000S\000i\000n\000u\000s\000o\000i\000d\000a\000l\000e}{section.3}% 99
\BOOKMARK [2][-]{subsection.3.3}{\376\377\000T\000r\000a\000s\000f\000o\000r\000m\000a\000t\000a\000\040\000d\000i\000\040\000S\000t\000e\000i\000n\000i\000t\000z}{section.3}% 100
\BOOKMARK [2][-]{subsection.3.4}{\376\377\000M\000e\000t\000o\000d\000o\000\040\000R\000i\000s\000o\000l\000u\000t\000i\000v\000o\000\040\000p\000e\000r\000\040\000R\000e\000g\000i\000m\000e\000\040\000S\000i\000n\000u\000s\000o\000i\000d\000a\000l\000e}{section.3}% 101
\BOOKMARK [2][-]{subsection.3.5}{\376\377\000P\000o\000t\000e\000n\000z\000e\000\040\000i\000n\000\040\000R\000e\000g\000i\000m\000e\000\040\000S\000i\000n\000u\000s\000o\000i\000d\000a\000l\000e}{section.3}% 102
\BOOKMARK [2][-]{subsection.3.6}{\376\377\000V\000a\000l\000o\000r\000e\000\040\000E\000f\000f\000i\000c\000a\000c\000e\000\040\000d\000i\000\040\000T\000e\000n\000s\000i\000o\000n\000i\000\040\000e\000\040\000C\000o\000r\000r\000e\000n\000t\000i}{section.3}% 103
\BOOKMARK [2][-]{subsection.3.7}{\376\377\000T\000e\000o\000r\000e\000m\000a\000\040\000d\000i\000\040\000B\000o\000u\000c\000h\000e\000r\000o\000t}{section.3}% 104
\BOOKMARK [2][-]{subsection.3.8}{\376\377\000R\000i\000f\000a\000s\000a\000m\000e\000n\000t\000o}{section.3}% 105
\BOOKMARK [2][-]{subsection.3.9}{\376\377\000T\000e\000o\000r\000e\000m\000a\000\040\000d\000e\000l\000\040\000M\000a\000s\000s\000i\000m\000o\000\040\000T\000r\000a\000s\000f\000e\000r\000i\000m\000e\000n\000t\000o\000\040\000d\000i\000\040\000P\000o\000t\000e\000n\000z\000a}{section.3}% 106
\BOOKMARK [2][-]{subsection.3.10}{\376\377\000S\000i\000s\000t\000e\000m\000i\000\040\000T\000r\000i\000f\000a\000s\000e}{section.3}% 107
\BOOKMARK [3][-]{subsubsection.3.10.1}{\376\377\000C\000o\000l\000l\000e\000g\000a\000m\000e\000n\000t\000o\000\040\000a\000\040\000T\000r\000i\000a\000n\000g\000o\000l\000o}{subsection.3.10}% 108
\BOOKMARK [3][-]{subsubsection.3.10.2}{\376\377\000C\000o\000l\000l\000e\000g\000a\000m\000e\000n\000t\000o\000\040\000a\000\040\000S\000t\000e\000l\000l\000a}{subsection.3.10}% 109
\BOOKMARK [3][-]{subsubsection.3.10.3}{\376\377\000M\000i\000s\000u\000r\000a\000\040\000d\000i\000\040\000P\000t\000e\000n\000z\000a\000\040\000T\000r\000i\000f\000a\000s\000e}{subsection.3.10}% 110
\BOOKMARK [3][-]{subsubsection.3.10.4}{\376\377\000I\000n\000s\000e\000r\000z\000i\000o\000n\000e\000\040\000A\000a\000r\000o\000n}{subsection.3.10}% 111
\BOOKMARK [1][-]{section.4}{\376\377\000A\000n\000a\000l\000i\000s\000i\000\040\000i\000n\000\040\000F\000r\000e\000q\000u\000e\000n\000z\000a}{}% 112
\BOOKMARK [2][-]{subsection.4.1}{\376\377\000D\000i\000a\000g\000r\000a\000m\000m\000a\000\040\000d\000i\000\040\000B\000o\000d\000e\000\040\000i\000n\000\040\000A\000m\000p\000i\000e\000z\000z\000a\000\040\000e\000\040\000F\000a\000s\000e}{section.4}% 113
\BOOKMARK [2][-]{subsection.4.2}{\376\377\000F\000i\000l\000t\000r\000o\000\040\000P\000a\000s\000s\000a\000-\000B\000a\000s\000s\000o\000\040\000\050\000R\000C\000\051}{section.4}% 114
\BOOKMARK [3][-]{subsubsection.4.2.1}{\376\377\000F\000i\000l\000t\000r\000o\000\040\000P\000a\000s\000s\000a\000-\000A\000l\000t\000o\000\040\000\050\000R\000C\000\051}{subsection.4.2}% 115
\BOOKMARK [2][-]{subsection.4.3}{\376\377\000F\000i\000l\000t\000r\000o\000\040\000P\000a\000s\000s\000a\000-\000A\000l\000t\000o\000\040\000\050\000R\000L\000\051}{section.4}% 116
\BOOKMARK [2][-]{subsection.4.4}{\376\377\000F\000i\000l\000t\000r\000o\000\040\000R\000L\000C\000\040\000S\000e\000r\000i\000e}{section.4}% 117
\BOOKMARK [3][-]{subsubsection.4.4.1}{\376\377\000P\000u\000l\000s\000a\000z\000i\000o\000n\000e\000\040\000d\000i\000\040\000R\000i\000s\000o\000n\000a\000n\000z\000a}{subsection.4.4}% 118
\BOOKMARK [2][-]{subsection.4.5}{\376\377\000F\000a\000t\000t\000o\000r\000e\000\040\000Q\000u\000a\000l\000i\000t\000\340\000\040\000Q}{section.4}% 119
\BOOKMARK [2][-]{subsection.4.6}{\376\377\000F\000i\000l\000t\000r\000o\000\040\000R\000L\000C\000\040\000P\000a\000r\000a\000l\000l\000e\000l\000o\000\040\000\050\000A\000n\000t\000i\000r\000i\000s\000o\000n\000a\000n\000z\000a\000\051}{section.4}% 120
\BOOKMARK [2][-]{subsection.4.7}{\376\377\000P\000i\000c\000c\000h\000i\000\040\000d\000i\000\040\000R\000i\000s\000o\000n\000a\000n\000z\000a\000\040\000o\000\040\000A\000n\000t\000i\000r\000i\000s\000o\000n\000a\000n\000z\000a\000\040\000P\000a\000r\000a\000s\000s\000i\000t\000i}{section.4}% 121
\BOOKMARK [2][-]{subsection.4.8}{\376\377\000F\000u\000n\000z\000i\000o\000n\000i\000\040\000d\000i\000\040\000T\000r\000a\000s\000f\000e\000r\000i\000m\000e\000n\000t\000o}{section.4}% 122
\BOOKMARK [3][-]{subsubsection.4.8.1}{\376\377\000Z\000e\000r\000i\000\040\000d\000e\000l\000l\000e\000\040\000F\000u\000z\000i\000o\000n\000i\000\040\000d\000i\000\040\000T\000r\000a\000s\000f\000e\000r\000i\000m\000e\000n\000t\000o}{subsection.4.8}% 123
\BOOKMARK [3][-]{subsubsection.4.8.2}{\376\377\000P\000o\000l\000i\000\040\000d\000e\000l\000l\000e\000\040\000F\000u\000n\000z\000i\000o\000n\000i\000\040\000d\000i\000\040\000T\000r\000a\000s\000f\000e\000r\000i\000m\000e\000n\000t\000o}{subsection.4.8}% 124
\BOOKMARK [3][-]{subsubsection.4.8.3}{\376\377\000C\000o\000s\000t\000a\000n\000t\000i\000\040\000d\000i\000\040\000T\000r\000a\000s\000f\000e\000r\000i\000m\000e\000n\000t\000o}{subsection.4.8}% 125
\BOOKMARK [3][-]{subsubsection.4.8.4}{\376\377\000C\000o\000m\000e\000\040\000D\000i\000s\000e\000g\000n\000a\000r\000e\000\040\000u\000n\000a\000\040\000F\000u\000n\000z\000i\000o\000n\000e\000\040\000d\000i\000\040\000T\000r\000a\000s\000f\000e\000r\000i\000m\000e\000n\000t\000o}{subsection.4.8}% 126
\BOOKMARK [2][-]{subsection.4.9}{\376\377\000D\000e\000c\000i\000b\000e\000l\000\040\000e\000\040\000S\000c\000a\000l\000a\000\040\000L\000o\000g\000a\000r\000i\000t\000m\000i\000c\000a}{section.4}% 127
\BOOKMARK [3][-]{subsubsection.4.9.1}{\376\377\000G\000u\000a\000d\000a\000g\000n\000o\000\040\000d\000i\000\040\000P\000o\000t\000e\000n\000z\000a}{subsection.4.9}% 128
\BOOKMARK [3][-]{subsubsection.4.9.2}{\376\377\000L\000o\000g\000a\000r\000i\000t\000m\000i\000\040\000F\000o\000n\000d\000a\000m\000e\000n\000t\000a\000l\000i}{subsection.4.9}% 129
\BOOKMARK [2][-]{subsection.4.10}{\376\377\000P\000o\000l\000i\000\040\000e\000\040\000Z\000e\000r\000i}{section.4}% 130
\BOOKMARK [3][-]{subsubsection.4.10.1}{\376\377\000R\000e\000a\000l\000i\000\040\000e\000\040\000D\000i\000s\000t\000i\000n\000t\000i}{subsection.4.10}% 131
\BOOKMARK [3][-]{subsubsection.4.10.2}{\376\377\000R\000e\000a\000l\000i\000\040\000C\000o\000i\000n\000c\000i\000d\000e\000n\000t\000i}{subsection.4.10}% 132
\BOOKMARK [3][-]{subsubsection.4.10.3}{\376\377\000C\000o\000m\000p\000l\000e\000s\000s\000i\000\040\000e\000\040\000C\000o\000n\000i\000u\000g\000a\000t\000i}{subsection.4.10}% 133
\BOOKMARK [2][-]{subsection.4.11}{\376\377\000P\000u\000l\000s\000a\000z\000i\000o\000n\000e\000\040\000d\000i\000\040\000R\000i\000s\000o\000n\000a\000n\000z\000a\000\040\000e\000\040\000F\000a\000t\000t\000o\000r\000e\000\040\000d\000i\000\040\000S\000m\000o\000r\000z\000a\000m\000e\000n\000t\000o}{section.4}% 134
\BOOKMARK [1][-]{section.5}{\376\377\000D\000o\000p\000p\000i\000\040\000B\000i\000p\000o\000l\000i}{}% 135
\BOOKMARK [1][-]{section.6}{\376\377\000T\000r\000a\000s\000f\000o\000r\000m\000a\000t\000o\000r\000i}{}% 136
