\BOOKMARK [1][-]{section.1}{\376\377\000I\000n\000t\000r\000o\000d\000u\000z\000i\000o\000n\000e}{}% 1
\BOOKMARK [1][-]{section.2}{\376\377\000D\000e\000f\000i\000n\000i\000z\000i\000o\000n\000e\000\040\000d\000e\000i\000\040\000d\000a\000t\000i}{}% 2
\BOOKMARK [1][-]{section.3}{\376\377\000D\000o\000m\000i\000n\000i}{}% 3
\BOOKMARK [2][-]{subsection.3.1}{\376\377\000C\000h\000a\000r\000a\000c\000t\000e\000r}{section.3}% 4
\BOOKMARK [2][-]{subsection.3.2}{\376\377\000B\000i\000t}{section.3}% 5
\BOOKMARK [3][-]{subsubsection.3.2.1}{\376\377\000I\000n\000t\000e\000r\000v\000a\000l\000l\000i\000\040\000t\000e\000m\000p\000o\000r\000a\000l\000i}{subsection.3.2}% 6
\BOOKMARK [2][-]{subsection.3.3}{\376\377\000T\000i\000p\000i\000\040\000n\000u\000m\000e\000r\000i\000c\000i\000\040\000e\000s\000a\000t\000t\000i}{section.3}% 7
\BOOKMARK [2][-]{subsection.3.4}{\376\377\000T\000i\000p\000i\000\040\000n\000u\000m\000e\000r\000i\000c\000i\000\040\000a\000p\000p\000r\000o\000s\000s\000i\000m\000a\000t\000i}{section.3}% 8
\BOOKMARK [2][-]{subsection.3.5}{\376\377\000D\000a\000t\000a\000\040\000e\000\040\000O\000r\000a}{section.3}% 9
\BOOKMARK [1][-]{section.4}{\376\377\000D\000e\000f\000i\000n\000i\000z\000i\000o\000n\000e\000\040\000d\000i\000\040\000D\000o\000m\000i\000n\000i}{}% 10
\BOOKMARK [2][-]{subsection.4.1}{\376\377\000E\000s\000e\000m\000p\000i\000o\000:}{section.4}% 11
\BOOKMARK [1][-]{section.5}{\376\377\000D\000e\000f\000i\000n\000i\000z\000i\000o\000n\000e\000\040\000d\000i\000\040\000S\000c\000h\000e\000m\000i}{}% 12
\BOOKMARK [1][-]{section.6}{\376\377\000D\000e\000f\000i\000n\000i\000z\000i\000o\000n\000e\000\040\000d\000i\000\040\000T\000a\000b\000e\000l\000l\000e}{}% 13
\BOOKMARK [2][-]{subsection.6.1}{\376\377\000E\000s\000e\000m\000p\000i\000o}{section.6}% 14
\BOOKMARK [1][-]{section.7}{\376\377\000V\000a\000l\000o\000r\000i\000\040\000d\000i\000\040\000d\000e\000f\000a\000u\000l\000t}{}% 15
\BOOKMARK [1][-]{section.8}{\376\377\000V\000i\000n\000c\000o\000l\000i\000\040\000i\000n\000t\000r\000a\000r\000e\000l\000a\000z\000i\000o\000n\000a\000l\000i}{}% 16
\BOOKMARK [2][-]{subsection.8.1}{\376\377\000E\000s\000e\000m\000p\000i\000o}{section.8}% 17
\BOOKMARK [2][-]{subsection.8.2}{\376\377\000V\000i\000n\000c\000o\000l\000i\000\040\000d\000i\000\040\000I\000n\000t\000e\000g\000r\000i\000t\000\340\000\040\000R\000e\000f\000e\000r\000e\000n\000z\000i\000a\000l\000e}{section.8}% 18
\BOOKMARK [2][-]{subsection.8.3}{\376\377\000E\000s\000e\000m\000p\000i\000o\000\040\000M\000y\000S\000Q\000L}{section.8}% 19
\BOOKMARK [2][-]{subsection.8.4}{\376\377\000E\000s\000e\000m\000p\000i\000o\000\040\000M\000a\000r\000i\000a\000D\000B}{section.8}% 20
\BOOKMARK [1][-]{section.9}{\376\377\000M\000o\000d\000i\000f\000i\000c\000a\000\040\000d\000e\000g\000l\000i\000\040\000s\000c\000h\000e\000m\000i}{}% 21
\BOOKMARK [2][-]{subsection.9.1}{\376\377\000C\000o\000m\000a\000n\000d\000o\000\040\000a\000l\000t\000e\000r}{section.9}% 22
\BOOKMARK [2][-]{subsection.9.2}{\376\377\000C\000o\000m\000a\000n\000d\000o\000\040\000d\000r\000o\000p}{section.9}% 23
\BOOKMARK [1][-]{section.10}{\376\377\000I\000n\000s\000e\000r\000i\000m\000e\000n\000t\000o}{}% 24
\BOOKMARK [2][-]{subsection.10.1}{\376\377\000E\000s\000e\000m\000p\000i\000o}{section.10}% 25
\BOOKMARK [1][-]{section.11}{\376\377\000C\000a\000n\000c\000e\000l\000l\000a\000z\000i\000o\000n\000e}{}% 26
\BOOKMARK [1][-]{section.12}{\376\377\000M\000o\000d\000i\000f\000i\000c\000a}{}% 27
\BOOKMARK [2][-]{subsection.12.1}{\376\377\000E\000s\000e\000m\000p\000i\000o}{section.12}% 28
\BOOKMARK [1][-]{section.13}{\376\377\000I\000n\000t\000e\000r\000r\000o\000g\000a\000z\000i\000o\000n\000i}{}% 29
\BOOKMARK [2][-]{subsection.13.1}{\376\377\000E\000s\000e\000m\000p\000i\000o}{section.13}% 30
\BOOKMARK [2][-]{subsection.13.2}{\376\377\000I\000n\000t\000e\000r\000p\000r\000e\000t\000a\000z\000i\000o\000n\000e\000\040\000a\000l\000g\000e\000b\000r\000i\000c\000a\000\040\000d\000e\000l\000l\000e\000\040\000i\000n\000t\000e\000r\000r\000o\000g\000a\000z\000i\000o\000n\000i}{section.13}% 31
\BOOKMARK [2][-]{subsection.13.3}{\376\377\000I\000n\000t\000e\000r\000r\000o\000g\000a\000z\000i\000o\000n\000i\000\040\000s\000u\000\040\000p\000i\000\371\000\040\000t\000a\000b\000e\000l\000l\000e}{section.13}% 32
\BOOKMARK [1][-]{section.14}{\376\377\000C\000l\000a\000u\000s\000o\000l\000a\000\040\000w\000h\000e\000r\000e}{}% 33
\BOOKMARK [1][-]{section.15}{\376\377\000O\000p\000e\000r\000a\000t\000o\000r\000e\000\040\000l\000i\000k\000e}{}% 34
\BOOKMARK [1][-]{section.16}{\376\377\000G\000e\000s\000t\000i\000o\000n\000e\000\040\000d\000e\000i\000\040\000v\000a\000l\000o\000r\000i\000\040\000n\000u\000l\000l\000i}{}% 35
\BOOKMARK [1][-]{section.17}{\376\377\000J\000o\000i\000n\000\040\000I\000m\000p\000l\000i\000c\000i\000t\000o\000\040\000e\000d\000\040\000E\000s\000p\000l\000i\000c\000i\000t\000o}{}% 36
\BOOKMARK [1][-]{section.18}{\376\377\000D\000u\000p\000l\000i\000c\000a\000t\000i}{}% 37
\BOOKMARK [1][-]{section.19}{\376\377\000J\000o\000i\000n\000:\000\040\000s\000i\000n\000t\000a\000s\000s\000i}{}% 38
\BOOKMARK [1][-]{section.20}{\376\377\000A\000l\000i\000a\000s\000\040\000e\000\040\000V\000a\000r\000i\000a\000b\000i\000l\000i}{}% 39
\BOOKMARK [2][-]{subsection.20.1}{\376\377\000E\000s\000e\000m\000p\000i\000o\000\040\000d\000i\000\040\000a\000l\000i\000a\000s\000\040\000u\000s\000a\000t\000o\000\040\000c\000o\000m\000e\000\040\000v\000a\000r\000i\000a\000b\000i\000l\000e}{section.20}% 40
\BOOKMARK [1][-]{section.21}{\376\377\000O\000r\000d\000i\000n\000a\000m\000e\000n\000t\000o}{}% 41
\BOOKMARK [1][-]{section.22}{\376\377\000O\000p\000e\000r\000a\000t\000o\000r\000i\000\040\000A\000g\000g\000r\000e\000g\000a\000t\000i}{}% 42
\BOOKMARK [1][-]{section.23}{\376\377\000I\000n\000t\000e\000r\000r\000o\000g\000a\000z\000i\000o\000n\000i\000\040\000c\000o\000n\000\040\000r\000a\000g\000g\000r\000u\000p\000p\000a\000m\000e\000n\000t\000o}{}% 43
\BOOKMARK [2][-]{subsection.23.1}{\376\377\000g\000r\000o\000u\000p\000\040\000b\000y}{section.23}% 44
\BOOKMARK [1][-]{section.24}{\376\377\000O\000p\000e\000r\000a\000t\000o\000r\000i\000\040\000a\000g\000g\000r\000e\000g\000a\000t\000i\000\040\000e\000\040\000R\000a\000g\000g\000r\000u\000p\000p\000a\000m\000e\000n\000t\000i}{}% 45
\BOOKMARK [1][-]{section.25}{\376\377\000R\000a\000g\000g\000r\000u\000p\000p\000a\000m\000e\000n\000t\000i\000\040\000e\000\040\000T\000a\000r\000g\000e\000t\000\040\000L\000i\000s\000t}{}% 46
\BOOKMARK [1][-]{section.26}{\376\377\000C\000o\000n\000d\000i\000z\000i\000o\000n\000i\000\040\000s\000u\000i\000\040\000g\000r\000u\000p\000p\000i}{}% 47
\BOOKMARK [2][-]{subsection.26.1}{\376\377\000E\000s\000e\000m\000p\000i\000o}{section.26}% 48
\BOOKMARK [2][-]{subsection.26.2}{\376\377\000W\000h\000e\000r\000e\000\040\000o\000\040\000H\000a\000v\000i\000n\000g\000?}{section.26}% 49
\BOOKMARK [1][-]{section.27}{\376\377\000S\000e\000l\000e\000c\000t}{}% 50
\BOOKMARK [1][-]{section.28}{\376\377\000I\000n\000t\000e\000r\000r\000o\000g\000a\000z\000i\000o\000n\000i\000\040\000d\000i\000\040\000t\000i\000p\000o\000\040\000i\000n\000s\000i\000e\000m\000i\000s\000t\000i\000c\000o}{}% 51
\BOOKMARK [2][-]{subsection.28.1}{\376\377\000E\000s\000e\000m\000p\000i}{section.28}% 52
\BOOKMARK [1][-]{section.29}{\376\377\000I\000n\000t\000e\000r\000r\000o\000g\000a\000z\000i\000o\000n\000i\000\040\000n\000i\000d\000i\000f\000i\000c\000a\000t\000e}{}% 53
\BOOKMARK [2][-]{subsection.29.1}{\376\377\000I\000n\000t\000e\000r\000r\000o\000g\000a\000z\000i\000o\000n\000i\000\040\000n\000i\000d\000i\000f\000i\000c\000a\000t\000e\000\040\000p\000e\000r\000\040\000g\000l\000i\000\040\000a\000l\000i\000a\000s}{section.29}% 54
\BOOKMARK [2][-]{subsection.29.2}{\376\377\000I\000n\000t\000e\000r\000r\000o\000g\000a\000z\000i\000o\000n\000i\000\040\000n\000i\000d\000i\000f\000i\000c\000a\000t\000e\000\040\000e\000\040\000j\000o\000i\000n}{section.29}% 55
\BOOKMARK [2][-]{subsection.29.3}{\376\377\000O\000p\000e\000r\000a\000t\000o\000r\000i\000\040\000A\000g\000g\000r\000e\000g\000a\000t\000i\000\040\000e\000\040\000N\000i\000d\000i\000f\000i\000c\000a\000z\000i\000o\000n\000e}{section.29}% 56
\BOOKMARK [2][-]{subsection.29.4}{\376\377\000I\000n\000t\000e\000r\000p\000r\000e\000t\000a\000z\000i\000o\000n\000e\000\040\000d\000e\000l\000l\000e\000\040\000q\000u\000e\000r\000y\000\040\000n\000i\000d\000i\000f\000i\000c\000a\000t\000e}{section.29}% 57
\BOOKMARK [1][-]{section.30}{\376\377\000e\000x\000i\000s\000t\000s}{}% 58
\BOOKMARK [1][-]{section.31}{\376\377\000C\000o\000s\000t\000r\000u\000t\000t\000o\000r\000e\000\040\000d\000i\000\040\000t\000u\000p\000l\000e}{}% 59
\BOOKMARK [1][-]{section.32}{\376\377\000V\000i\000n\000c\000o\000l\000i\000\040\000d\000i\000\040\000i\000n\000t\000e\000g\000r\000i\000t\000\340\000\040\000g\000e\000n\000e\000r\000i\000c\000i}{}% 60
\BOOKMARK [2][-]{subsection.32.1}{\376\377\000E\000s\000e\000m\000p\000i\000o\000\040\000c\000h\000e\000c\000k}{section.32}% 61
\BOOKMARK [1][-]{section.33}{\376\377\000A\000s\000s\000e\000r\000z\000i\000o\000n\000i}{}% 62
