This is pdfTeX, Version 3.141592653-2.6-1.40.26 (TeX Live 2024) (preloaded format=pdflatex 2024.6.7)  24 JUL 2026 18:02
entering extended mode
 restricted \write18 enabled.
 %&-line parsing enabled.
**AppuntiFisica2.tex
(./AppuntiFisica2.tex
LaTeX2e <2023-11-01> patch level 1
L3 programming layer <2024-02-20>
(/usr/local/texlive/2024/texmf-dist/tex/latex/base/article.cls
Document Class: article 2023/05/17 v1.4n Standard LaTeX document class
(/usr/local/texlive/2024/texmf-dist/tex/latex/base/size10.clo
File: size10.clo 2023/05/17 v1.4n Standard LaTeX file (size option)
)
\c@part=\count188
\c@section=\count189
\c@subsection=\count190
\c@subsubsection=\count191
\c@paragraph=\count192
\c@subparagraph=\count193
\c@figure=\count194
\c@table=\count195
\abovecaptionskip=\skip48
\belowcaptionskip=\skip49
\bibindent=\dimen140
)
(/usr/local/texlive/2024/texmf-dist/tex/latex/graphics/graphicx.sty
Package: graphicx 2021/09/16 v1.2d Enhanced LaTeX Graphics (DPC,SPQR)

(/usr/local/texlive/2024/texmf-dist/tex/latex/graphics/keyval.sty
Package: keyval 2022/05/29 v1.15 key=value parser (DPC)
\KV@toks@=\toks17
)
(/usr/local/texlive/2024/texmf-dist/tex/latex/graphics/graphics.sty
Package: graphics 2022/03/10 v1.4e Standard LaTeX Graphics (DPC,SPQR)

(/usr/local/texlive/2024/texmf-dist/tex/latex/graphics/trig.sty
Package: trig 2021/08/11 v1.11 sin cos tan (DPC)
)
(/usr/local/texlive/2024/texmf-dist/tex/latex/graphics-cfg/graphics.cfg
File: graphics.cfg 2016/06/04 v1.11 sample graphics configuration
)
Package graphics Info: Driver file: pdftex.def on input line 107.

(/usr/local/texlive/2024/texmf-dist/tex/latex/graphics-def/pdftex.def
File: pdftex.def 2022/09/22 v1.2b Graphics/color driver for pdftex
))
\Gin@req@height=\dimen141
\Gin@req@width=\dimen142
)
(/usr/local/texlive/2024/texmf-dist/tex/latex/blindtext/blindtext.sty
Package: blindtext 2012/01/06 V2.0 blindtext-Package

(/usr/local/texlive/2024/texmf-dist/tex/latex/tools/xspace.sty
Package: xspace 2014/10/28 v1.13 Space after command names (DPC,MH)
)
\c@blindtext=\count196
\c@Blindtext=\count197
\c@blind@countparstart=\count198
\blind@countxx=\count199
\blindtext@numBlindtext=\count266
\blind@countyy=\count267
\c@blindlist=\count268
\c@blindlistlevel=\count269
\c@blindlist@level=\count270
\blind@listitem=\count271
\c@blind@listcount=\count272
\c@blind@levelcount=\count273
\blind@mathformula=\count274
\blind@Mathformula=\count275
\c@blind@randomcount=\count276
\c@blind@randommax=\count277
\c@blind@pangramcount=\count278
\c@blind@pangrammax=\count279
)
(/usr/local/texlive/2024/texmf-dist/tex/latex/titlesec/titlesec.sty
Package: titlesec 2023/10/27 v2.16 Sectioning titles
\ttl@box=\box51
\beforetitleunit=\skip50
\aftertitleunit=\skip51
\ttl@plus=\dimen143
\ttl@minus=\dimen144
\ttl@toksa=\toks18
\titlewidth=\dimen145
\titlewidthlast=\dimen146
\titlewidthfirst=\dimen147
)
(/usr/local/texlive/2024/texmf-dist/tex/latex/xcolor/xcolor.sty
Package: xcolor 2023/11/15 v3.01 LaTeX color extensions (UK)

(/usr/local/texlive/2024/texmf-dist/tex/latex/graphics-cfg/color.cfg
File: color.cfg 2016/01/02 v1.6 sample color configuration
)
Package xcolor Info: Driver file: pdftex.def on input line 274.

(/usr/local/texlive/2024/texmf-dist/tex/latex/graphics/mathcolor.ltx)
Package xcolor Info: Model `cmy' substituted by `cmy0' on input line 1350.
Package xcolor Info: Model `hsb' substituted by `rgb' on input line 1354.
Package xcolor Info: Model `RGB' extended on input line 1366.
Package xcolor Info: Model `HTML' substituted by `rgb' on input line 1368.
Package xcolor Info: Model `Hsb' substituted by `hsb' on input line 1369.
Package xcolor Info: Model `tHsb' substituted by `hsb' on input line 1370.
Package xcolor Info: Model `HSB' substituted by `hsb' on input line 1371.
Package xcolor Info: Model `Gray' substituted by `gray' on input line 1372.
Package xcolor Info: Model `wave' substituted by `hsb' on input line 1373.
)
(/usr/local/texlive/2024/texmf-dist/tex/latex/graphics/dvipsnam.def
File: dvipsnam.def 2016/06/17 v3.0m Driver-dependent file (DPC,SPQR)
)
(/usr/local/texlive/2024/texmf-dist/tex/latex/geometry/geometry.sty
Package: geometry 2020/01/02 v5.9 Page Geometry

(/usr/local/texlive/2024/texmf-dist/tex/generic/iftex/ifvtex.sty
Package: ifvtex 2019/10/25 v1.7 ifvtex legacy package. Use iftex instead.

(/usr/local/texlive/2024/texmf-dist/tex/generic/iftex/iftex.sty
Package: iftex 2022/02/03 v1.0f TeX engine tests
))
\Gm@cnth=\count280
\Gm@cntv=\count281
\c@Gm@tempcnt=\count282
\Gm@bindingoffset=\dimen148
\Gm@wd@mp=\dimen149
\Gm@odd@mp=\dimen150
\Gm@even@mp=\dimen151
\Gm@layoutwidth=\dimen152
\Gm@layoutheight=\dimen153
\Gm@layouthoffset=\dimen154
\Gm@layoutvoffset=\dimen155
\Gm@dimlist=\toks19
)
(/usr/local/texlive/2024/texmf-dist/tex/latex/adjustbox/adjustbox.sty
Package: adjustbox 2022/10/17 v1.3a Adjusting TeX boxes (trim, clip, ...)

(/usr/local/texlive/2024/texmf-dist/tex/latex/xkeyval/xkeyval.sty
Package: xkeyval 2022/06/16 v2.9 package option processing (HA)

(/usr/local/texlive/2024/texmf-dist/tex/generic/xkeyval/xkeyval.tex
(/usr/local/texlive/2024/texmf-dist/tex/generic/xkeyval/xkvutils.tex
\XKV@toks=\toks20
\XKV@tempa@toks=\toks21
)
\XKV@depth=\count283
File: xkeyval.tex 2014/12/03 v2.7a key=value parser (HA)
))
(/usr/local/texlive/2024/texmf-dist/tex/latex/adjustbox/adjcalc.sty
Package: adjcalc 2012/05/16 v1.1 Provides advanced setlength with multiple back
-ends (calc, etex, pgfmath)
)
(/usr/local/texlive/2024/texmf-dist/tex/latex/adjustbox/trimclip.sty
Package: trimclip 2020/08/19 v1.2 Trim and clip general TeX material

(/usr/local/texlive/2024/texmf-dist/tex/latex/collectbox/collectbox.sty
Package: collectbox 2022/10/17 v0.4c Collect macro arguments as boxes
\collectedbox=\box52
)
\tc@llx=\dimen156
\tc@lly=\dimen157
\tc@urx=\dimen158
\tc@ury=\dimen159
Package trimclip Info: Using driver 'tc-pdftex.def'.

(/usr/local/texlive/2024/texmf-dist/tex/latex/adjustbox/tc-pdftex.def
File: tc-pdftex.def 2019/01/04 v2.2 Clipping driver for pdftex
))
\adjbox@Width=\dimen160
\adjbox@Height=\dimen161
\adjbox@Depth=\dimen162
\adjbox@Totalheight=\dimen163
\adjbox@pwidth=\dimen164
\adjbox@pheight=\dimen165
\adjbox@pdepth=\dimen166
\adjbox@ptotalheight=\dimen167

(/usr/local/texlive/2024/texmf-dist/tex/latex/ifoddpage/ifoddpage.sty
Package: ifoddpage 2022/10/18 v1.2 Conditionals for odd/even page detection
\c@checkoddpage=\count284
)
(/usr/local/texlive/2024/texmf-dist/tex/latex/varwidth/varwidth.sty
Package: varwidth 2009/03/30 ver 0.92;  Variable-width minipages
\@vwid@box=\box53
\sift@deathcycles=\count285
\@vwid@loff=\dimen168
\@vwid@roff=\dimen169
))
(/usr/local/texlive/2024/texmf-dist/tex/latex/amsmath/amsmath.sty
Package: amsmath 2023/05/13 v2.17o AMS math features
\@mathmargin=\skip52

For additional information on amsmath, use the `?' option.
(/usr/local/texlive/2024/texmf-dist/tex/latex/amsmath/amstext.sty
Package: amstext 2021/08/26 v2.01 AMS text

(/usr/local/texlive/2024/texmf-dist/tex/latex/amsmath/amsgen.sty
File: amsgen.sty 1999/11/30 v2.0 generic functions
\@emptytoks=\toks22
\ex@=\dimen170
))
(/usr/local/texlive/2024/texmf-dist/tex/latex/amsmath/amsbsy.sty
Package: amsbsy 1999/11/29 v1.2d Bold Symbols
\pmbraise@=\dimen171
)
(/usr/local/texlive/2024/texmf-dist/tex/latex/amsmath/amsopn.sty
Package: amsopn 2022/04/08 v2.04 operator names
)
\inf@bad=\count286
LaTeX Info: Redefining \frac on input line 234.
\uproot@=\count287
\leftroot@=\count288
LaTeX Info: Redefining \overline on input line 399.
LaTeX Info: Redefining \colon on input line 410.
\classnum@=\count289
\DOTSCASE@=\count290
LaTeX Info: Redefining \ldots on input line 496.
LaTeX Info: Redefining \dots on input line 499.
LaTeX Info: Redefining \cdots on input line 620.
\Mathstrutbox@=\box54
\strutbox@=\box55
LaTeX Info: Redefining \big on input line 722.
LaTeX Info: Redefining \Big on input line 723.
LaTeX Info: Redefining \bigg on input line 724.
LaTeX Info: Redefining \Bigg on input line 725.
\big@size=\dimen172
LaTeX Font Info:    Redeclaring font encoding OML on input line 743.
LaTeX Font Info:    Redeclaring font encoding OMS on input line 744.
\macc@depth=\count291
LaTeX Info: Redefining \bmod on input line 905.
LaTeX Info: Redefining \pmod on input line 910.
LaTeX Info: Redefining \smash on input line 940.
LaTeX Info: Redefining \relbar on input line 970.
LaTeX Info: Redefining \Relbar on input line 971.
\c@MaxMatrixCols=\count292
\dotsspace@=\muskip16
\c@parentequation=\count293
\dspbrk@lvl=\count294
\tag@help=\toks23
\row@=\count295
\column@=\count296
\maxfields@=\count297
\andhelp@=\toks24
\eqnshift@=\dimen173
\alignsep@=\dimen174
\tagshift@=\dimen175
\tagwidth@=\dimen176
\totwidth@=\dimen177
\lineht@=\dimen178
\@envbody=\toks25
\multlinegap=\skip53
\multlinetaggap=\skip54
\mathdisplay@stack=\toks26
LaTeX Info: Redefining \[ on input line 2953.
LaTeX Info: Redefining \] on input line 2954.
)
(/usr/local/texlive/2024/texmf-dist/tex/latex/amscls/amsthm.sty
Package: amsthm 2020/05/29 v2.20.6
\thm@style=\toks27
\thm@bodyfont=\toks28
\thm@headfont=\toks29
\thm@notefont=\toks30
\thm@headpunct=\toks31
\thm@preskip=\skip55
\thm@postskip=\skip56
\thm@headsep=\skip57
\dth@everypar=\toks32
)
(/usr/local/texlive/2024/texmf-dist/tex/latex/amsfonts/amssymb.sty
Package: amssymb 2013/01/14 v3.01 AMS font symbols

(/usr/local/texlive/2024/texmf-dist/tex/latex/amsfonts/amsfonts.sty
Package: amsfonts 2013/01/14 v3.01 Basic AMSFonts support
\symAMSa=\mathgroup4
\symAMSb=\mathgroup5
LaTeX Font Info:    Redeclaring math symbol \hbar on input line 98.
LaTeX Font Info:    Overwriting math alphabet `\mathfrak' in version `bold'
(Font)                  U/euf/m/n --> U/euf/b/n on input line 106.
))
(/usr/local/texlive/2024/texmf-dist/tex/latex/cancel/cancel.sty
Package: cancel 2013/04/12 v2.2 Cancel math terms
)
(/usr/local/texlive/2024/texmf-dist/tex/latex/caption/caption.sty
Package: caption 2023/08/05 v3.6o Customizing captions (AR)

(/usr/local/texlive/2024/texmf-dist/tex/latex/caption/caption3.sty
Package: caption3 2023/07/31 v2.4d caption3 kernel (AR)
\caption@tempdima=\dimen179
\captionmargin=\dimen180
\caption@leftmargin=\dimen181
\caption@rightmargin=\dimen182
\caption@width=\dimen183
\caption@indent=\dimen184
\caption@parindent=\dimen185
\caption@hangindent=\dimen186
Package caption Info: Standard document class detected.
)
\c@caption@flags=\count298
\c@continuedfloat=\count299
)
(/usr/local/texlive/2024/texmf-dist/tex/latex/caption/subcaption.sty
Package: subcaption 2023/07/28 v1.6b Sub-captions (AR)
Package caption Info: New subtype `subfigure' on input line 238.
\c@subfigure=\count300
Package caption Info: New subtype `subtable' on input line 238.
\c@subtable=\count301
)
(/usr/local/texlive/2024/texmf-dist/tex/latex/float/float.sty
Package: float 2001/11/08 v1.3d Float enhancements (AL)
\c@float@type=\count302
\float@exts=\toks33
\float@box=\box56
\@float@everytoks=\toks34
\@floatcapt=\box57
)
(/usr/local/texlive/2024/texmf-dist/tex/latex/enumitem/enumitem.sty
Package: enumitem 2019/06/20 v3.9 Customized lists
\labelindent=\skip58
\enit@outerparindent=\dimen187
\enit@toks=\toks35
\enit@inbox=\box58
\enit@count@id=\count303
\enitdp@description=\count304
)
(/usr/local/texlive/2024/texmf-dist/tex/latex/hyperref/hyperref.sty
Package: hyperref 2024-01-20 v7.01h Hypertext links for LaTeX

(/usr/local/texlive/2024/texmf-dist/tex/latex/kvsetkeys/kvsetkeys.sty
Package: kvsetkeys 2022-10-05 v1.19 Key value parser (HO)
)
(/usr/local/texlive/2024/texmf-dist/tex/generic/kvdefinekeys/kvdefinekeys.sty
Package: kvdefinekeys 2019-12-19 v1.6 Define keys (HO)
)
(/usr/local/texlive/2024/texmf-dist/tex/generic/pdfescape/pdfescape.sty
Package: pdfescape 2019/12/09 v1.15 Implements pdfTeX's escape features (HO)

(/usr/local/texlive/2024/texmf-dist/tex/generic/ltxcmds/ltxcmds.sty
Package: ltxcmds 2023-12-04 v1.26 LaTeX kernel commands for general use (HO)
)
(/usr/local/texlive/2024/texmf-dist/tex/generic/pdftexcmds/pdftexcmds.sty
Package: pdftexcmds 2020-06-27 v0.33 Utility functions of pdfTeX for LuaTeX (HO
)

(/usr/local/texlive/2024/texmf-dist/tex/generic/infwarerr/infwarerr.sty
Package: infwarerr 2019/12/03 v1.5 Providing info/warning/error messages (HO)
)
Package pdftexcmds Info: \pdf@primitive is available.
Package pdftexcmds Info: \pdf@ifprimitive is available.
Package pdftexcmds Info: \pdfdraftmode found.
))
(/usr/local/texlive/2024/texmf-dist/tex/latex/hycolor/hycolor.sty
Package: hycolor 2020-01-27 v1.10 Color options for hyperref/bookmark (HO)
)
(/usr/local/texlive/2024/texmf-dist/tex/latex/auxhook/auxhook.sty
Package: auxhook 2019-12-17 v1.6 Hooks for auxiliary files (HO)
)
(/usr/local/texlive/2024/texmf-dist/tex/latex/hyperref/nameref.sty
Package: nameref 2023-11-26 v2.56 Cross-referencing by name of section

(/usr/local/texlive/2024/texmf-dist/tex/latex/refcount/refcount.sty
Package: refcount 2019/12/15 v3.6 Data extraction from label references (HO)
)
(/usr/local/texlive/2024/texmf-dist/tex/generic/gettitlestring/gettitlestring.s
ty
Package: gettitlestring 2019/12/15 v1.6 Cleanup title references (HO)
 (/usr/local/texlive/2024/texmf-dist/tex/latex/kvoptions/kvoptions.sty
Package: kvoptions 2022-06-15 v3.15 Key value format for package options (HO)
))
\c@section@level=\count305
)
(/usr/local/texlive/2024/texmf-dist/tex/latex/etoolbox/etoolbox.sty
Package: etoolbox 2020/10/05 v2.5k e-TeX tools for LaTeX (JAW)
\etb@tempcnta=\count306
)
\@linkdim=\dimen188
\Hy@linkcounter=\count307
\Hy@pagecounter=\count308

(/usr/local/texlive/2024/texmf-dist/tex/latex/hyperref/pd1enc.def
File: pd1enc.def 2024-01-20 v7.01h Hyperref: PDFDocEncoding definition (HO)
Now handling font encoding PD1 ...
... no UTF-8 mapping file for font encoding PD1
)
(/usr/local/texlive/2024/texmf-dist/tex/generic/intcalc/intcalc.sty
Package: intcalc 2019/12/15 v1.3 Expandable calculations with integers (HO)
)
\Hy@SavedSpaceFactor=\count309

(/usr/local/texlive/2024/texmf-dist/tex/latex/hyperref/puenc.def
File: puenc.def 2024-01-20 v7.01h Hyperref: PDF Unicode definition (HO)
Now handling font encoding PU ...
... no UTF-8 mapping file for font encoding PU
)
Package hyperref Info: Hyper figures OFF on input line 4179.
Package hyperref Info: Link nesting OFF on input line 4184.
Package hyperref Info: Hyper index ON on input line 4187.
Package hyperref Info: Plain pages OFF on input line 4194.
Package hyperref Info: Backreferencing OFF on input line 4199.
Package hyperref Info: Implicit mode ON; LaTeX internals redefined.
Package hyperref Info: Bookmarks ON on input line 4446.
\c@Hy@tempcnt=\count310

(/usr/local/texlive/2024/texmf-dist/tex/latex/url/url.sty
\Urlmuskip=\muskip17
Package: url 2013/09/16  ver 3.4  Verb mode for urls, etc.
)
LaTeX Info: Redefining \url on input line 4784.
\XeTeXLinkMargin=\dimen189

(/usr/local/texlive/2024/texmf-dist/tex/generic/bitset/bitset.sty
Package: bitset 2019/12/09 v1.3 Handle bit-vector datatype (HO)

(/usr/local/texlive/2024/texmf-dist/tex/generic/bigintcalc/bigintcalc.sty
Package: bigintcalc 2019/12/15 v1.5 Expandable calculations on big integers (HO
)
))
\Fld@menulength=\count311
\Field@Width=\dimen190
\Fld@charsize=\dimen191
Package hyperref Info: Hyper figures OFF on input line 6063.
Package hyperref Info: Link nesting OFF on input line 6068.
Package hyperref Info: Hyper index ON on input line 6071.
Package hyperref Info: backreferencing OFF on input line 6078.
Package hyperref Info: Link coloring OFF on input line 6083.
Package hyperref Info: Link coloring with OCG OFF on input line 6088.
Package hyperref Info: PDF/A mode OFF on input line 6093.

(/usr/local/texlive/2024/texmf-dist/tex/latex/base/atbegshi-ltx.sty
Package: atbegshi-ltx 2021/01/10 v1.0c Emulation of the original atbegshi
package with kernel methods
)
\Hy@abspage=\count312
\c@Item=\count313
\c@Hfootnote=\count314
)
Package hyperref Info: Driver (autodetected): hpdftex.

(/usr/local/texlive/2024/texmf-dist/tex/latex/hyperref/hpdftex.def
File: hpdftex.def 2024-01-20 v7.01h Hyperref driver for pdfTeX

(/usr/local/texlive/2024/texmf-dist/tex/latex/base/atveryend-ltx.sty
Package: atveryend-ltx 2020/08/19 v1.0a Emulation of the original atveryend pac
kage
with kernel methods
)
\Fld@listcount=\count315
\c@bookmark@seq@number=\count316

(/usr/local/texlive/2024/texmf-dist/tex/latex/rerunfilecheck/rerunfilecheck.sty
Package: rerunfilecheck 2022-07-10 v1.10 Rerun checks for auxiliary files (HO)

(/usr/local/texlive/2024/texmf-dist/tex/generic/uniquecounter/uniquecounter.sty
Package: uniquecounter 2019/12/15 v1.4 Provide unlimited unique counter (HO)
)
Package uniquecounter Info: New unique counter `rerunfilecheck' on input line 2
85.
)
\Hy@SectionHShift=\skip59
) (/usr/local/texlive/2024/texmf-dist/tex/latex/makecell/makecell.sty
Package: makecell 2009/08/03 V0.1e Managing of Tab Column Heads and Cells

(/usr/local/texlive/2024/texmf-dist/tex/latex/tools/array.sty
Package: array 2023/10/16 v2.5g Tabular extension package (FMi)
\col@sep=\dimen192
\ar@mcellbox=\box59
\extrarowheight=\dimen193
\NC@list=\toks36
\extratabsurround=\skip60
\backup@length=\skip61
\ar@cellbox=\box60
)
\rotheadsize=\dimen194
\c@nlinenum=\count317
\TeXr@lab=\toks37
)
(/usr/local/texlive/2024/texmf-dist/tex/latex/chronology/chronology.sty
Package: chronology 2023/08/20 v2.0 - Horizontal Timeline

(/usr/local/texlive/2024/texmf-dist/tex/latex/tools/calc.sty
Package: calc 2023/07/08 v4.3 Infix arithmetic (KKT,FJ)
\calc@Acount=\count318
\calc@Bcount=\count319
\calc@Adimen=\dimen195
\calc@Bdimen=\dimen196
\calc@Askip=\skip62
\calc@Bskip=\skip63
LaTeX Info: Redefining \setlength on input line 80.
LaTeX Info: Redefining \addtolength on input line 81.
\calc@Ccount=\count320
\calc@Cskip=\skip64
)
(/usr/local/texlive/2024/texmf-dist/tex/latex/pgf/frontendlayer/tikz.sty
(/usr/local/texlive/2024/texmf-dist/tex/latex/pgf/basiclayer/pgf.sty
(/usr/local/texlive/2024/texmf-dist/tex/latex/pgf/utilities/pgfrcs.sty
(/usr/local/texlive/2024/texmf-dist/tex/generic/pgf/utilities/pgfutil-common.te
x
\pgfutil@everybye=\toks38
\pgfutil@tempdima=\dimen197
\pgfutil@tempdimb=\dimen198
)
(/usr/local/texlive/2024/texmf-dist/tex/generic/pgf/utilities/pgfutil-latex.def
\pgfutil@abb=\box61
) (/usr/local/texlive/2024/texmf-dist/tex/generic/pgf/utilities/pgfrcs.code.tex
(/usr/local/texlive/2024/texmf-dist/tex/generic/pgf/pgf.revision.tex)
Package: pgfrcs 2023-01-15 v3.1.10 (3.1.10)
))
Package: pgf 2023-01-15 v3.1.10 (3.1.10)

(/usr/local/texlive/2024/texmf-dist/tex/latex/pgf/basiclayer/pgfcore.sty
(/usr/local/texlive/2024/texmf-dist/tex/latex/pgf/systemlayer/pgfsys.sty
(/usr/local/texlive/2024/texmf-dist/tex/generic/pgf/systemlayer/pgfsys.code.tex
Package: pgfsys 2023-01-15 v3.1.10 (3.1.10)
(/usr/local/texlive/2024/texmf-dist/tex/generic/pgf/utilities/pgfkeys.code.tex
\pgfkeys@pathtoks=\toks39
\pgfkeys@temptoks=\toks40

(/usr/local/texlive/2024/texmf-dist/tex/generic/pgf/utilities/pgfkeyslibraryfil
tered.code.tex
\pgfkeys@tmptoks=\toks41
))
\pgf@x=\dimen199
\pgf@y=\dimen256
\pgf@xa=\dimen257
\pgf@ya=\dimen258
\pgf@xb=\dimen259
\pgf@yb=\dimen260
\pgf@xc=\dimen261
\pgf@yc=\dimen262
\pgf@xd=\dimen263
\pgf@yd=\dimen264
\w@pgf@writea=\write3
\r@pgf@reada=\read2
\c@pgf@counta=\count321
\c@pgf@countb=\count322
\c@pgf@countc=\count323
\c@pgf@countd=\count324
\t@pgf@toka=\toks42
\t@pgf@tokb=\toks43
\t@pgf@tokc=\toks44
\pgf@sys@id@count=\count325

(/usr/local/texlive/2024/texmf-dist/tex/generic/pgf/systemlayer/pgf.cfg
File: pgf.cfg 2023-01-15 v3.1.10 (3.1.10)
)
Driver file for pgf: pgfsys-pdftex.def

(/usr/local/texlive/2024/texmf-dist/tex/generic/pgf/systemlayer/pgfsys-pdftex.d
ef
File: pgfsys-pdftex.def 2023-01-15 v3.1.10 (3.1.10)

(/usr/local/texlive/2024/texmf-dist/tex/generic/pgf/systemlayer/pgfsys-common-p
df.def
File: pgfsys-common-pdf.def 2023-01-15 v3.1.10 (3.1.10)
)))
(/usr/local/texlive/2024/texmf-dist/tex/generic/pgf/systemlayer/pgfsyssoftpath.
code.tex
File: pgfsyssoftpath.code.tex 2023-01-15 v3.1.10 (3.1.10)
\pgfsyssoftpath@smallbuffer@items=\count326
\pgfsyssoftpath@bigbuffer@items=\count327
)
(/usr/local/texlive/2024/texmf-dist/tex/generic/pgf/systemlayer/pgfsysprotocol.
code.tex
File: pgfsysprotocol.code.tex 2023-01-15 v3.1.10 (3.1.10)
))
(/usr/local/texlive/2024/texmf-dist/tex/generic/pgf/basiclayer/pgfcore.code.tex
Package: pgfcore 2023-01-15 v3.1.10 (3.1.10)
(/usr/local/texlive/2024/texmf-dist/tex/generic/pgf/math/pgfmath.code.tex
(/usr/local/texlive/2024/texmf-dist/tex/generic/pgf/math/pgfmathutil.code.tex)
(/usr/local/texlive/2024/texmf-dist/tex/generic/pgf/math/pgfmathparser.code.tex
\pgfmath@dimen=\dimen265
\pgfmath@count=\count328
\pgfmath@box=\box62
\pgfmath@toks=\toks45
\pgfmath@stack@operand=\toks46
\pgfmath@stack@operation=\toks47
)
(/usr/local/texlive/2024/texmf-dist/tex/generic/pgf/math/pgfmathfunctions.code.
tex)
(/usr/local/texlive/2024/texmf-dist/tex/generic/pgf/math/pgfmathfunctions.basic
.code.tex)
(/usr/local/texlive/2024/texmf-dist/tex/generic/pgf/math/pgfmathfunctions.trigo
nometric.code.tex)
(/usr/local/texlive/2024/texmf-dist/tex/generic/pgf/math/pgfmathfunctions.rando
m.code.tex)
(/usr/local/texlive/2024/texmf-dist/tex/generic/pgf/math/pgfmathfunctions.compa
rison.code.tex)
(/usr/local/texlive/2024/texmf-dist/tex/generic/pgf/math/pgfmathfunctions.base.
code.tex)
(/usr/local/texlive/2024/texmf-dist/tex/generic/pgf/math/pgfmathfunctions.round
.code.tex)
(/usr/local/texlive/2024/texmf-dist/tex/generic/pgf/math/pgfmathfunctions.misc.
code.tex)
(/usr/local/texlive/2024/texmf-dist/tex/generic/pgf/math/pgfmathfunctions.integ
erarithmetics.code.tex)
(/usr/local/texlive/2024/texmf-dist/tex/generic/pgf/math/pgfmathcalc.code.tex)
(/usr/local/texlive/2024/texmf-dist/tex/generic/pgf/math/pgfmathfloat.code.tex
\c@pgfmathroundto@lastzeros=\count329
)) (/usr/local/texlive/2024/texmf-dist/tex/generic/pgf/math/pgfint.code.tex)
(/usr/local/texlive/2024/texmf-dist/tex/generic/pgf/basiclayer/pgfcorepoints.co
de.tex
File: pgfcorepoints.code.tex 2023-01-15 v3.1.10 (3.1.10)
\pgf@picminx=\dimen266
\pgf@picmaxx=\dimen267
\pgf@picminy=\dimen268
\pgf@picmaxy=\dimen269
\pgf@pathminx=\dimen270
\pgf@pathmaxx=\dimen271
\pgf@pathminy=\dimen272
\pgf@pathmaxy=\dimen273
\pgf@xx=\dimen274
\pgf@xy=\dimen275
\pgf@yx=\dimen276
\pgf@yy=\dimen277
\pgf@zx=\dimen278
\pgf@zy=\dimen279
)
(/usr/local/texlive/2024/texmf-dist/tex/generic/pgf/basiclayer/pgfcorepathconst
ruct.code.tex
File: pgfcorepathconstruct.code.tex 2023-01-15 v3.1.10 (3.1.10)
\pgf@path@lastx=\dimen280
\pgf@path@lasty=\dimen281
)
(/usr/local/texlive/2024/texmf-dist/tex/generic/pgf/basiclayer/pgfcorepathusage
.code.tex
File: pgfcorepathusage.code.tex 2023-01-15 v3.1.10 (3.1.10)
\pgf@shorten@end@additional=\dimen282
\pgf@shorten@start@additional=\dimen283
)
(/usr/local/texlive/2024/texmf-dist/tex/generic/pgf/basiclayer/pgfcorescopes.co
de.tex
File: pgfcorescopes.code.tex 2023-01-15 v3.1.10 (3.1.10)
\pgfpic=\box63
\pgf@hbox=\box64
\pgf@layerbox@main=\box65
\pgf@picture@serial@count=\count330
)
(/usr/local/texlive/2024/texmf-dist/tex/generic/pgf/basiclayer/pgfcoregraphicst
ate.code.tex
File: pgfcoregraphicstate.code.tex 2023-01-15 v3.1.10 (3.1.10)
\pgflinewidth=\dimen284
)
(/usr/local/texlive/2024/texmf-dist/tex/generic/pgf/basiclayer/pgfcoretransform
ations.code.tex
File: pgfcoretransformations.code.tex 2023-01-15 v3.1.10 (3.1.10)
\pgf@pt@x=\dimen285
\pgf@pt@y=\dimen286
\pgf@pt@temp=\dimen287
)
(/usr/local/texlive/2024/texmf-dist/tex/generic/pgf/basiclayer/pgfcorequick.cod
e.tex
File: pgfcorequick.code.tex 2023-01-15 v3.1.10 (3.1.10)
)
(/usr/local/texlive/2024/texmf-dist/tex/generic/pgf/basiclayer/pgfcoreobjects.c
ode.tex
File: pgfcoreobjects.code.tex 2023-01-15 v3.1.10 (3.1.10)
)
(/usr/local/texlive/2024/texmf-dist/tex/generic/pgf/basiclayer/pgfcorepathproce
ssing.code.tex
File: pgfcorepathprocessing.code.tex 2023-01-15 v3.1.10 (3.1.10)
)
(/usr/local/texlive/2024/texmf-dist/tex/generic/pgf/basiclayer/pgfcorearrows.co
de.tex
File: pgfcorearrows.code.tex 2023-01-15 v3.1.10 (3.1.10)
\pgfarrowsep=\dimen288
)
(/usr/local/texlive/2024/texmf-dist/tex/generic/pgf/basiclayer/pgfcoreshade.cod
e.tex
File: pgfcoreshade.code.tex 2023-01-15 v3.1.10 (3.1.10)
\pgf@max=\dimen289
\pgf@sys@shading@range@num=\count331
\pgf@shadingcount=\count332
)
(/usr/local/texlive/2024/texmf-dist/tex/generic/pgf/basiclayer/pgfcoreimage.cod
e.tex
File: pgfcoreimage.code.tex 2023-01-15 v3.1.10 (3.1.10)
)
(/usr/local/texlive/2024/texmf-dist/tex/generic/pgf/basiclayer/pgfcoreexternal.
code.tex
File: pgfcoreexternal.code.tex 2023-01-15 v3.1.10 (3.1.10)
\pgfexternal@startupbox=\box66
)
(/usr/local/texlive/2024/texmf-dist/tex/generic/pgf/basiclayer/pgfcorelayers.co
de.tex
File: pgfcorelayers.code.tex 2023-01-15 v3.1.10 (3.1.10)
)
(/usr/local/texlive/2024/texmf-dist/tex/generic/pgf/basiclayer/pgfcoretranspare
ncy.code.tex
File: pgfcoretransparency.code.tex 2023-01-15 v3.1.10 (3.1.10)
)
(/usr/local/texlive/2024/texmf-dist/tex/generic/pgf/basiclayer/pgfcorepatterns.
code.tex
File: pgfcorepatterns.code.tex 2023-01-15 v3.1.10 (3.1.10)
)
(/usr/local/texlive/2024/texmf-dist/tex/generic/pgf/basiclayer/pgfcorerdf.code.
tex
File: pgfcorerdf.code.tex 2023-01-15 v3.1.10 (3.1.10)
)))
(/usr/local/texlive/2024/texmf-dist/tex/generic/pgf/modules/pgfmoduleshapes.cod
e.tex
File: pgfmoduleshapes.code.tex 2023-01-15 v3.1.10 (3.1.10)
\pgfnodeparttextbox=\box67
)
(/usr/local/texlive/2024/texmf-dist/tex/generic/pgf/modules/pgfmoduleplot.code.
tex
File: pgfmoduleplot.code.tex 2023-01-15 v3.1.10 (3.1.10)
)
(/usr/local/texlive/2024/texmf-dist/tex/latex/pgf/compatibility/pgfcomp-version
-0-65.sty
Package: pgfcomp-version-0-65 2023-01-15 v3.1.10 (3.1.10)
\pgf@nodesepstart=\dimen290
\pgf@nodesepend=\dimen291
)
(/usr/local/texlive/2024/texmf-dist/tex/latex/pgf/compatibility/pgfcomp-version
-1-18.sty
Package: pgfcomp-version-1-18 2023-01-15 v3.1.10 (3.1.10)
))
(/usr/local/texlive/2024/texmf-dist/tex/latex/pgf/utilities/pgffor.sty
(/usr/local/texlive/2024/texmf-dist/tex/latex/pgf/utilities/pgfkeys.sty
(/usr/local/texlive/2024/texmf-dist/tex/generic/pgf/utilities/pgfkeys.code.tex)
) (/usr/local/texlive/2024/texmf-dist/tex/latex/pgf/math/pgfmath.sty
(/usr/local/texlive/2024/texmf-dist/tex/generic/pgf/math/pgfmath.code.tex))
(/usr/local/texlive/2024/texmf-dist/tex/generic/pgf/utilities/pgffor.code.tex
Package: pgffor 2023-01-15 v3.1.10 (3.1.10)
\pgffor@iter=\dimen292
\pgffor@skip=\dimen293
\pgffor@stack=\toks48
\pgffor@toks=\toks49
))
(/usr/local/texlive/2024/texmf-dist/tex/generic/pgf/frontendlayer/tikz/tikz.cod
e.tex
Package: tikz 2023-01-15 v3.1.10 (3.1.10)

(/usr/local/texlive/2024/texmf-dist/tex/generic/pgf/libraries/pgflibraryplothan
dlers.code.tex
File: pgflibraryplothandlers.code.tex 2023-01-15 v3.1.10 (3.1.10)
\pgf@plot@mark@count=\count333
\pgfplotmarksize=\dimen294
)
\tikz@lastx=\dimen295
\tikz@lasty=\dimen296
\tikz@lastxsaved=\dimen297
\tikz@lastysaved=\dimen298
\tikz@lastmovetox=\dimen299
\tikz@lastmovetoy=\dimen300
\tikzleveldistance=\dimen301
\tikzsiblingdistance=\dimen302
\tikz@figbox=\box68
\tikz@figbox@bg=\box69
\tikz@tempbox=\box70
\tikz@tempbox@bg=\box71
\tikztreelevel=\count334
\tikznumberofchildren=\count335
\tikznumberofcurrentchild=\count336
\tikz@fig@count=\count337

(/usr/local/texlive/2024/texmf-dist/tex/generic/pgf/modules/pgfmodulematrix.cod
e.tex
File: pgfmodulematrix.code.tex 2023-01-15 v3.1.10 (3.1.10)
\pgfmatrixcurrentrow=\count338
\pgfmatrixcurrentcolumn=\count339
\pgf@matrix@numberofcolumns=\count340
)
\tikz@expandcount=\count341

(/usr/local/texlive/2024/texmf-dist/tex/generic/pgf/frontendlayer/tikz/librarie
s/tikzlibrarytopaths.code.tex
File: tikzlibrarytopaths.code.tex 2023-01-15 v3.1.10 (3.1.10)
)))
(/usr/local/texlive/2024/texmf-dist/tex/latex/l3packages/xparse/xparse.sty
(/usr/local/texlive/2024/texmf-dist/tex/latex/l3kernel/expl3.sty
Package: expl3 2024-02-20 L3 programming layer (loader) 

(/usr/local/texlive/2024/texmf-dist/tex/latex/l3backend/l3backend-pdftex.def
File: l3backend-pdftex.def 2024-02-20 L3 backend support: PDF output (pdfTeX)
\l__color_backend_stack_int=\count342
\l__pdf_internal_box=\box72
))
Package: xparse 2024-02-18 L3 Experimental document command parser
)
\c@step=\count343
\c@stepstart=\count344
\c@stepstop=\count345
\c@yearstart=\count346
\c@yearstop=\count347
\c@deltayears=\count348
\xstart=\skip65
\xstop=\skip66
\unit=\skip67
\timelinewidth=\skip68
\timelinebox=\box73
) (/usr/local/texlive/2024/texmf-dist/tex/latex/cleveref/cleveref.sty
Package: cleveref 2018/03/27 v0.21.4 Intelligent cross-referencing
Package cleveref Info: `hyperref' support loaded on input line 2370.
LaTeX Info: Redefining \cref on input line 2370.
LaTeX Info: Redefining \Cref on input line 2370.
LaTeX Info: Redefining \crefrange on input line 2370.
LaTeX Info: Redefining \Crefrange on input line 2370.
LaTeX Info: Redefining \cpageref on input line 2370.
LaTeX Info: Redefining \Cpageref on input line 2370.
LaTeX Info: Redefining \cpagerefrange on input line 2370.
LaTeX Info: Redefining \Cpagerefrange on input line 2370.
LaTeX Info: Redefining \labelcref on input line 2370.
LaTeX Info: Redefining \labelcpageref on input line 2370.
Package cleveref Info: `amsthm' support loaded on input line 3026.
)
(/usr/local/texlive/2024/texmf-dist/tex/latex/fancyhdr/fancyhdr.sty
Package: fancyhdr 2022/11/09 v4.1 Extensive control of page headers and footers

\f@nch@headwidth=\skip69
\f@nch@O@elh=\skip70
\f@nch@O@erh=\skip71
\f@nch@O@olh=\skip72
\f@nch@O@orh=\skip73
\f@nch@O@elf=\skip74
\f@nch@O@erf=\skip75
\f@nch@O@olf=\skip76
\f@nch@O@orf=\skip77
)
(/usr/local/texlive/2024/texmf-dist/tex/generic/mathabx/mathabx.sty
Package: mathabx 2003/07/29 v0.0 Non-standard LaTeX package mathabx
\symmatha=\mathgroup6
\symmathb=\mathgroup7
\symmathx=\mathgroup8

(/usr/local/texlive/2024/texmf-dist/tex/generic/mathabx/mathabx.dcl
LaTeX Font Info:    Redeclaring math symbol \cdotp on input line 25.
LaTeX Font Info:    Redeclaring math symbol \times on input line 33.
LaTeX Font Info:    Redeclaring math symbol \div on input line 34.
LaTeX Font Info:    Redeclaring math symbol \cdot on input line 35.
LaTeX Font Info:    Redeclaring math symbol \circ on input line 36.
LaTeX Font Info:    Redeclaring math symbol \ast on input line 38.
LaTeX Font Info:    Redeclaring math symbol \pm on input line 41.
LaTeX Font Info:    Redeclaring math symbol \mp on input line 42.
LaTeX Font Info:    Redeclaring math symbol \ltimes on input line 43.
LaTeX Font Info:    Redeclaring math symbol \rtimes on input line 44.
LaTeX Font Info:    Redeclaring math symbol \diamond on input line 45.
LaTeX Font Info:    Redeclaring math symbol \bullet on input line 46.
LaTeX Font Info:    Redeclaring math symbol \star on input line 47.
LaTeX Font Info:    Redeclaring math symbol \amalg on input line 51.
LaTeX Font Info:    Redeclaring math symbol \dotplus on input line 58.
LaTeX Font Info:    Redeclaring math symbol \square on input line 63.
LaTeX Font Info:    Redeclaring math symbol \divideontimes on input line 71.
LaTeX Font Info:    Redeclaring math symbol \bigstar on input line 75.
LaTeX Font Info:    Redeclaring math symbol \equiv on input line 83.
LaTeX Font Info:    Redeclaring math symbol \sim on input line 84.
LaTeX Font Info:    Redeclaring math symbol \approx on input line 85.
LaTeX Font Info:    Redeclaring math symbol \simeq on input line 86.
LaTeX Font Info:    Redeclaring math symbol \asymp on input line 89.
LaTeX Font Info:    Redeclaring math symbol \nsim on input line 97.
LaTeX Font Info:    Redeclaring math symbol \ncong on input line 100.
LaTeX Font Info:    Redeclaring math symbol \risingdotseq on input line 118.
LaTeX Font Info:    Redeclaring math symbol \fallingdotseq on input line 119.
LaTeX Font Info:    Redeclaring math symbol \circeq on input line 125.
LaTeX Font Info:    Redeclaring math symbol \eqcirc on input line 126.
LaTeX Font Info:    Redeclaring math symbol \triangleq on input line 127.
LaTeX Font Info:    Redeclaring math symbol \neg on input line 134.
LaTeX Font Info:    Redeclaring math symbol \ll on input line 136.
LaTeX Font Info:    Redeclaring math symbol \gg on input line 137.
LaTeX Font Info:    Redeclaring math symbol \vdash on input line 139.
LaTeX Font Info:    Redeclaring math symbol \dashv on input line 140.
LaTeX Font Info:    Redeclaring math symbol \nvdash on input line 141.
LaTeX Font Info:    Redeclaring math symbol \vDash on input line 143.
LaTeX Font Info:    Redeclaring math symbol \nvDash on input line 145.
LaTeX Font Info:    Redeclaring math symbol \Vdash on input line 147.
LaTeX Font Info:    Redeclaring math symbol \nVdash on input line 149.
LaTeX Font Info:    Redeclaring math symbol \flat on input line 158.
LaTeX Font Info:    Redeclaring math symbol \natural on input line 159.
LaTeX Font Info:    Redeclaring math symbol \sharp on input line 160.
LaTeX Font Info:    Redeclaring math symbol \infty on input line 161.
LaTeX Font Info:    Redeclaring math symbol \propto on input line 162.
LaTeX Font Info:    Redeclaring math symbol \dagger on input line 163.
LaTeX Font Info:    Redeclaring math symbol \ddagger on input line 164.
LaTeX Font Info:    Redeclaring math symbol \between on input line 170.
LaTeX Font Info:    Redeclaring math symbol \smile on input line 171.
LaTeX Font Info:    Redeclaring math symbol \frown on input line 172.
LaTeX Font Info:    Redeclaring math symbol \leftthreetimes on input line 174.
LaTeX Font Info:    Redeclaring math symbol \rightthreetimes on input line 175.

LaTeX Font Info:    Redeclaring math symbol \pitchfork on input line 176.
LaTeX Font Info:    Redeclaring math symbol \nVDash on input line 182.
LaTeX Font Info:    Redeclaring math symbol \Vvdash on input line 184.
LaTeX Font Info:    Redeclaring math symbol \therefore on input line 189.
LaTeX Font Info:    Redeclaring math symbol \because on input line 190.
LaTeX Font Info:    Redeclaring math accent \dot on input line 193.
LaTeX Font Info:    Redeclaring math accent \ddot on input line 195.
LaTeX Font Info:    Redeclaring math symbol \measuredangle on input line 202.
LaTeX Font Info:    Redeclaring math symbol \sphericalangle on input line 203.
LaTeX Font Info:    Redeclaring math symbol \setminus on input line 218.
LaTeX Font Info:    Redeclaring math symbol \mid on input line 222.
LaTeX Font Info:    Redeclaring math symbol \forall on input line 279.
LaTeX Font Info:    Redeclaring math symbol \complement on input line 280.
LaTeX Font Info:    Redeclaring math symbol \partial on input line 281.
LaTeX Font Info:    Redeclaring math symbol \exists on input line 284.
LaTeX Font Info:    Redeclaring math symbol \nexists on input line 285.
LaTeX Font Info:    Redeclaring math symbol \Finv on input line 286.
LaTeX Font Info:    Redeclaring math symbol \Game on input line 287.
LaTeX Font Info:    Redeclaring math symbol \emptyset on input line 288.
LaTeX Font Info:    Redeclaring math symbol \top on input line 290.
LaTeX Font Info:    Redeclaring math symbol \bot on input line 291.
LaTeX Font Info:    Redeclaring math symbol \perp on input line 292.
LaTeX Font Info:    Redeclaring math symbol \curlywedge on input line 296.
LaTeX Font Info:    Redeclaring math symbol \curlyvee on input line 297.
LaTeX Font Info:    Redeclaring math symbol \in on input line 299.
LaTeX Font Info:    Redeclaring math symbol \owns on input line 300.
LaTeX Font Info:    Redeclaring math symbol \cap on input line 312.
LaTeX Font Info:    Redeclaring math symbol \cup on input line 313.
LaTeX Font Info:    Redeclaring math symbol \uplus on input line 314.
LaTeX Font Info:    Redeclaring math symbol \sqcap on input line 315.
LaTeX Font Info:    Redeclaring math symbol \sqcup on input line 316.
LaTeX Font Info:    Redeclaring math symbol \wedge on input line 318.
LaTeX Font Info:    Redeclaring math symbol \vee on input line 320.
LaTeX Font Info:    Redeclaring math symbol \barwedge on input line 327.
LaTeX Font Info:    Redeclaring math symbol \veebar on input line 328.
LaTeX Font Info:    Redeclaring math symbol \doublebarwedge on input line 329.
LaTeX Font Info:    Redeclaring math symbol \doublecap on input line 331.
LaTeX Font Info:    Redeclaring math symbol \doublecup on input line 333.
LaTeX Font Info:    Redeclaring math symbol \subset on input line 344.
LaTeX Font Info:    Redeclaring math symbol \supset on input line 345.
LaTeX Font Info:    Redeclaring math symbol \subseteq on input line 348.
LaTeX Font Info:    Redeclaring math symbol \supseteq on input line 349.
LaTeX Font Info:    Redeclaring math symbol \nsubseteq on input line 350.
LaTeX Font Info:    Redeclaring math symbol \nsupseteq on input line 351.
LaTeX Font Info:    Redeclaring math symbol \subsetneq on input line 352.
LaTeX Font Info:    Redeclaring math symbol \supsetneq on input line 353.
LaTeX Font Info:    Redeclaring math symbol \varsubsetneq on input line 354.
LaTeX Font Info:    Redeclaring math symbol \varsupsetneq on input line 355.
LaTeX Font Info:    Redeclaring math symbol \subseteqq on input line 357.
LaTeX Font Info:    Redeclaring math symbol \supseteqq on input line 358.
LaTeX Font Info:    Redeclaring math symbol \nsubseteqq on input line 359.
LaTeX Font Info:    Redeclaring math symbol \nsupseteqq on input line 360.
LaTeX Font Info:    Redeclaring math symbol \subsetneqq on input line 361.
LaTeX Font Info:    Redeclaring math symbol \supsetneqq on input line 362.
LaTeX Font Info:    Redeclaring math symbol \varsubsetneqq on input line 363.
LaTeX Font Info:    Redeclaring math symbol \varsupsetneqq on input line 364.
LaTeX Font Info:    Redeclaring math symbol \Subset on input line 366.
LaTeX Font Info:    Redeclaring math symbol \Supset on input line 367.
LaTeX Font Info:    Redeclaring math symbol \sqsubseteq on input line 380.
LaTeX Font Info:    Redeclaring math symbol \sqsupseteq on input line 381.
LaTeX Font Info:    Redeclaring math symbol \triangleleft on input line 407.
LaTeX Font Info:    Redeclaring math symbol \vartriangleleft on input line 408.

LaTeX Font Info:    Redeclaring math symbol \triangleright on input line 409.
LaTeX Font Info:    Redeclaring math symbol \vartriangleright on input line 410
.
LaTeX Font Info:    Redeclaring math symbol \ntriangleleft on input line 411.
LaTeX Font Info:    Redeclaring math symbol \ntriangleright on input line 412.
LaTeX Font Info:    Redeclaring math symbol \trianglelefteq on input line 413.
LaTeX Font Info:    Redeclaring math symbol \trianglerighteq on input line 414.

LaTeX Font Info:    Redeclaring math symbol \ntrianglelefteq on input line 415.

LaTeX Font Info:    Redeclaring math symbol \ntrianglerighteq on input line 416
.
LaTeX Font Info:    Redeclaring math symbol \blacktriangledown on input line 42
7.
LaTeX Font Info:    Redeclaring math symbol \blacktriangleleft on input line 42
8.
LaTeX Font Info:    Redeclaring math symbol \blacktriangleright on input line 4
29.
LaTeX Font Info:    Redeclaring math symbol \nless on input line 437.
LaTeX Font Info:    Redeclaring math symbol \ngtr on input line 438.
LaTeX Font Info:    Redeclaring math symbol \leq on input line 439.
LaTeX Font Info:    Redeclaring math symbol \geq on input line 441.
LaTeX Font Info:    Redeclaring math symbol \nleq on input line 443.
LaTeX Font Info:    Redeclaring math symbol \ngeq on input line 445.
LaTeX Font Info:    Redeclaring math symbol \lneq on input line 451.
LaTeX Font Info:    Redeclaring math symbol \gneq on input line 452.
LaTeX Font Info:    Redeclaring math symbol \leqq on input line 453.
LaTeX Font Info:    Redeclaring math symbol \geqq on input line 454.
LaTeX Font Info:    Redeclaring math symbol \nleqq on input line 455.
LaTeX Font Info:    Redeclaring math symbol \ngeqq on input line 456.
LaTeX Font Info:    Redeclaring math symbol \lneqq on input line 457.
LaTeX Font Info:    Redeclaring math symbol \gneqq on input line 458.
LaTeX Font Info:    Redeclaring math symbol \lvertneqq on input line 459.
LaTeX Font Info:    Redeclaring math symbol \gvertneqq on input line 460.
LaTeX Font Info:    Redeclaring math symbol \eqslantless on input line 461.
LaTeX Font Info:    Redeclaring math symbol \eqslantgtr on input line 462.
LaTeX Font Info:    Redeclaring math symbol \lessgtr on input line 465.
LaTeX Font Info:    Redeclaring math symbol \gtrless on input line 466.
LaTeX Font Info:    Redeclaring math symbol \lesseqgtr on input line 467.
LaTeX Font Info:    Redeclaring math symbol \gtreqless on input line 468.
LaTeX Font Info:    Redeclaring math symbol \lesseqqgtr on input line 469.
LaTeX Font Info:    Redeclaring math symbol \gtreqqless on input line 470.
LaTeX Font Info:    Redeclaring math symbol \lesssim on input line 472.
LaTeX Font Info:    Redeclaring math symbol \gtrsim on input line 473.
LaTeX Font Info:    Redeclaring math symbol \lnsim on input line 476.
LaTeX Font Info:    Redeclaring math symbol \gnsim on input line 477.
LaTeX Font Info:    Redeclaring math symbol \lessapprox on input line 478.
LaTeX Font Info:    Redeclaring math symbol \gtrapprox on input line 479.
LaTeX Font Info:    Redeclaring math symbol \lnapprox on input line 482.
LaTeX Font Info:    Redeclaring math symbol \gnapprox on input line 483.
LaTeX Font Info:    Redeclaring math symbol \lessdot on input line 485.
LaTeX Font Info:    Redeclaring math symbol \gtrdot on input line 486.
LaTeX Font Info:    Redeclaring math symbol \lll on input line 488.
LaTeX Font Info:    Redeclaring math symbol \ggg on input line 489.
LaTeX Font Info:    Redeclaring math symbol \prec on input line 498.
LaTeX Font Info:    Redeclaring math symbol \succ on input line 499.
LaTeX Font Info:    Redeclaring math symbol \nprec on input line 500.
LaTeX Font Info:    Redeclaring math symbol \nsucc on input line 501.
LaTeX Font Info:    Redeclaring math symbol \preccurlyeq on input line 502.
LaTeX Font Info:    Redeclaring math symbol \succcurlyeq on input line 503.
LaTeX Font Info:    Redeclaring math symbol \preceq on input line 506.
LaTeX Font Info:    Redeclaring math symbol \succeq on input line 507.
LaTeX Font Info:    Redeclaring math symbol \npreceq on input line 508.
LaTeX Font Info:    Redeclaring math symbol \nsucceq on input line 509.
LaTeX Font Info:    Redeclaring math symbol \curlyeqprec on input line 512.
LaTeX Font Info:    Redeclaring math symbol \curlyeqsucc on input line 513.
LaTeX Font Info:    Redeclaring math symbol \precsim on input line 517.
LaTeX Font Info:    Redeclaring math symbol \succsim on input line 518.
LaTeX Font Info:    Redeclaring math symbol \precnsim on input line 521.
LaTeX Font Info:    Redeclaring math symbol \succnsim on input line 522.
LaTeX Font Info:    Redeclaring math symbol \precapprox on input line 523.
LaTeX Font Info:    Redeclaring math symbol \succapprox on input line 524.
LaTeX Font Info:    Redeclaring math symbol \precnapprox on input line 527.
LaTeX Font Info:    Redeclaring math symbol \succnapprox on input line 528.
LaTeX Font Info:    Redeclaring math symbol \leftarrow on input line 540.
LaTeX Font Info:    Redeclaring math symbol \rightarrow on input line 542.
LaTeX Font Info:    Redeclaring math symbol \nwarrow on input line 546.
LaTeX Font Info:    Redeclaring math symbol \nearrow on input line 547.
LaTeX Font Info:    Redeclaring math symbol \swarrow on input line 548.
LaTeX Font Info:    Redeclaring math symbol \searrow on input line 549.
LaTeX Font Info:    Redeclaring math symbol \leftrightarrow on input line 550.
LaTeX Font Info:    Redeclaring math symbol \nleftarrow on input line 552.
LaTeX Font Info:    Redeclaring math symbol \nrightarrow on input line 553.
LaTeX Font Info:    Redeclaring math symbol \nleftrightarrow on input line 554.

LaTeX Font Info:    Redeclaring math symbol \mapstochar on input line 557.
LaTeX Font Info:    Redeclaring math symbol \leftharpoonup on input line 560.
LaTeX Font Info:    Redeclaring math symbol \rightharpoonup on input line 561.
LaTeX Font Info:    Redeclaring math symbol \leftharpoondown on input line 562.

LaTeX Font Info:    Redeclaring math symbol \rightharpoondown on input line 563
.
LaTeX Font Info:    Redeclaring math symbol \upharpoonleft on input line 564.
LaTeX Font Info:    Redeclaring math symbol \downharpoonleft on input line 565.

LaTeX Font Info:    Redeclaring math symbol \upharpoonright on input line 566.
LaTeX Font Info:    Redeclaring math symbol \restriction on input line 567.
LaTeX Font Info:    Redeclaring math symbol \downharpoonright on input line 568
.
LaTeX Font Info:    Redeclaring math symbol \leftrightharpoons on input line 56
9.
LaTeX Font Info:    Redeclaring math symbol \Leftarrow on input line 575.
LaTeX Font Info:    Redeclaring math symbol \Rightarrow on input line 576.
LaTeX Font Info:    Redeclaring math symbol \Leftrightarrow on input line 579.
LaTeX Font Info:    Redeclaring math symbol \nLeftarrow on input line 581.
LaTeX Font Info:    Redeclaring math symbol \nRightarrow on input line 582.
LaTeX Font Info:    Redeclaring math symbol \nLeftrightarrow on input line 583.

LaTeX Font Info:    Redeclaring math symbol \leftleftarrows on input line 593.
LaTeX Font Info:    Redeclaring math symbol \rightrightarrows on input line 594
.
LaTeX Font Info:    Redeclaring math symbol \upuparrows on input line 595.
LaTeX Font Info:    Redeclaring math symbol \downdownarrows on input line 596.
LaTeX Font Info:    Redeclaring math symbol \leftrightarrows on input line 597.

LaTeX Font Info:    Redeclaring math symbol \rightleftarrows on input line 598.

LaTeX Font Info:    Redeclaring math symbol \rhook on input line 612.
LaTeX Font Info:    Redeclaring math symbol \lhook on input line 613.
LaTeX Font Info:    Redeclaring math symbol \diagup on input line 614.
LaTeX Font Info:    Redeclaring math symbol \diagdown on input line 615.
LaTeX Font Info:    Redeclaring math symbol \Lsh on input line 617.
LaTeX Font Info:    Redeclaring math symbol \Rsh on input line 619.
LaTeX Font Info:    Redeclaring math symbol \looparrowleft on input line 624.
LaTeX Font Info:    Redeclaring math symbol \looparrowright on input line 626.
LaTeX Font Info:    Redeclaring math symbol \curvearrowleft on input line 631.
LaTeX Font Info:    Redeclaring math symbol \curvearrowright on input line 633.

LaTeX Font Info:    Redeclaring math symbol \circlearrowleft on input line 641.

LaTeX Font Info:    Redeclaring math symbol \circlearrowright on input line 642
.
LaTeX Font Info:    Redeclaring math symbol \rightsquigarrow on input line 645.

LaTeX Font Info:    Redeclaring math symbol \leftrightsquigarrow on input line 
646.
LaTeX Font Info:    Redeclaring math symbol \oplus on input line 658.
LaTeX Font Info:    Redeclaring math symbol \ominus on input line 659.
LaTeX Font Info:    Redeclaring math symbol \otimes on input line 661.
LaTeX Font Info:    Redeclaring math symbol \odot on input line 663.
LaTeX Font Info:    Redeclaring math symbol \oslash on input line 675.
LaTeX Font Info:    Redeclaring math symbol \boxplus on input line 683.
LaTeX Font Info:    Redeclaring math symbol \boxminus on input line 684.
LaTeX Font Info:    Redeclaring math symbol \boxtimes on input line 686.
LaTeX Font Info:    Redeclaring math symbol \boxdot on input line 688.
\mayacnter=\count349
\mayacnta=\count350
\mayacntb=\count351
\mayacntc=\count352
\mayawidth=\dimen303
LaTeX Font Info:    Redeclaring math symbol \intop on input line 753.
LaTeX Font Info:    Redeclaring math symbol \ointop on input line 760.
LaTeX Font Info:    Redeclaring math delimiter \lbrace on input line 842.
LaTeX Info: Redefining \{ on input line 846.
LaTeX Font Info:    Redeclaring math delimiter \rbrace on input line 848.
LaTeX Info: Redefining \} on input line 852.
LaTeX Font Info:    Redeclaring math delimiter \langle on input line 858.
LaTeX Font Info:    Redeclaring math delimiter \rangle on input line 859.
LaTeX Font Info:    Redeclaring math delimiter \vert on input line 863.
LaTeX Font Info:    Redeclaring math delimiter \Vert on input line 865.
LaTeX Font Info:    Redeclaring math delimiter \uparrow on input line 868.
LaTeX Font Info:    Redeclaring math delimiter \downarrow on input line 869.
LaTeX Font Info:    Redeclaring math delimiter \updownarrow on input line 870.
LaTeX Font Info:    Redeclaring math delimiter \Uparrow on input line 871.
LaTeX Font Info:    Redeclaring math delimiter \Downarrow on input line 872.
LaTeX Font Info:    Redeclaring math delimiter \Updownarrow on input line 873.
LaTeX Font Info:    Redeclaring math delimiter \lgroup on input line 880.
LaTeX Font Info:    Redeclaring math delimiter \rgroup on input line 881.
LaTeX Font Info:    Redeclaring math delimiter \lceil on input line 882.
LaTeX Font Info:    Redeclaring math delimiter \rceil on input line 883.
LaTeX Font Info:    Redeclaring math delimiter \lfloor on input line 884.
LaTeX Font Info:    Redeclaring math delimiter \rfloor on input line 885.
LaTeX Font Info:    Redeclaring math symbol \braceld on input line 903.
LaTeX Font Info:    Redeclaring math symbol \bracerd on input line 905.
LaTeX Font Info:    Redeclaring math symbol \bracelu on input line 907.
LaTeX Font Info:    Redeclaring math symbol \braceru on input line 909.
LaTeX Font Info:    Redeclaring math accent \widehat on input line 944.
LaTeX Font Info:    Redeclaring math accent \widetilde on input line 946.
))
(/usr/local/texlive/2024/texmf-dist/tex/latex/jknapltx/mathrsfs.sty
Package: mathrsfs 1996/01/01 Math RSFS package v1.0 (jk)
\symrsfs=\mathgroup9
)
(/usr/local/texlive/2024/texmf-dist/tex/latex/subfiles/subfiles.sty
Package: subfiles 2020/11/14 v2.2 Multi-file projects (package)

(/usr/local/texlive/2024/texmf-dist/tex/latex/import/import.sty
Package: import 2020/04/01  v 6.2
))
\c@definition=\count353
\c@theorem=\count354
\c@exmp=\count355

(./AppuntiFisica2.aux)
\openout1 = `AppuntiFisica2.aux'.

LaTeX Font Info:    Checking defaults for OML/cmm/m/it on input line 61.
LaTeX Font Info:    ... okay on input line 61.
LaTeX Font Info:    Checking defaults for OMS/cmsy/m/n on input line 61.
LaTeX Font Info:    ... okay on input line 61.
LaTeX Font Info:    Checking defaults for OT1/cmr/m/n on input line 61.
LaTeX Font Info:    ... okay on input line 61.
LaTeX Font Info:    Checking defaults for T1/cmr/m/n on input line 61.
LaTeX Font Info:    ... okay on input line 61.
LaTeX Font Info:    Checking defaults for TS1/cmr/m/n on input line 61.
LaTeX Font Info:    ... okay on input line 61.
LaTeX Font Info:    Checking defaults for OMX/cmex/m/n on input line 61.
LaTeX Font Info:    ... okay on input line 61.
LaTeX Font Info:    Checking defaults for U/mathx/m/n on input line 61.
LaTeX Font Info:    ... okay on input line 61.
LaTeX Font Info:    Checking defaults for PD1/pdf/m/n on input line 61.
LaTeX Font Info:    ... okay on input line 61.
LaTeX Font Info:    Checking defaults for PU/pdf/m/n on input line 61.
LaTeX Font Info:    ... okay on input line 61.

(/usr/local/texlive/2024/texmf-dist/tex/context/base/mkii/supp-pdf.mkii
[Loading MPS to PDF converter (version 2006.09.02).]
\scratchcounter=\count356
\scratchdimen=\dimen304
\scratchbox=\box74
\nofMPsegments=\count357
\nofMParguments=\count358
\everyMPshowfont=\toks50
\MPscratchCnt=\count359
\MPscratchDim=\dimen305
\MPnumerator=\count360
\makeMPintoPDFobject=\count361
\everyMPtoPDFconversion=\toks51
) (/usr/local/texlive/2024/texmf-dist/tex/latex/epstopdf-pkg/epstopdf-base.sty
Package: epstopdf-base 2020-01-24 v2.11 Base part for package epstopdf
Package epstopdf-base Info: Redefining graphics rule for `.eps' on input line 4
85.

(/usr/local/texlive/2024/texmf-dist/tex/latex/latexconfig/epstopdf-sys.cfg
File: epstopdf-sys.cfg 2010/07/13 v1.3 Configuration of (r)epstopdf for TeX Liv
e
))
*geometry* driver: auto-detecting
*geometry* detected driver: pdftex
*geometry* verbose mode - [ preamble ] result:
* driver: pdftex
* paper: a4paper
* layout: <same size as paper>
* layoutoffset:(h,v)=(0.0pt,0.0pt)
* modes: 
* h-part:(L,W,R)=(71.13188pt, 483.69684pt, 42.67915pt)
* v-part:(T,H,B)=(56.9055pt, 731.23582pt, 56.90552pt)
* \paperwidth=597.50787pt
* \paperheight=845.04684pt
* \textwidth=483.69684pt
* \textheight=731.23582pt
* \oddsidemargin=-1.1381pt
* \evensidemargin=-1.1381pt
* \topmargin=-52.36449pt
* \headheight=12.0pt
* \headsep=25.0pt
* \topskip=10.0pt
* \footskip=30.0pt
* \marginparwidth=65.0pt
* \marginparsep=11.0pt
* \columnsep=10.0pt
* \skip\footins=9.0pt plus 4.0pt minus 2.0pt
* \hoffset=0.0pt
* \voffset=0.0pt
* \mag=1000
* \@twocolumnfalse
* \@twosidefalse
* \@mparswitchfalse
* \@reversemarginfalse
* (1in=72.27pt=25.4mm, 1cm=28.453pt)

LaTeX Info: Command `\dddot' is already robust on input line 61.
LaTeX Info: Command `\ddddot' is already robust on input line 61.
Package caption Info: Begin \AtBeginDocument code.
Package caption Info: float package is loaded.
Package caption Info: hyperref package is loaded.
Package caption Info: End \AtBeginDocument code.
Package hyperref Info: Link coloring OFF on input line 61.
(./AppuntiFisica2.out) (./AppuntiFisica2.out)
\@outlinefile=\write4
\openout4 = `AppuntiFisica2.out'.

<./img/0.cover.jpg, id=388, 1204.5pt x 803.0pt>
File: ./img/0.cover.jpg Graphic file (type jpg)
<use ./img/0.cover.jpg>
Package pdftex.def Info: ./img/0.cover.jpg  used on input line 82.
(pdftex.def)             Requested size: 361.35278pt x 240.90186pt.
 [1

{/usr/local/texlive/2024/texmf-var/fonts/map/pdftex/updmap/pdftex.map} <./img/0
.cover.jpg>]
(./AppuntiFisica2.toc
LaTeX Font Info:    Trying to load font information for U+msa on input line 2.

(/usr/local/texlive/2024/texmf-dist/tex/latex/amsfonts/umsa.fd
File: umsa.fd 2013/01/14 v3.01 AMS symbols A
)
LaTeX Font Info:    Trying to load font information for U+msb on input line 2.

(/usr/local/texlive/2024/texmf-dist/tex/latex/amsfonts/umsb.fd
File: umsb.fd 2013/01/14 v3.01 AMS symbols B
)
LaTeX Font Info:    Trying to load font information for U+rsfs on input line 2.


(/usr/local/texlive/2024/texmf-dist/tex/latex/jknapltx/ursfs.fd
File: ursfs.fd 1998/03/24 rsfs font definition file (jk)
)
pdfTeX warning (ext4): destination with the same identifier (name{page.1}) has 
been already used, duplicate ignored
<to be read again> 
                   \relax 
l.55 ...berline {2}Elettrodinamica}{38}{section.2}
                                                  % [1])
\tf@toc=\write5
\openout5 = `AppuntiFisica2.toc'.

 [2]
(./sections/elettrostat.tex
Underfull \hbox (badness 10000) in paragraph at lines 5--13

 []


Underfull \hbox (badness 10000) in paragraph at lines 5--13

 []

<./img/1.png, id=503, 263.98625pt x 181.67876pt>
File: ./img/1.png Graphic file (type png)
<use ./img/1.png>
Package pdftex.def Info: ./img/1.png  used on input line 16.
(pdftex.def)             Requested size: 145.19287pt x 99.92361pt.
<./img/2.png, id=504, 265.99374pt x 169.63374pt>
File: ./img/2.png Graphic file (type png)
<use ./img/2.png>
Package pdftex.def Info: ./img/2.png  used on input line 26.
(pdftex.def)             Requested size: 146.297pt x 93.29883pt.
<./img/3.png, id=505, 265.99374pt x 185.69376pt>
File: ./img/3.png Graphic file (type png)
<use ./img/3.png>
Package pdftex.def Info: ./img/3.png  used on input line 35.
(pdftex.def)             Requested size: 146.297pt x 102.13187pt.

LaTeX Warning: `h' float specifier changed to `ht'.

[3 <./img/1.png> <./img/2.png>]
<./img/4.png, id=513, 439.6425pt x 97.36375pt>
File: ./img/4.png Graphic file (type png)
<use ./img/4.png>
Package pdftex.def Info: ./img/4.png  used on input line 56.
(pdftex.def)             Requested size: 241.80411pt x 53.55022pt.

Underfull \hbox (badness 10000) in paragraph at lines 71--78

 []


Underfull \hbox (badness 10000) in paragraph at lines 71--78

 []


Underfull \hbox (badness 10000) in paragraph at lines 71--78

 []

<./img/5.png, id=515, 345.29pt x 324.21124pt>
File: ./img/5.png Graphic file (type png)
<use ./img/5.png>
Package pdftex.def Info: ./img/5.png  used on input line 82.
(pdftex.def)             Requested size: 189.91008pt x 178.31673pt.

LaTeX Warning: `h' float specifier changed to `ht'.

[4 <./img/3.png> <./img/4.png>]
Underfull \hbox (badness 10000) in paragraph at lines 92--96

 []


Underfull \hbox (badness 10000) in paragraph at lines 101--106

 []

<./img/6.png, id=532, 515.9275pt x 309.155pt>
File: ./img/6.png Graphic file (type png)
<use ./img/6.png>
Package pdftex.def Info: ./img/6.png  used on input line 119.
(pdftex.def)             Requested size: 232.16522pt x 139.11845pt.
[5{/usr/local/texlive/2024/texmf-dist/fonts/enc/dvips/cm-super/cm-super-ts1.enc
} <./img/5.png>]
<./img/7.png, id=542, 243.91125pt x 74.2775pt>
File: ./img/7.png Graphic file (type png)
<use ./img/7.png>
Package pdftex.def Info: ./img/7.png  used on input line 148.
(pdftex.def)             Requested size: 134.1516pt x 40.85274pt.

Underfull \hbox (badness 10000) in paragraph at lines 153--156

 []

[6 <./img/6.png> <./img/7.png>]
Underfull \hbox (badness 10000) in paragraph at lines 156--161

 []

<./img/8.png, id=556, 209.78375pt x 85.31876pt>
File: ./img/8.png Graphic file (type png)
<use ./img/8.png>
Package pdftex.def Info: ./img/8.png  used on input line 179.
(pdftex.def)             Requested size: 115.38141pt x 46.92545pt.
[7 <./img/8.png>]
Underfull \hbox (badness 10000) in paragraph at lines 193--196

 []


Underfull \hbox (badness 10000) in paragraph at lines 193--196

 []

<./img/9.png, id=564, 230.8625pt x 200.75pt>
File: ./img/9.png Graphic file (type png)
<use ./img/9.png>
Package pdftex.def Info: ./img/9.png  used on input line 203.
(pdftex.def)             Requested size: 126.97476pt x 110.41283pt.
<./img/10.png, id=565, 181.67876pt x 184.69pt>
File: ./img/10.png Graphic file (type png)
<use ./img/10.png>
Package pdftex.def Info: ./img/10.png  used on input line 222.
(pdftex.def)             Requested size: 217.66965pt x 170.7172pt.
<./img/11.png, id=566, 189.70876pt x 184.69pt>
File: ./img/11.png Graphic file (type png)
<use ./img/11.png>
Package pdftex.def Info: ./img/11.png  used on input line 227.
(pdftex.def)             Requested size: 217.66547pt x 170.7172pt.

Overfull \hbox (2.22221pt too wide) in paragraph at lines 221--231
[][] [] 
 []


LaTeX Warning: `h' float specifier changed to `ht'.

<./img/12.png, id=567, 97.36375pt x 74.2775pt>
File: ./img/12.png Graphic file (type png)
<use ./img/12.png>
Package pdftex.def Info: ./img/12.png  used on input line 240.
(pdftex.def)             Requested size: 53.55022pt x 40.85274pt.
[8 <./img/9.png>]
Underfull \hbox (badness 10000) in paragraph at lines 245--248

 []

<./img/13.png, id=574, 176.66pt x 276.03125pt>
File: ./img/13.png Graphic file (type png)
<use ./img/13.png>
Package pdftex.def Info: ./img/13.png  used on input line 252.
(pdftex.def)             Requested size: 97.16328pt x 151.81764pt.

Overfull \hbox (11.11304pt too wide) in paragraph at lines 257--258
$\OML/cmm/m/it/10 p$ \OT1/cmr/m/n/10 carat-ter-izza com-ple-ta-mente il dipolo:
 conoscen-done il val-ore ^^Re pos-si-bile cal-co-lare gli ef-fetti del dipolo 
sull'ambiente
 []

<./img/14.png, id=575, 570.13pt x 371.16444pt>
File: ./img/14.png Graphic file (type png)
<use ./img/14.png>
Package pdftex.def Info: ./img/14.png  used on input line 262.
(pdftex.def)             Requested size: 313.57246pt x 204.14107pt.

LaTeX Warning: `h' float specifier changed to `ht'.

[9 <./img/10.png> <./img/11.png> <./img/12.png> <./img/13.png>] [10 <./img/14.p
ng>]
<./img/15.png, id=592, 340.27126pt x 157.58875pt>
File: ./img/15.png Graphic file (type png)
<use ./img/15.png>
Package pdftex.def Info: ./img/15.png  used on input line 294.
(pdftex.def)             Requested size: 187.14977pt x 86.67407pt.
<./img/16.png, id=593, 314.17375pt x 119.44624pt>
File: ./img/16.png Graphic file (type png)
<use ./img/16.png>
Package pdftex.def Info: ./img/16.png  used on input line 304.
(pdftex.def)             Requested size: 172.79608pt x 65.69562pt.


LaTeX Warning: Command \textquoteright invalid in math mode on input line 310.

<./img/17.png, id=594, 338.26375pt x 335.2525pt>
File: ./img/17.png Graphic file (type png)
<use ./img/17.png>
Package pdftex.def Info: ./img/17.png  used on input line 316.
(pdftex.def)             Requested size: 186.04562pt x 184.38943pt.

LaTeX Warning: `h' float specifier changed to `ht'.

[11 <./img/15.png> <./img/16.png>]
<./img/18.png, id=601, 225.84375pt x 348.30125pt>
File: ./img/18.png Graphic file (type png)
<use ./img/18.png>
Package pdftex.def Info: ./img/18.png  used on input line 338.
(pdftex.def)             Requested size: 124.21443pt x 191.56627pt.
 [12 <./img/17.png> <./img/18.png>]
Underfull \hbox (badness 10000) in paragraph at lines 356--358

 []

<./img/19.png, id=609, 258.9675pt x 224.84pt>
File: ./img/19.png Graphic file (type png)
<use ./img/19.png>
Package pdftex.def Info: ./img/19.png  used on input line 361.
(pdftex.def)             Requested size: 142.43254pt x 123.66237pt.

Underfull \hbox (badness 10000) in paragraph at lines 366--369

 []

<./img/20.png, id=610, 212.795pt x 150.5625pt>
File: ./img/20.png Graphic file (type png)
<use ./img/20.png>
Package pdftex.def Info: ./img/20.png  used on input line 374.
(pdftex.def)             Requested size: 117.0376pt x 82.80962pt.
<./img/21.png, id=611, 206.7725pt x 141.52875pt>
File: ./img/21.png Graphic file (type png)
<use ./img/21.png>
Package pdftex.def Info: ./img/21.png  used on input line 385.
(pdftex.def)             Requested size: 113.72522pt x 77.84105pt.
<./img/22.png, id=612, 302.12875pt x 126.4725pt>
File: ./img/22.png Graphic file (type png)
<use ./img/22.png>
Package pdftex.def Info: ./img/22.png  used on input line 390.
(pdftex.def)             Requested size: 166.17131pt x 69.56007pt.

Overfull \hbox (2.22221pt too wide) in paragraph at lines 384--394
[][] [] 
 []


Underfull \hbox (badness 10000) in paragraph at lines 379--402

 []


Underfull \hbox (badness 10000) in paragraph at lines 379--402

 []


Underfull \hbox (badness 10000) in paragraph at lines 379--402

 []

[13 <./img/19.png> <./img/20.png>]
<./img/23.png, id=619, 221.82875pt x 166.6225pt>
File: ./img/23.png Graphic file (type png)
<use ./img/23.png>
Package pdftex.def Info: ./img/23.png  used on input line 405.
(pdftex.def)             Requested size: 122.00616pt x 91.64265pt.

Underfull \hbox (badness 10000) in paragraph at lines 418--422

 []

<./img/24.png, id=620, 162.6075pt x 175.65625pt>
File: ./img/24.png Graphic file (type png)
<use ./img/24.png>
Package pdftex.def Info: ./img/24.png  used on input line 425.
(pdftex.def)             Requested size: 89.43439pt x 96.61122pt.

LaTeX Warning: `h' float specifier changed to `ht'.

[14 <./img/21.png> <./img/22.png> <./img/23.png>]
<./img/25.png, id=628, 293.095pt x 299.1175pt>
File: ./img/25.png Graphic file (type png)
<use ./img/25.png>
Package pdftex.def Info: ./img/25.png  used on input line 435.
(pdftex.def)             Requested size: 161.20273pt x 164.51512pt.

Underfull \hbox (badness 10000) in paragraph at lines 449--452

 []

[15 <./img/24.png> <./img/25.png>]

LaTeX Warning: Command \textellipsis invalid in math mode on input line 454.

<./img/26.png, id=635, 251.94125pt x 391.4625pt>
File: ./img/26.png Graphic file (type png)
<use ./img/26.png>
Package pdftex.def Info: ./img/26.png  used on input line 462.
(pdftex.def)             Requested size: 138.5681pt x 215.30502pt.

Underfull \hbox (badness 10000) in paragraph at lines 472--478

 []


Underfull \hbox (badness 10000) in paragraph at lines 472--478

 []

<./img/27.png, id=636, 225.84375pt x 257.96375pt>
File: ./img/27.png Graphic file (type png)
<use ./img/27.png>
Package pdftex.def Info: ./img/27.png  used on input line 487.
(pdftex.def)             Requested size: 124.21443pt x 141.8805pt.
[16 <./img/26.png>]
<./img/28.png, id=642, 293.095pt x 251.94125pt>
File: ./img/28.png Graphic file (type png)
<use ./img/28.png>
Package pdftex.def Info: ./img/28.png  used on input line 504.
(pdftex.def)             Requested size: 161.20273pt x 138.5681pt.
 [17 <./img/27.png> <./img/28.png>]
<./img/29.png, id=650, 237.88875pt x 222.8325pt>
File: ./img/29.png Graphic file (type png)
<use ./img/29.png>
Package pdftex.def Info: ./img/29.png  used on input line 530.
(pdftex.def)             Requested size: 130.8392pt x 122.55824pt.
<./img/30.png, id=651, 218.8175pt x 220.825pt>
File: ./img/30.png Graphic file (type png)
<use ./img/30.png>
Package pdftex.def Info: ./img/30.png  used on input line 535.
(pdftex.def)             Requested size: 120.34999pt x 121.45412pt.

Overfull \hbox (2.22221pt too wide) in paragraph at lines 529--539
[][] [] 
 []


Underfull \hbox (badness 10000) in paragraph at lines 543--548

 []


Underfull \hbox (badness 10000) in paragraph at lines 548--549

 []


Underfull \hbox (badness 10000) in paragraph at lines 550--551

 []

<./img/31.png, id=652, 497.86pt x 244.915pt>
File: ./img/31.png Graphic file (type png)
<use ./img/31.png>
Package pdftex.def Info: ./img/31.png  used on input line 557.
(pdftex.def)             Requested size: 273.82384pt x 134.70364pt.

Underfull \hbox (badness 10000) in paragraph at lines 562--564

 []

[18 <./img/29.png> <./img/30.png> <./img/31.png>]
<./img/32.png, id=661, 269.005pt x 262.9825pt>
File: ./img/32.png Graphic file (type png)
<use ./img/32.png>
Package pdftex.def Info: ./img/32.png  used on input line 568.
(pdftex.def)             Requested size: 147.9532pt x 144.64081pt.
<./img/33.png, id=662, 558.085pt x 252.945pt>
File: ./img/33.png Graphic file (type png)
<use ./img/33.png>
Package pdftex.def Info: ./img/33.png  used on input line 578.
(pdftex.def)             Requested size: 306.94771pt x 139.12018pt.
<./img/34.png, id=663, 272.01625pt x 245.91875pt>
File: ./img/34.png Graphic file (type png)
<use ./img/34.png>
Package pdftex.def Info: ./img/34.png  used on input line 587.
(pdftex.def)             Requested size: 149.60939pt x 135.25572pt.
<./img/35.png, id=664, 302.12875pt x 188.705pt>
File: ./img/35.png Graphic file (type png)
<use ./img/35.png>
Package pdftex.def Info: ./img/35.png  used on input line 592.
(pdftex.def)             Requested size: 166.17131pt x 103.78806pt.

Overfull \hbox (2.22221pt too wide) in paragraph at lines 586--596
[][] [] 
 []


LaTeX Warning: `h' float specifier changed to `ht'.

<./img/36.png, id=665, 187.70125pt x 177.66376pt>
File: ./img/36.png Graphic file (type png)
<use ./img/36.png>
Package pdftex.def Info: ./img/36.png  used on input line 605.
(pdftex.def)             Requested size: 103.236pt x 97.71536pt.

LaTeX Warning: `h' float specifier changed to `ht'.


Underfull \hbox (badness 10000) in paragraph at lines 610--613

 []


Underfull \hbox (badness 10000) in paragraph at lines 610--613

 []


Underfull \hbox (badness 10000) in paragraph at lines 613--616

 []

[19 <./img/32.png> <./img/33.png>]
Underfull \hbox (badness 10000) in paragraph at lines 616--620

 []


Underfull \hbox (badness 10000) in paragraph at lines 620--623

 []

<./img/37.png, id=672, 238.8925pt x 230.8625pt>
File: ./img/37.png Graphic file (type png)
<use ./img/37.png>
Package pdftex.def Info: ./img/37.png  used on input line 627.
(pdftex.def)             Requested size: 131.39127pt x 126.97476pt.

LaTeX Warning: `h' float specifier changed to `ht'.


Underfull \hbox (badness 10000) in paragraph at lines 638--641

 []


Underfull \hbox (badness 10000) in paragraph at lines 638--641

 []

[20 <./img/34.png> <./img/35.png> <./img/36.png>]
Underfull \hbox (badness 10000) in paragraph at lines 641--647

 []


Underfull \hbox (badness 10000) in paragraph at lines 649--654

 []


Underfull \hbox (badness 10000) in paragraph at lines 657--660

 []


Underfull \hbox (badness 10000) in paragraph at lines 660--666

 []


Underfull \hbox (badness 10000) in paragraph at lines 660--666

 []

[21 <./img/37.png>]
<./img/38.png, id=686, 254.9525pt x 176.66pt>
File: ./img/38.png Graphic file (type png)
<use ./img/38.png>
Package pdftex.def Info: ./img/38.png  used on input line 687.
(pdftex.def)             Requested size: 140.22429pt x 97.16328pt.
 [22 <./img/38.png>]
<./img/39.png, id=692, 334.24875pt x 236.885pt>
File: ./img/39.png Graphic file (type png)
<use ./img/39.png>
Package pdftex.def Info: ./img/39.png  used on input line 703.
(pdftex.def)             Requested size: 183.83737pt x 130.28714pt.
<./img/40.png, id=693, 327.2225pt x 266.9975pt>
File: ./img/40.png Graphic file (type png)
<use ./img/40.png>
Package pdftex.def Info: ./img/40.png  used on input line 719.
(pdftex.def)             Requested size: 179.97292pt x 146.84906pt.


LaTeX Warning: `h' float specifier changed to `ht'.


Underfull \hbox (badness 10000) in paragraph at lines 730--735

 []

[23 <./img/39.png>]
<./img/41.png, id=699, 540.0175pt x 336.25626pt>
File: ./img/41.png Graphic file (type png)
<use ./img/41.png>
Package pdftex.def Info: ./img/41.png  used on input line 743.
(pdftex.def)             Requested size: 297.01054pt x 184.94151pt.


LaTeX Warning: Command \textquoteright invalid in math mode on input line 751.


LaTeX Warning: Command \textquoteright invalid in math mode on input line 751.

[24 <./img/40.png> <./img/41.png>]
Underfull \hbox (badness 10000) in paragraph at lines 754--760

 []


LaTeX Warning: Command \textquoteright invalid in math mode on input line 762.


Underfull \hbox (badness 10000) in paragraph at lines 776--781

 []


Underfull \hbox (badness 10000) in paragraph at lines 784--788

 []

[25]
<./img/42.png, id=712, 218.8175pt x 226.8475pt>
File: ./img/42.png Graphic file (type png)
<use ./img/42.png>
Package pdftex.def Info: ./img/42.png  used on input line 792.
(pdftex.def)             Requested size: 120.34999pt x 124.7665pt.

Underfull \hbox (badness 10000) in paragraph at lines 800--805

 []


Underfull \hbox (badness 10000) in paragraph at lines 806--809

 []

<./img/43.png, id=713, 326.21875pt x 193.72375pt>
File: ./img/43.png Graphic file (type png)
<use ./img/43.png>
Package pdftex.def Info: ./img/43.png  used on input line 813.
(pdftex.def)             Requested size: 179.42085pt x 106.54839pt.
[26 <./img/42.png> <./img/43.png>]
<./img/44.png, id=720, 248.93pt x 224.84pt>
File: ./img/44.png Graphic file (type png)
<use ./img/44.png>
Package pdftex.def Info: ./img/44.png  used on input line 830.
(pdftex.def)             Requested size: 136.91191pt x 123.66237pt.

Underfull \hbox (badness 10000) in paragraph at lines 845--852

 []

[27 <./img/44.png>]
<./img/45.png, id=726, 190.7125pt x 223.83624pt>
File: ./img/45.png Graphic file (type png)
<use ./img/45.png>
Package pdftex.def Info: ./img/45.png  used on input line 856.
(pdftex.def)             Requested size: 104.89218pt x 123.1103pt.

Underfull \hbox (badness 10000) in paragraph at lines 861--864

 []


Underfull \hbox (badness 10000) in paragraph at lines 861--864

 []

<./img/46.png, id=727, 222.8325pt x 219.82124pt>
File: ./img/46.png Graphic file (type png)
<use ./img/46.png>
Package pdftex.def Info: ./img/46.png  used on input line 868.
(pdftex.def)             Requested size: 122.55824pt x 120.90204pt.

LaTeX Warning: Command \textendash invalid in math mode on input line 873.

<./img/47.png, id=728, 331.2375pt x 224.84pt>
File: ./img/47.png Graphic file (type png)
<use ./img/47.png>
Package pdftex.def Info: ./img/47.png  used on input line 877.
(pdftex.def)             Requested size: 182.18118pt x 123.66237pt.

LaTeX Warning: `h' float specifier changed to `ht'.

<./img/48.png, id=729, 124.465pt x 124.465pt>
File: ./img/48.png Graphic file (type png)
<use ./img/48.png>
Package pdftex.def Info: ./img/48.png  used on input line 887.
(pdftex.def)             Requested size: 68.45595pt x 68.45595pt.

LaTeX Warning: `h' float specifier changed to `ht'.

[28 <./img/45.png> <./img/46.png>]
<./img/49.png, id=736, 402.50375pt x 174.6525pt>
File: ./img/49.png Graphic file (type png)
<use ./img/49.png>
Package pdftex.def Info: ./img/49.png  used on input line 903.
(pdftex.def)             Requested size: 221.37775pt x 96.05916pt.

Underfull \hbox (badness 10000) in paragraph at lines 911--914

 []

[29 <./img/47.png> <./img/48.png> <./img/49.png>]
<./img/50.png, id=745, 130.4875pt x 132.495pt>
File: ./img/50.png Graphic file (type png)
<use ./img/50.png>
Package pdftex.def Info: ./img/50.png  used on input line 924.
(pdftex.def)             Requested size: 71.76833pt x 72.87245pt.
<./img/51.png, id=746, 161.60374pt x 119.44624pt>
File: ./img/51.png Graphic file (type png)
<use ./img/51.png>
Package pdftex.def Info: ./img/51.png  used on input line 929.
(pdftex.def)             Requested size: 88.88232pt x 65.69562pt.

Overfull \hbox (2.22221pt too wide) in paragraph at lines 923--933
[][] [] 
 []


Underfull \hbox (badness 10000) in paragraph at lines 916--942

 []


Underfull \hbox (badness 10000) in paragraph at lines 916--942

 []


Underfull \hbox (badness 10000) in paragraph at lines 916--942

 []


Underfull \hbox (badness 10000) in paragraph at lines 943--951

 []


Underfull \hbox (badness 10000) in paragraph at lines 943--951

 []

<./img/52.png, id=747, 118.4425pt x 288.07625pt>
File: ./img/52.png Graphic file (type png)
<use ./img/52.png>
Package pdftex.def Info: ./img/52.png  used on input line 958.
(pdftex.def)             Requested size: 65.14357pt x 158.44241pt.
[30 <./img/50.png> <./img/51.png>]
Underfull \hbox (badness 10000) in paragraph at lines 963--965

 []

<./img/53.png, id=754, 258.9675pt x 185.69376pt>
File: ./img/53.png Graphic file (type png)
<use ./img/53.png>
Package pdftex.def Info: ./img/53.png  used on input line 976.
(pdftex.def)             Requested size: 142.43254pt x 102.13187pt.
<./img/54.png, id=755, 170.6375pt x 140.525pt>
File: ./img/54.png Graphic file (type png)
<use ./img/54.png>
Package pdftex.def Info: ./img/54.png  used on input line 988.
(pdftex.def)             Requested size: 93.8509pt x 77.28897pt.

LaTeX Warning: `h' float specifier changed to `ht'.

[31 <./img/52.png> <./img/53.png>]
<./img/55.png, id=763, 198.7425pt x 204.765pt>
File: ./img/55.png Graphic file (type png)
<use ./img/55.png>
Package pdftex.def Info: ./img/55.png  used on input line 1000.
(pdftex.def)             Requested size: 109.3087pt x 112.62108pt.

Underfull \hbox (badness 10000) in paragraph at lines 1012--1014

 []


Underfull \hbox (badness 10000) in paragraph at lines 1014--1018

 []

<./img/56.png, id=764, 239.89626pt x 157.58875pt>
File: ./img/56.png Graphic file (type png)
<use ./img/56.png>
Package pdftex.def Info: ./img/56.png  used on input line 1022.
(pdftex.def)             Requested size: 131.94334pt x 86.67407pt.

LaTeX Warning: `h' float specifier changed to `ht'.

[32 <./img/54.png> <./img/55.png>]
<./img/57.png, id=773, 216.81pt x 196.735pt>
File: ./img/57.png Graphic file (type png)
<use ./img/57.png>
Package pdftex.def Info: ./img/57.png  used on input line 1032.
(pdftex.def)             Requested size: 119.24586pt x 108.20456pt.

Underfull \hbox (badness 10000) in paragraph at lines 1051--1054

 []

[33 <./img/56.png> <./img/57.png>]

LaTeX Warning: Command \textquoteright invalid in math mode on input line 1057.



Underfull \hbox (badness 10000) in paragraph at lines 1068--1072

 []

<./img/58.png, id=780, 248.93pt x 161.60374pt>
File: ./img/58.png Graphic file (type png)
<use ./img/58.png>
Package pdftex.def Info: ./img/58.png  used on input line 1079.
(pdftex.def)             Requested size: 136.91191pt x 88.88232pt.

LaTeX Warning: `h' float specifier changed to `ht'.

<./img/59.png, id=781, 292.09125pt x 170.6375pt>
File: ./img/59.png Graphic file (type png)
<use ./img/59.png>
Package pdftex.def Info: ./img/59.png  used on input line 1090.
(pdftex.def)             Requested size: 160.65067pt x 93.8509pt.

LaTeX Warning: `h' float specifier changed to `ht'.


Underfull \hbox (badness 10000) in paragraph at lines 1095--1099

 []

[34]
Underfull \hbox (badness 10000) in paragraph at lines 1106--1109

 []


Underfull \hbox (badness 10000) in paragraph at lines 1110--1114

 []

[35 <./img/58.png> <./img/59.png>]
Underfull \hbox (badness 10000) in paragraph at lines 1120--1123

 []

<./img/60.png, id=793, 272.01625pt x 125.46875pt>
File: ./img/60.png Graphic file (type png)
<use ./img/60.png>
Package pdftex.def Info: ./img/60.png  used on input line 1127.
(pdftex.def)             Requested size: 149.60939pt x 69.00801pt.

Underfull \hbox (badness 10000) in paragraph at lines 1132--1136

 []


Underfull \hbox (badness 10000) in paragraph at lines 1132--1136

 []


Underfull \hbox (badness 10000) in paragraph at lines 1132--1136

 []


Underfull \hbox (badness 10000) in paragraph at lines 1137--1144

 []

<./img/61.png, id=794, 175.65625pt x 145.54375pt>
File: ./img/61.png Graphic file (type png)
<use ./img/61.png>
Package pdftex.def Info: ./img/61.png  used on input line 1147.
(pdftex.def)             Requested size: 96.61122pt x 80.0493pt.

LaTeX Warning: `h' float specifier changed to `ht'.

[36 <./img/60.png>]
<./img/62.png, id=801, 344.28625pt x 234.8775pt>
File: ./img/62.png Graphic file (type png)
<use ./img/62.png>
Package pdftex.def Info: ./img/62.png  used on input line 1157.
(pdftex.def)             Requested size: 189.35802pt x 129.18301pt.
<./img/63.png, id=802, 518.93875pt x 195.73125pt>
File: ./img/63.png Graphic file (type png)
<use ./img/63.png>
Package pdftex.def Info: ./img/63.png  used on input line 1167.
(pdftex.def)             Requested size: 285.41719pt x 107.65251pt.
<./img/64.png, id=803, 536.0025pt x 176.66pt>
File: ./img/64.png Graphic file (type png)
<use ./img/64.png>
Package pdftex.def Info: ./img/64.png  used on input line 1177.
(pdftex.def)             Requested size: 294.80228pt x 97.16328pt.


LaTeX Warning: `h' float specifier changed to `ht'.

[37 <./img/61.png> <./img/62.png> <./img/63.png>])
Underfull \hbox (badness 10000) in paragraph at lines 1191--99

 []

(./sections/elettrodin.tex
Underfull \hbox (badness 10000) in paragraph at lines 5--9

 []


Underfull \hbox (badness 10000) in paragraph at lines 5--9

 []

<./img/65.png, id=811, 268.00125pt x 210.7875pt>
File: ./img/65.png Graphic file (type png)
<use ./img/65.png>
Package pdftex.def Info: ./img/65.png  used on input line 18.
(pdftex.def)             Requested size: 147.40112pt x 115.93347pt.

LaTeX Warning: `h' float specifier changed to `ht'.

[38 <./img/64.png>]
<./img/66.png, id=817, 304.13625pt x 338.26375pt>
File: ./img/66.png Graphic file (type png)
<use ./img/66.png>
Package pdftex.def Info: ./img/66.png  used on input line 28.
(pdftex.def)             Requested size: 167.27545pt x 186.04562pt.
<./img/67.png, id=818, 544.0325pt x 273.02pt>
File: ./img/67.png Graphic file (type png)
<use ./img/67.png>
Package pdftex.def Info: ./img/67.png  used on input line 37.
(pdftex.def)             Requested size: 299.2188pt x 150.16145pt.
<./img/68.png, id=819, 278.03876pt x 162.6075pt>
File: ./img/68.png Graphic file (type png)
<use ./img/68.png>
Package pdftex.def Info: ./img/68.png  used on input line 46.
(pdftex.def)             Requested size: 152.92178pt x 89.43439pt.


LaTeX Warning: `h' float specifier changed to `ht'.


Underfull \hbox (badness 10000) in paragraph at lines 51--54

 []

[39 <./img/65.png> <./img/66.png> <./img/67.png>]
Underfull \hbox (badness 10000) in paragraph at lines 54--57

 []


Underfull \hbox (badness 10000) in paragraph at lines 62--65

 []

<./img/69.png, id=827, 440.64626pt x 283.0575pt>
File: ./img/69.png Graphic file (type png)
<use ./img/69.png>
Package pdftex.def Info: ./img/69.png  used on input line 70.
(pdftex.def)             Requested size: 242.35619pt x 155.6821pt.

LaTeX Warning: `h' float specifier changed to `ht'.


Underfull \hbox (badness 10000) in paragraph at lines 80--83

 []


Underfull \hbox (badness 10000) in paragraph at lines 83--86

 []

[40 <./img/68.png>]
<./img/70.png, id=833, 357.335pt x 186.6975pt>
File: ./img/70.png Graphic file (type png)
<use ./img/70.png>
Package pdftex.def Info: ./img/70.png  used on input line 90.
(pdftex.def)             Requested size: 196.53485pt x 102.68393pt.


Package hyperref Warning: Token not allowed in a PDF string (Unicode):
(hyperref)                removing `math shift' on input line 97.


Package hyperref Warning: Token not allowed in a PDF string (Unicode):
(hyperref)                removing `superscript' on input line 97.


Package hyperref Warning: Token not allowed in a PDF string (Unicode):
(hyperref)                removing `math shift' on input line 97.

<./img/71.png, id=834, 306.14375pt x 268.00125pt>
File: ./img/71.png Graphic file (type png)
<use ./img/71.png>
Package pdftex.def Info: ./img/71.png  used on input line 101.
(pdftex.def)             Requested size: 168.37958pt x 147.40112pt.

LaTeX Warning: `h' float specifier changed to `ht'.


Underfull \hbox (badness 10000) in paragraph at lines 106--110

 []


Underfull \hbox (badness 10000) in paragraph at lines 111--113

 []

[41 <./img/69.png> <./img/70.png>]
Underfull \hbox (badness 10000) in paragraph at lines 113--116

 []

<./img/72.png, id=842, 354.32375pt x 195.73125pt>
File: ./img/72.png Graphic file (type png)
<use ./img/72.png>
Package pdftex.def Info: ./img/72.png  used on input line 119.
(pdftex.def)             Requested size: 194.87866pt x 107.65251pt.
<./img/73.png, id=843, 245.91875pt x 177.66376pt>
File: ./img/73.png Graphic file (type png)
<use ./img/73.png>
Package pdftex.def Info: ./img/73.png  used on input line 130.
(pdftex.def)             Requested size: 135.25572pt x 97.71536pt.
[42 <./img/71.png> <./img/72.png> <./img/73.png>]
Underfull \hbox (badness 10000) in paragraph at lines 157--159

 []

<./img/74.png, id=852, 348.30125pt x 236.885pt>
File: ./img/74.png Graphic file (type png)
<use ./img/74.png>
Package pdftex.def Info: ./img/74.png  used on input line 177.
(pdftex.def)             Requested size: 191.56627pt x 130.28714pt.
<./img/75.png, id=853, 448.67625pt x 317.185pt>
File: ./img/75.png Graphic file (type png)
<use ./img/75.png>
Package pdftex.def Info: ./img/75.png  used on input line 185.
(pdftex.def)             Requested size: 246.77269pt x 174.45227pt.

LaTeX Warning: `h' float specifier changed to `ht'.

<./img/76.png, id=854, 483.8075pt x 339.2675pt>
File: ./img/76.png Graphic file (type png)
<use ./img/76.png>
Package pdftex.def Info: ./img/76.png  used on input line 194.
(pdftex.def)             Requested size: 266.09494pt x 186.59769pt.

LaTeX Warning: `h' float specifier changed to `ht'.


Underfull \hbox (badness 10000) in paragraph at lines 200--203

 []

<./img/77.png, id=855, 350.30875pt x 134.5025pt>
File: ./img/77.png Graphic file (type png)
<use ./img/77.png>
Package pdftex.def Info: ./img/77.png  used on input line 206.
(pdftex.def)             Requested size: 192.6704pt x 73.9766pt.

LaTeX Warning: `h' float specifier changed to `ht'.

[43 <./img/74.png>]
Underfull \hbox (badness 10000) in paragraph at lines 218--220

 []


Underfull \hbox (badness 10000) in paragraph at lines 220--225

 []

<./img/78.png, id=861, 374.39874pt x 177.66376pt>
File: ./img/78.png Graphic file (type png)
<use ./img/78.png>
Package pdftex.def Info: ./img/78.png  used on input line 228.
(pdftex.def)             Requested size: 205.91994pt x 97.71536pt.

LaTeX Warning: `h' float specifier changed to `ht'.

[44 <./img/75.png> <./img/76.png>]
Underfull \hbox (badness 10000) in paragraph at lines 233--237

 []


Underfull \hbox (badness 10000) in paragraph at lines 233--237

 []


Underfull \hbox (badness 10000) in paragraph at lines 239--242

 []


Underfull \hbox (badness 10000) in paragraph at lines 242--245

 []


Underfull \hbox (badness 10000) in paragraph at lines 256--262

 []

[45 <./img/77.png> <./img/78.png>]
<./img/79.png, id=874, 221.82875pt x 40.15pt>
File: ./img/79.png Graphic file (type png)
<use ./img/79.png>
Package pdftex.def Info: ./img/79.png  used on input line 268.
(pdftex.def)             Requested size: 122.00616pt x 22.08255pt.
<./img/80.png, id=875, 226.8475pt x 314.17375pt>
File: ./img/80.png Graphic file (type png)
<use ./img/80.png>
Package pdftex.def Info: ./img/80.png  used on input line 278.
(pdftex.def)             Requested size: 124.7665pt x 172.79608pt.
<./img/81.png, id=876, 224.84pt x 175.65625pt>
File: ./img/81.png Graphic file (type png)
<use ./img/81.png>
Package pdftex.def Info: ./img/81.png  used on input line 293.
(pdftex.def)             Requested size: 123.66237pt x 96.61122pt.


LaTeX Warning: `h' float specifier changed to `ht'.

[46 <./img/79.png> <./img/80.png>]
<./img/82.png, id=883, 318.18875pt x 82.3075pt>
File: ./img/82.png Graphic file (type png)
<use ./img/82.png>
Package pdftex.def Info: ./img/82.png  used on input line 307.
(pdftex.def)             Requested size: 175.00433pt x 45.26924pt.
<./img/83.png, id=884, 371.3875pt x 137.51375pt>
File: ./img/83.png Graphic file (type png)
<use ./img/83.png>
Package pdftex.def Info: ./img/83.png  used on input line 312.
(pdftex.def)             Requested size: 204.26375pt x 75.63278pt.

Overfull \hbox (2.22221pt too wide) in paragraph at lines 306--316
[][] [] 
 []


Underfull \hbox (badness 10000) in paragraph at lines 321--323

 []

<./img/84.png, id=885, 357.335pt x 284.06125pt>
File: ./img/84.png Graphic file (type png)
<use ./img/84.png>
Package pdftex.def Info: ./img/84.png  used on input line 326.
(pdftex.def)             Requested size: 196.53485pt x 156.23415pt.

LaTeX Warning: `h' float specifier changed to `ht'.


Underfull \hbox (badness 10000) in paragraph at lines 331--336

 []


Underfull \hbox (badness 10000) in paragraph at lines 336--339

 []

[47 <./img/81.png> <./img/82.png> <./img/83.png>]
Underfull \hbox (badness 10000) in paragraph at lines 341--344

 []


Underfull \hbox (badness 10000) in paragraph at lines 344--348

 []

<./img/85.png, id=893, 167.62625pt x 185.69376pt>
File: ./img/85.png Graphic file (type png)
<use ./img/85.png>
Package pdftex.def Info: ./img/85.png  used on input line 351.
(pdftex.def)             Requested size: 92.1947pt x 102.13187pt.

Package hyperref Warning: Token not allowed in a PDF string (Unicode):
(hyperref)                removing `math shift' on input line 361.


Package hyperref Warning: Token not allowed in a PDF string (Unicode):
(hyperref)                removing `superscript' on input line 361.


Package hyperref Warning: Token not allowed in a PDF string (Unicode):
(hyperref)                removing `math shift' on input line 361.


Underfull \hbox (badness 10000) in paragraph at lines 362--366

 []

[48 <./img/84.png> <./img/85.png>]
<./img/86.png, id=901, 638.385pt x 195.73125pt>
File: ./img/86.png Graphic file (type png)
<use ./img/86.png>
Package pdftex.def Info: ./img/86.png  used on input line 369.
(pdftex.def)             Requested size: 351.11282pt x 107.65251pt.
<./img/87.png, id=902, 347.2975pt x 251.94125pt>
File: ./img/87.png Graphic file (type png)
<use ./img/87.png>
Package pdftex.def Info: ./img/87.png  used on input line 380.
(pdftex.def)             Requested size: 191.0142pt x 138.5681pt.
<./img/88.png, id=903, 270.00874pt x 186.6975pt>
File: ./img/88.png Graphic file (type png)
<use ./img/88.png>
Package pdftex.def Info: ./img/88.png  used on input line 391.
(pdftex.def)             Requested size: 148.50525pt x 102.68393pt.


LaTeX Warning: `h' float specifier changed to `ht'.

<./img/89.png, id=904, 301.125pt x 208.78pt>
File: ./img/89.png Graphic file (type png)
<use ./img/89.png>
Package pdftex.def Info: ./img/89.png  used on input line 404.
(pdftex.def)             Requested size: 165.61925pt x 114.82933pt.

LaTeX Warning: `h' float specifier changed to `ht'.

[49 <./img/86.png> <./img/87.png>]
<./img/90.png, id=912, 293.095pt x 189.70876pt>
File: ./img/90.png Graphic file (type png)
<use ./img/90.png>
Package pdftex.def Info: ./img/90.png  used on input line 419.
(pdftex.def)             Requested size: 161.20273pt x 104.34013pt.
<./img/91.png, id=913, 303.1325pt x 183.68625pt>
File: ./img/91.png Graphic file (type png)
<use ./img/91.png>
Package pdftex.def Info: ./img/91.png  used on input line 427.
(pdftex.def)             Requested size: 166.72339pt x 101.02773pt.


LaTeX Warning: `h' float specifier changed to `ht'.

)
Underfull \hbox (badness 10000) in paragraph at lines 432--102

 []

(./sections/magnetostat.tex) (./sections/induzElettromag.tex)
(./sections/onde.tex) [50 <./img/88.png> <./img/89.png> <./img/90.png>]
[51 <./img/91.png>] [52] (./AppuntiFisica2.aux)
 ***********
LaTeX2e <2023-11-01> patch level 1
L3 programming layer <2024-02-20>
 ***********


Package rerunfilecheck Warning: File `AppuntiFisica2.out' has changed.
(rerunfilecheck)                Rerun to get outlines right
(rerunfilecheck)                or use package `bookmark'.

Package rerunfilecheck Info: Checksums for `AppuntiFisica2.out':
(rerunfilecheck)             Before: E5D87B59E67B047A8229DE2F4417EE37;21256
(rerunfilecheck)             After:  E4D50443B0CE171CB36FF9CF4FBA575D;20786.
 ) 
Here is how much of TeX's memory you used:
 28789 strings out of 474116
 526487 string characters out of 5743683
 1950187 words of memory out of 5000000
 50303 multiletter control sequences out of 15000+600000
 582794 words of font info for 123 fonts, out of 8000000 for 9000
 1141 hyphenation exceptions out of 8191
 99i,14n,117p,632b,1002s stack positions out of 10000i,1000n,20000p,200000b,200000s

pdfTeX warning (dest): name{subsection.2.16} has been referenced but does not e
xist, replaced by a fixed one


pdfTeX warning (dest): name{subsection.2.15} has been referenced but does not e
xist, replaced by a fixed one


pdfTeX warning (dest): name{subsection.2.14} has been referenced but does not e
xist, replaced by a fixed one

</usr/local/texlive/2024/texmf-dist/fonts/type1/public/amsfonts/cm/cmbx10.pfb><
/usr/local/texlive/2024/texmf-dist/fonts/type1/public/amsfonts/cm/cmbx12.pfb></
usr/local/texlive/2024/texmf-dist/fonts/type1/public/amsfonts/cm/cmbx7.pfb></us
r/local/texlive/2024/texmf-dist/fonts/type1/public/amsfonts/cm/cmmi10.pfb></usr
/local/texlive/2024/texmf-dist/fonts/type1/public/amsfonts/cm/cmmi5.pfb></usr/l
ocal/texlive/2024/texmf-dist/fonts/type1/public/amsfonts/cm/cmmi6.pfb></usr/loc
al/texlive/2024/texmf-dist/fonts/type1/public/amsfonts/cm/cmmi7.pfb></usr/local
/texlive/2024/texmf-dist/fonts/type1/public/amsfonts/cm/cmmi8.pfb></usr/local/t
exlive/2024/texmf-dist/fonts/type1/public/amsfonts/cm/cmmi9.pfb></usr/local/tex
live/2024/texmf-dist/fonts/type1/public/amsfonts/cm/cmmib10.pfb></usr/local/tex
live/2024/texmf-dist/fonts/type1/public/amsfonts/cm/cmr10.pfb></usr/local/texli
ve/2024/texmf-dist/fonts/type1/public/amsfonts/cm/cmr12.pfb></usr/local/texlive
/2024/texmf-dist/fonts/type1/public/amsfonts/cm/cmr5.pfb></usr/local/texlive/20
24/texmf-dist/fonts/type1/public/amsfonts/cm/cmr7.pfb></usr/local/texlive/2024/
texmf-dist/fonts/type1/public/amsfonts/cm/cmr9.pfb></usr/local/texlive/2024/tex
mf-dist/fonts/type1/public/amsfonts/cm/cmsl10.pfb></usr/local/texlive/2024/texm
f-dist/fonts/type1/public/amsfonts/cm/cmss10.pfb></usr/local/texlive/2024/texmf
-dist/fonts/type1/public/amsfonts/cm/cmsy10.pfb></usr/local/texlive/2024/texmf-
dist/fonts/type1/public/amsfonts/cm/cmti10.pfb></usr/local/texlive/2024/texmf-d
ist/fonts/type1/public/amsfonts/latxfont/line10.pfb></usr/local/texlive/2024/te
xmf-dist/fonts/type1/public/mathabx-type1/matha10.pfb></usr/local/texlive/2024/
texmf-dist/fonts/type1/public/mathabx-type1/matha7.pfb></usr/local/texlive/2024
/texmf-dist/fonts/type1/public/mathabx-type1/matha9.pfb></usr/local/texlive/202
4/texmf-dist/fonts/type1/public/mathabx-type1/mathx10.pfb></usr/local/texlive/2
024/texmf-dist/fonts/type1/public/rsfs/rsfs10.pfb></usr/local/texlive/2024/texm
f-dist/fonts/type1/public/cm-super/sfrm1000.pfb>
Output written on AppuntiFisica2.pdf (53 pages, 1820568 bytes).
PDF statistics:
 1100 PDF objects out of 1200 (max. 8388607)
 884 compressed objects within 9 object streams
 247 named destinations out of 1000 (max. 500000)
 1233 words of extra memory for PDF output out of 10000 (max. 10000000)

