\BOOKMARK [1][-]{section.1}{\376\377\000E\000l\000e\000t\000t\000r\000o\000s\000t\000a\000t\000i\000c\000a}{}% 1
\BOOKMARK [2][-]{subsection.1.1}{\376\377\000I\000n\000c\000i\000p\000i\000t}{section.1}% 2
\BOOKMARK [2][-]{subsection.1.2}{\376\377\000C\000a\000r\000i\000c\000a\000\040\000E\000l\000e\000t\000t\000r\000i\000c\000a}{section.1}% 3
\BOOKMARK [3][-]{subsubsection.1.2.1}{\376\377\000S\000t\000r\000u\000t\000t\000u\000r\000a\000\040\000A\000t\000o\000m\000i\000c\000a}{subsection.1.2}% 4
\BOOKMARK [3][-]{subsubsection.1.2.2}{\376\377\000C\000o\000n\000d\000u\000t\000t\000o\000r\000i\000\040\000e\000\040\000I\000s\000o\000l\000a\000n\000t\000i}{subsection.1.2}% 5
\BOOKMARK [3][-]{subsubsection.1.2.3}{\376\377\000I\000n\000d\000u\000z\000i\000o\000n\000e\000\040\000E\000l\000e\000t\000t\000r\000o\000s\000t\000a\000t\000i\000c\000a}{subsection.1.2}% 6
\BOOKMARK [3][-]{subsubsection.1.2.4}{\376\377\000Q\000u\000a\000n\000t\000i\000z\000z\000a\000z\000i\000o\000n\000e\000\040\000d\000e\000l\000l\000a\000\040\000C\000a\000r\000i\000c\000a\000\040\000E\000l\000e\000t\000t\000r\000i\000c\000a}{subsection.1.2}% 7
\BOOKMARK [3][-]{subsubsection.1.2.5}{\376\377\000C\000o\000n\000s\000e\000r\000v\000a\000z\000i\000o\000n\000e\000\040\000d\000e\000l\000l\000a\000\040\000C\000a\000r\000i\000c\000a\000\040\000E\000l\000e\000t\000t\000r\000i\000c\000a}{subsection.1.2}% 8
\BOOKMARK [2][-]{subsection.1.3}{\376\377\000L\000e\000g\000g\000e\000\040\000d\000i\000\040\000C\000o\000u\000l\000o\000m\000b}{section.1}% 9
\BOOKMARK [2][-]{subsection.1.4}{\376\377\000P\000r\000i\000n\000c\000i\000p\000i\000o\000\040\000d\000i\000\040\000s\000o\000v\000r\000a\000p\000p\000o\000s\000i\000z\000i\000o\000n\000e}{section.1}% 10
\BOOKMARK [2][-]{subsection.1.5}{\376\377\000C\000o\000n\000f\000r\000o\000n\000t\000o\000\040\000t\000r\000a\000\040\000f\000o\000r\000z\000a\000\040\000g\000r\000a\000v\000i\000t\000a\000z\000i\000o\000n\000a\000l\000e\000\040\000e\000d\000\040\000e\000l\000e\000t\000t\000r\000o\000s\000t\000a\000t\000i\000c\000a}{section.1}% 11
\BOOKMARK [2][-]{subsection.1.6}{\376\377\000C\000a\000m\000p\000o\000\040\000E\000l\000e\000t\000t\000r\000i\000c\000o}{section.1}% 12
\BOOKMARK [3][-]{subsubsection.1.6.1}{\376\377\000C\000a\000m\000p\000i\000\040\000s\000c\000a\000l\000a\000r\000i\000\040\000e\000\040\000c\000a\000m\000p\000i\000\040\000v\000e\000t\000t\000o\000r\000i\000a\000l\000i}{subsection.1.6}% 13
\BOOKMARK [3][-]{subsubsection.1.6.2}{\376\377\000C\000a\000m\000p\000o\000\040\000e\000l\000e\000t\000t\000r\000i\000c\000o\000\040\000d\000i\000\040\000u\000n\000a\000\040\000c\000a\000r\000i\000c\000a\000\040\000p\000u\000n\000t\000i\000f\000o\000r\000m\000e}{subsection.1.6}% 14
\BOOKMARK [3][-]{subsubsection.1.6.3}{\376\377\000C\000a\000m\000p\000o\000\040\000e\000l\000e\000t\000t\000r\000i\000c\000o\000\040\000d\000i\000\040\000u\000n\000\040\000g\000r\000u\000p\000p\000o\000\040\000d\000i\000\040\000c\000a\000r\000i\000c\000h\000e\000\040\000p\000u\000n\000t\000i\000f\000o\000r\000m\000i}{subsection.1.6}% 15
\BOOKMARK [3][-]{subsubsection.1.6.4}{\376\377\000L\000i\000n\000e\000e\000\040\000d\000i\000\040\000f\000o\000r\000z\000a\000\040\000d\000i\000\040\000u\000n\000\040\000c\000a\000m\000p\000o\000\040\000e\000l\000e\000t\000t\000r\000i\000c\000o\000\040\000\050\000V\000i\000s\000u\000a\000l\000i\000z\000z\000a\000z\000i\000o\000n\000e\000\040\000d\000e\000i\000\040\000c\000a\000m\000p\000i\000\040\000v\000e\000t\000t\000o\000r\000i\000a\000l\000i\000\051}{subsection.1.6}% 16
\BOOKMARK [2][-]{subsection.1.7}{\376\377\000D\000i\000p\000o\000l\000o\000\040\000E\000l\000e\000t\000t\000r\000i\000c\000o}{section.1}% 17
\BOOKMARK [3][-]{subsubsection.1.7.1}{\376\377\000C\000a\000l\000c\000o\000l\000o\000\040\000c\000a\000m\000p\000o\000\040\000e\000l\000e\000t\000t\000r\000i\000c\000o\000\040\000n\000e\000l\000\040\000c\000a\000m\000p\000o\000\040\000e\000q\000u\000a\000t\000o\000r\000i\000a\000l\000e\000\040\000d\000e\000l\000\040\000d\000i\000p\000o\000l\000o}{subsection.1.7}% 18
\BOOKMARK [2][-]{subsection.1.8}{\376\377\000C\000a\000m\000p\000o\000\040\000e\000l\000e\000t\000t\000r\000i\000c\000o\000\040\000g\000e\000n\000e\000r\000a\000t\000o\000\040\000d\000a\000\040\000d\000i\000s\000t\000r\000i\000b\000u\000z\000i\000o\000n\000i\000\040\000c\000o\000n\000t\000i\000n\000u\000e\000\040\000d\000i\000\040\000c\000a\000r\000i\000c\000a}{section.1}% 19
\BOOKMARK [2][-]{subsection.1.9}{\376\377\000C\000a\000m\000p\000o\000\040\000e\000l\000e\000t\000t\000r\000i\000c\000o\000\040\000d\000i\000\040\000u\000n\000a\000\040\000d\000i\000s\000t\000r\000i\000b\000u\000z\000i\000o\000n\000e\000\040\000l\000i\000n\000e\000a\000r\000e\000\040\000d\000i\000\040\000c\000a\000r\000i\000c\000a}{section.1}% 20
\BOOKMARK [2][-]{subsection.1.10}{\376\377\000S\000p\000i\000r\000a\000\040\000c\000i\000r\000c\000o\000l\000a\000r\000e\000\040\000u\000n\000i\000f\000o\000r\000m\000e\000m\000e\000n\000t\000e\000\040\000c\000a\000r\000i\000c\000a\000\040\000\050\000c\000a\000m\000p\000o\000\040\000l\000u\000n\000g\000o\000\040\000l\040\031\000a\000s\000s\000e\000\051}{section.1}% 21
\BOOKMARK [2][-]{subsection.1.11}{\376\377\000F\000l\000u\000s\000s\000o\000\040\000d\000i\000\040\000u\000n\000\040\000c\000a\000m\000p\000o\000\040\000v\000e\000t\000t\000o\000r\000i\000a\000l\000e}{section.1}% 22
\BOOKMARK [2][-]{subsection.1.12}{\376\377\000L\000e\000g\000g\000e\000\040\000d\000i\000\040\000G\000a\000u\000s\000s}{section.1}% 23
\BOOKMARK [3][-]{subsubsection.1.12.1}{\376\377\000C\000a\000m\000p\000o\000\040\000i\000n\000\040\000p\000r\000o\000s\000s\000i\000m\000i\000t\000\340\000\040\000d\000i\000\040\000u\000n\000a\000\040\000d\000i\000s\000t\000r\000i\000b\000u\000z\000i\000o\000n\000e\000\040\000l\000i\000n\000e\000a\000r\000e\000\040\000d\000i\000\040\000c\000a\000r\000i\000c\000a\000\040\000m\000o\000l\000t\000o\000\040\000l\000u\000n\000g\000a}{subsection.1.12}% 24
\BOOKMARK [3][-]{subsubsection.1.12.2}{\376\377\000C\000a\000m\000p\000o\000\040\000i\000n\000\040\000p\000r\000o\000s\000s\000i\000m\000i\000t\000\340\000\040\000d\000i\000\040\000u\000n\000a\000\040\000g\000r\000a\000n\000d\000e\000\040\000l\000a\000m\000i\000n\000a\000\040\000p\000i\000a\000n\000a\000\040\000u\000n\000i\000f\000o\000r\000m\000e\000m\000e\000n\000t\000e\000\040\000c\000a\000r\000i\000c\000a}{subsection.1.12}% 25
\BOOKMARK [3][-]{subsubsection.1.12.3}{\376\377\000S\000f\000e\000r\000a\000\040\000u\000n\000i\000f\000o\000r\000m\000e\000m\000e\000n\000t\000e\000\040\000c\000a\000r\000i\000c\000a}{subsection.1.12}% 26
\BOOKMARK [3][-]{subsubsection.1.12.4}{\376\377\000D\000o\000p\000p\000i\000o\000\040\000s\000t\000r\000a\000t\000o\000\040\000p\000i\000a\000n\000o}{subsection.1.12}% 27
\BOOKMARK [2][-]{subsection.1.13}{\376\377\000P\000o\000t\000e\000n\000z\000i\000a\000l\000e\000\040\000E\000l\000e\000t\000t\000r\000i\000c\000o}{section.1}% 28
\BOOKMARK [3][-]{subsubsection.1.13.1}{\376\377\000P\000o\000t\000e\000n\000z\000i\000a\000l\000e\000\040\000d\000i\000\040\000u\000n\000a\000\040\000p\000a\000r\000t\000i\000c\000e\000l\000l\000a\000\040\000d\000i\000\040\000p\000r\000o\000v\000a\000\040\000n\000e\000l\000\040\000c\000a\000m\000p\000o\000\040\000d\000i\000\040\000u\000n\000\040\000n\000u\000m\000e\000r\000o\000\040\000q\000u\000a\000l\000s\000i\000a\000s\000i\000\040\000d\000i\000\040\000c\000a\000r\000i\000c\000h\000e\000\040\000p\000u\000n\000t\000i\000f\000o\000r\000m\000i}{subsection.1.13}% 29
\BOOKMARK [3][-]{subsubsection.1.13.2}{\376\377\000D\000i\000s\000t\000r\000i\000b\000u\000z\000i\000o\000n\000e\000\040\000c\000o\000n\000t\000i\000n\000u\000a\000\040\000d\000i\000\040\000c\000a\000r\000i\000c\000a}{subsection.1.13}% 30
\BOOKMARK [3][-]{subsubsection.1.13.3}{\376\377\000D\000i\000p\000o\000l\000o\000\040\000e\000l\000e\000t\000t\000r\000i\000c\000o\000\040\000e\000\040\000p\000o\000t\000e\000n\000z\000i\000a\000l\000e\000\040\000e\000l\000e\000t\000t\000r\000i\000c\000o}{subsection.1.13}% 31
\BOOKMARK [3][-]{subsubsection.1.13.4}{\376\377\000E\000n\000e\000r\000g\000i\000a\000\040\000p\000o\000t\000e\000n\000z\000i\000a\000l\000e\000\040\000d\000i\000\040\000u\000n\000\040\000d\000i\000p\000o\000l\000o\000\040\000i\000n\000\040\000u\000n\000\040\000c\000a\000m\000p\000o\000\040\000e\000l\000e\000t\000t\000r\000i\000c\000o\000\040\000u\000n\000i\000f\000o\000r\000m\000e}{subsection.1.13}% 32
\BOOKMARK [3][-]{subsubsection.1.13.5}{\376\377\000P\000o\000t\000e\000n\000z\000i\000a\000l\000e\000\040\000d\000e\000l\000\040\000c\000a\000m\000p\000o\000\040\000g\000e\000n\000e\000r\000a\000t\000o\000\040\000d\000a\000\040\000u\000n\000a\000\040\000d\000i\000s\000t\000r\000i\000b\000u\000z\000i\000o\000n\000e\000\040\000l\000i\000n\000e\000a\000r\000e\000\040\000d\000i\000\040\000c\000a\000r\000i\000c\000a}{subsection.1.13}% 33
\BOOKMARK [3][-]{subsubsection.1.13.6}{\376\377\000R\000e\000l\000a\000z\000i\000o\000n\000e\000\040\000t\000r\000a\000\040\000c\000a\000m\000p\000o\000\040\000e\000\040\000p\000o\000t\000e\000n\000z\000i\000a\000l\000e\000\040\000e\000l\000e\000t\000t\000r\000i\000c\000o}{subsection.1.13}% 34
\BOOKMARK [2][-]{subsection.1.14}{\376\377\000E\000n\000e\000r\000g\000i\000a\000\040\000P\000o\000t\000e\000n\000z\000i\000a\000l\000e\000\040\000E\000l\000e\000t\000t\000r\000i\000c\000a}{section.1}% 35
\BOOKMARK [2][-]{subsection.1.15}{\376\377\000E\000n\000e\000r\000g\000i\000a\000\040\000E\000l\000e\000t\000t\000r\000o\000s\000t\000a\000t\000i\000c\000a}{section.1}% 36
\BOOKMARK [2][-]{subsection.1.16}{\376\377\000C\000o\000n\000d\000e\000n\000s\000a\000t\000o\000r\000i}{section.1}% 37
\BOOKMARK [1][-]{section.2}{\376\377\000E\000l\000e\000t\000t\000r\000o\000d\000i\000n\000a\000m\000i\000c\000a}{}% 38
\BOOKMARK [2][-]{subsection.2.1}{\376\377\000C\000o\000r\000r\000e\000n\000t\000e\000\040\000E\000l\000e\000t\000t\000r\000i\000c\000a}{section.2}% 39
\BOOKMARK [2][-]{subsection.2.2}{\376\377\000R\000e\000s\000i\000s\000t\000e\000n\000z\000a}{section.2}% 40
\BOOKMARK [2][-]{subsection.2.3}{\376\377\000F\000o\000r\000z\000a\000\040\000E\000l\000e\000t\000t\000r\000o\000m\000o\000t\000r\000i\000c\000e}{section.2}% 41
\BOOKMARK [2][-]{subsection.2.4}{\376\377\000E\000n\000e\000r\000g\000i\000a\000\040\000E\000l\000e\000t\000t\000r\000i\000c\000a\000\040\000e\000\040\000P\000o\000t\000e\000n\000z\000a}{section.2}% 42
\BOOKMARK [2][-]{subsection.2.5}{\376\377\000L\000e\000g\000g\000i\000\040\000d\000i\000\040\000K\000i\000r\000c\000h\000o\000f\000f}{section.2}% 43
\BOOKMARK [2][-]{subsection.2.6}{\376\377\000C\000i\000r\000c\000u\000i\000t\000i\000\040\000R\000C}{section.2}% 44
\BOOKMARK [1][-]{section.3}{\376\377\000M\000a\000g\000n\000e\000t\000o\000s\000t\000a\000t\000i\000c\000a}{}% 45
\BOOKMARK [2][-]{subsection.3.1}{\376\377\000C\000a\000m\000p\000o\000\040\000M\000a\000g\000n\000e\000t\000i\000c\000o}{section.3}% 46
\BOOKMARK [2][-]{subsection.3.2}{\376\377\000F\000o\000r\000z\000a\000\040\000d\000i\000\040\000L\000o\000r\000e\000n\000t\000z}{section.3}% 47
\BOOKMARK [2][-]{subsection.3.3}{\376\377\000M\000o\000t\000i\000\040\000d\000e\000l\000l\000a\000\040\000P\000a\000r\000t\000i\000c\000e\000l\000l\000a}{section.3}% 48
\BOOKMARK [2][-]{subsection.3.4}{\376\377\000C\000a\000m\000p\000o\000\040\000M\000a\000g\000n\000e\000t\000i\000c\000o\000\040\000e\000\040\000F\000i\000l\000i\000\040\000C\000o\000n\000d\000u\000t\000t\000o\000r\000i}{section.3}% 49
\BOOKMARK [2][-]{subsection.3.5}{\376\377\000M\000o\000m\000e\000n\000t\000o\000\040\000M\000a\000g\000n\000e\000t\000i\000c\000o}{section.3}% 50
\BOOKMARK [2][-]{subsection.3.6}{\376\377\000L\000e\000g\000g\000e\000\040\000d\000i\000\040\000B\000i\000o\000t\000-\000S\000a\000v\000a\000t\000\040\000e\000\040\000l\000e\000\040\000s\000u\000e\000\040\000A\000p\000p\000l\000i\000c\000a\000z\000i\000o\000n\000i}{section.3}% 51
\BOOKMARK [2][-]{subsection.3.7}{\376\377\000L\000e\000g\000g\000e\000\040\000d\000i\000\040\000A\000m\000p\000e\000r\000e}{section.3}% 52
\BOOKMARK [2][-]{subsection.3.8}{\376\377\000L\000e\000g\000g\000e\000\040\000d\000i\000\040\000A\000m\000p\000e\000r\000e\000-\000M\000a\000x\000w\000e\000l\000l}{section.3}% 53
\BOOKMARK [2][-]{subsection.3.9}{\376\377\000F\000l\000u\000s\000s\000o\000\040\000M\000a\000g\000n\000e\000t\000i\000c\000o}{section.3}% 54
\BOOKMARK [1][-]{section.4}{\376\377\000I\000n\000d\000u\000z\000i\000o\000n\000e\000\040\000E\000l\000e\000t\000t\000r\000o\000m\000a\000g\000n\000e\000t\000i\000c\000a}{}% 55
\BOOKMARK [2][-]{subsection.4.1}{\376\377\000L\000e\000g\000g\000e\000\040\000d\000i\000\040\000F\000a\000r\000a\000d\000a\000y\000-\000L\000e\000n\000z}{section.4}% 56
\BOOKMARK [2][-]{subsection.4.2}{\376\377\000A\000u\000t\000o\000i\000n\000d\000u\000z\000i\000o\000n\000e\000\040\000e\000\040\000c\000i\000r\000c\000u\000i\000t\000i\000\040\000L\000R}{section.4}% 57
\BOOKMARK [2][-]{subsection.4.3}{\376\377\000D\000e\000n\000s\000i\000t\000\340\000\040\000d\000i\000\040\000E\000n\000e\000r\000g\000i\000a\000\040\000M\000a\000g\000n\000e\000t\000i\000c\000a}{section.4}% 58
\BOOKMARK [2][-]{subsection.4.4}{\376\377\000M\000u\000t\000u\000a\000\040\000I\000n\000d\000u\000z\000i\000o\000n\000e\000\040\000e\000\040\000T\000r\000a\000s\000f\000o\000r\000m\000a\000t\000o\000r\000i}{section.4}% 59
\BOOKMARK [2][-]{subsection.4.5}{\376\377\000C\000i\000r\000c\000u\000i\000t\000i\000\040\000L\000C}{section.4}% 60
\BOOKMARK [1][-]{section.5}{\376\377\000O\000n\000d\000e\000\040\000E\000l\000e\000t\000t\000r\000o\000m\000a\000g\000n\000e\000t\000i\000c\000h\000e}{}% 61
\BOOKMARK [2][-]{subsection.5.1}{\376\377\000E\000q\000u\000a\000z\000i\000o\000n\000i\000\040\000d\000i\000\040\000M\000a\000x\000w\000e\000l\000l}{section.5}% 62
\BOOKMARK [2][-]{subsection.5.2}{\376\377\000O\000n\000d\000e\000\040\000A\000r\000m\000o\000n\000i\000c\000h\000e}{section.5}% 63
\BOOKMARK [2][-]{subsection.5.3}{\376\377\000O\000n\000d\000e\000\040\000E\000l\000e\000t\000t\000r\000o\000m\000a\000g\000n\000e\000t\000i\000c\000h\000e}{section.5}% 64
